{"timestamp":"2026-06-16T08:39:53.097898Z","level":"info","event":"DAG bundles loaded: dags-folder","logger":"airflow.dag_processing.bundles.manager.DagBundlesManager","filename":"manager.py","lineno":209}
{"timestamp":"2026-06-16T08:39:53.101864Z","level":"info","event":"Filling up the DagBag from /opt/airflow/dags/oracle_dlt_dbt_dag.py","logger":"airflow.dag_processing.dagbag.BundleDagBag","filename":"dagbag.py","lineno":469}
{"timestamp":"2026-06-16T08:39:53.806891Z","level":"info","event":"[DBT] Running: dbt run --project-dir /opt/airflow/dbt_project --profiles-dir /opt/airflow/dbt_project --select staging --no-version-check --no-partial-parse","logger":"task.stdout"}
{"timestamp":"2026-06-16T08:40:03.949909Z","level":"info","event":"\u001b[0m08:39:56  Running with dbt=1.11.11","logger":"task.stdout"}
{"timestamp":"2026-06-16T08:40:03.950925Z","level":"info","event":"\u001b[0m08:39:57  Registered adapter: postgres=1.10.0","logger":"task.stdout"}
{"timestamp":"2026-06-16T08:40:03.951624Z","level":"info","event":"\u001b[0m08:39:59  [\u001b[33mWARNING\u001b[0m][MissingArgumentsPropertyInGenericTestDeprecation]: Deprecated","logger":"task.stdout"}
{"timestamp":"2026-06-16T08:40:03.952575Z","level":"info","event":"functionality","logger":"task.stdout"}
{"timestamp":"2026-06-16T08:40:03.953493Z","level":"info","event":"Found top-level arguments to test `accepted_values` defined on 'fct_orders' in","logger":"task.stdout"}
{"timestamp":"2026-06-16T08:40:03.954117Z","level":"info","event":"package 'oracle_warehouse' (models/marts/schema.yml). Arguments to generic tests","logger":"task.stdout"}
{"timestamp":"2026-06-16T08:40:03.954820Z","level":"info","event":"should be nested under the `arguments` property.","logger":"task.stdout"}
{"timestamp":"2026-06-16T08:40:03.955603Z","level":"info","event":"\u001b[0m08:40:00  Found 4 models, 15 data tests, 2 sources, 475 macros","logger":"task.stdout"}
{"timestamp":"2026-06-16T08:40:03.956689Z","level":"info","event":"\u001b[0m08:40:00","logger":"task.stdout"}
{"timestamp":"2026-06-16T08:40:03.957603Z","level":"info","event":"\u001b[0m08:40:00  Concurrency: 4 threads (target='prod')","logger":"task.stdout"}
{"timestamp":"2026-06-16T08:40:03.958169Z","level":"info","event":"\u001b[0m08:40:00","logger":"task.stdout"}
{"timestamp":"2026-06-16T08:40:03.958804Z","level":"info","event":"\u001b[0m08:40:00  2 of 2 START sql view model marts_marts.stg_orders ............................. [RUN]","logger":"task.stdout"}
{"timestamp":"2026-06-16T08:40:03.959638Z","level":"info","event":"\u001b[0m08:40:00  1 of 2 START sql view model marts_marts.stg_customers .......................... [RUN]","logger":"task.stdout"}
{"timestamp":"2026-06-16T08:40:03.960441Z","level":"info","event":"\u001b[0m08:40:01  2 of 2 OK created sql view model marts_marts.stg_orders ........................ [\u001b[32mCREATE VIEW\u001b[0m in 0.59s]","logger":"task.stdout"}
{"timestamp":"2026-06-16T08:40:03.961430Z","level":"info","event":"\u001b[0m08:40:01  1 of 2 OK created sql view model marts_marts.stg_customers ..................... [\u001b[32mCREATE VIEW\u001b[0m in 0.63s]","logger":"task.stdout"}
{"timestamp":"2026-06-16T08:40:03.962185Z","level":"info","event":"\u001b[0m08:40:01","logger":"task.stdout"}
{"timestamp":"2026-06-16T08:40:03.963514Z","level":"info","event":"\u001b[0m08:40:01  Finished running 2 view models in 0 hours 0 minutes and 1.33 seconds (1.33s).","logger":"task.stdout"}
{"timestamp":"2026-06-16T08:40:03.964389Z","level":"info","event":"\u001b[0m08:40:01","logger":"task.stdout"}
{"timestamp":"2026-06-16T08:40:03.965258Z","level":"info","event":"\u001b[0m08:40:01  \u001b[32mCompleted successfully\u001b[0m","logger":"task.stdout"}
{"timestamp":"2026-06-16T08:40:03.965922Z","level":"info","event":"\u001b[0m08:40:01","logger":"task.stdout"}
{"timestamp":"2026-06-16T08:40:03.966615Z","level":"info","event":"\u001b[0m08:40:01  Done. PASS=2 WARN=0 ERROR=0 SKIP=0 NO-OP=0 TOTAL=2","logger":"task.stdout"}
{"timestamp":"2026-06-16T08:40:03.967411Z","level":"info","event":"\u001b[0m08:40:01  [\u001b[33mWARNING\u001b[0m][DeprecationsSummary]: Deprecated functionality","logger":"task.stdout"}
{"timestamp":"2026-06-16T08:40:03.968358Z","level":"info","event":"Summary of encountered deprecations:","logger":"task.stdout"}
{"timestamp":"2026-06-16T08:40:03.969374Z","level":"info","event":"- MissingArgumentsPropertyInGenericTestDeprecation: 2 occurrences","logger":"task.stdout"}
{"timestamp":"2026-06-16T08:40:03.970293Z","level":"info","event":"To see all deprecation instances instead of just the first occurrence of each,","logger":"task.stdout"}
{"timestamp":"2026-06-16T08:40:03.971304Z","level":"info","event":"run command again with the `--show-all-deprecations` flag. You may also need to","logger":"task.stdout"}
{"timestamp":"2026-06-16T08:40:03.972396Z","level":"info","event":"run with `--no-partial-parse` as some deprecations are only encountered during","logger":"task.stdout"}
{"timestamp":"2026-06-16T08:40:03.974781Z","level":"info","event":"parsing.","logger":"task.stdout"}
{"timestamp":"2026-06-16T08:40:03.975922Z","level":"info","event":"","logger":"task.stdout"}
{"timestamp":"2026-06-16T08:40:03.949777Z","level":"info","event":"Done. Returned value was: {'selector': 'staging', 'returncode': 0}","logger":"airflow.task.operators.airflow.providers.standard.operators.python.PythonOperator","filename":"python.py","lineno":229}
{"timestamp":"2026-06-16T08:40:03.950288Z","level":"info","event":"Pushing xcom","ti":"RuntimeTaskInstance(id=UUID('019ecf92-2c1b-7b37-89f5-f64ad43b0926'), task_id='dbt_build_staging_views', dag_id='oracle_dlt_dbt_warehouse', run_id='scheduled__2026-06-16T00:00:00+00:00', try_number=2, dag_version_id=UUID('019e4688-5a96-7d7c-8848-7a7d95bb7aea'), map_index=-1, hostname='airflow_webserver', context_carrier={'traceparent': '00-5435d10315fa1cea3356e3d151a9731e-81c05a281e375d5b-01'}, task=<Task(PythonOperator): dbt_build_staging_views>, bundle_instance=LocalDagBundle(name=dags-folder), max_tries=1, start_date=datetime.datetime(2026, 6, 16, 8, 39, 53, 31189, tzinfo=datetime.timezone.utc), end_date=None, state=<TaskInstanceState.RUNNING: 'running'>, is_mapped=False, rendered_map_index=None, sentry_integration='')","logger":"task","filename":"task_runner.py","lineno":1724}
