{"timestamp":"2026-06-16T08:05:08.498765Z","level":"info","event":"DAG bundles loaded: dags-folder","logger":"airflow.dag_processing.bundles.manager.DagBundlesManager","filename":"manager.py","lineno":209}
{"timestamp":"2026-06-16T08:05:08.503887Z","level":"info","event":"Filling up the DagBag from /opt/airflow/dags/oracle_dlt_dbt_dag.py","logger":"airflow.dag_processing.dagbag.BundleDagBag","filename":"dagbag.py","lineno":469}
{"timestamp":"2026-06-16T08:05:09.184572Z","level":"info","event":"[DBT] Running: dbt run --project-dir /opt/airflow/dbt_project --profiles-dir /opt/airflow/dbt_project --select staging --no-version-check --no-partial-parse","logger":"task.stdout"}
{"timestamp":"2026-06-16T08:05:21.233396Z","level":"info","event":"\u001b[0m08:05:12  Running with dbt=1.11.11","logger":"task.stdout"}
{"timestamp":"2026-06-16T08:05:21.234982Z","level":"info","event":"\u001b[0m08:05:13  Registered adapter: postgres=1.10.0","logger":"task.stdout"}
{"timestamp":"2026-06-16T08:05:21.235933Z","level":"info","event":"\u001b[0m08:05:16  [\u001b[33mWARNING\u001b[0m][MissingArgumentsPropertyInGenericTestDeprecation]: Deprecated","logger":"task.stdout"}
{"timestamp":"2026-06-16T08:05:21.237337Z","level":"info","event":"functionality","logger":"task.stdout"}
{"timestamp":"2026-06-16T08:05:21.238264Z","level":"info","event":"Found top-level arguments to test `accepted_values` defined on 'fct_orders' in","logger":"task.stdout"}
{"timestamp":"2026-06-16T08:05:21.239646Z","level":"info","event":"package 'oracle_warehouse' (models/marts/schema.yml). Arguments to generic tests","logger":"task.stdout"}
{"timestamp":"2026-06-16T08:05:21.240725Z","level":"info","event":"should be nested under the `arguments` property.","logger":"task.stdout"}
{"timestamp":"2026-06-16T08:05:21.242572Z","level":"info","event":"\u001b[0m08:05:16  Found 4 models, 15 data tests, 2 sources, 475 macros","logger":"task.stdout"}
{"timestamp":"2026-06-16T08:05:21.244030Z","level":"info","event":"\u001b[0m08:05:16","logger":"task.stdout"}
{"timestamp":"2026-06-16T08:05:21.249043Z","level":"info","event":"\u001b[0m08:05:16  Concurrency: 4 threads (target='prod')","logger":"task.stdout"}
{"timestamp":"2026-06-16T08:05:21.250454Z","level":"info","event":"\u001b[0m08:05:16","logger":"task.stdout"}
{"timestamp":"2026-06-16T08:05:21.251847Z","level":"info","event":"\u001b[0m08:05:17  1 of 2 START sql view model marts_marts.stg_customers .......................... [RUN]","logger":"task.stdout"}
{"timestamp":"2026-06-16T08:05:21.252964Z","level":"info","event":"\u001b[0m08:05:17  2 of 2 START sql view model marts_marts.stg_orders ............................. [RUN]","logger":"task.stdout"}
{"timestamp":"2026-06-16T08:05:21.254062Z","level":"info","event":"\u001b[0m08:05:18  1 of 2 OK created sql view model marts_marts.stg_customers ..................... [\u001b[32mCREATE VIEW\u001b[0m in 0.87s]","logger":"task.stdout"}
{"timestamp":"2026-06-16T08:05:21.255663Z","level":"info","event":"\u001b[0m08:05:18  2 of 2 OK created sql view model marts_marts.stg_orders ........................ [\u001b[32mCREATE VIEW\u001b[0m in 0.89s]","logger":"task.stdout"}
{"timestamp":"2026-06-16T08:05:21.257050Z","level":"info","event":"\u001b[0m08:05:18","logger":"task.stdout"}
{"timestamp":"2026-06-16T08:05:21.258198Z","level":"info","event":"\u001b[0m08:05:18  Finished running 2 view models in 0 hours 0 minutes and 1.87 seconds (1.87s).","logger":"task.stdout"}
{"timestamp":"2026-06-16T08:05:21.259842Z","level":"info","event":"\u001b[0m08:05:18","logger":"task.stdout"}
{"timestamp":"2026-06-16T08:05:21.261250Z","level":"info","event":"\u001b[0m08:05:18  \u001b[32mCompleted successfully\u001b[0m","logger":"task.stdout"}
{"timestamp":"2026-06-16T08:05:21.262474Z","level":"info","event":"\u001b[0m08:05:18","logger":"task.stdout"}
{"timestamp":"2026-06-16T08:05:21.263873Z","level":"info","event":"\u001b[0m08:05:18  Done. PASS=2 WARN=0 ERROR=0 SKIP=0 NO-OP=0 TOTAL=2","logger":"task.stdout"}
{"timestamp":"2026-06-16T08:05:21.265219Z","level":"info","event":"\u001b[0m08:05:18  [\u001b[33mWARNING\u001b[0m][DeprecationsSummary]: Deprecated functionality","logger":"task.stdout"}
{"timestamp":"2026-06-16T08:05:21.266764Z","level":"info","event":"Summary of encountered deprecations:","logger":"task.stdout"}
{"timestamp":"2026-06-16T08:05:21.268018Z","level":"info","event":"- MissingArgumentsPropertyInGenericTestDeprecation: 2 occurrences","logger":"task.stdout"}
{"timestamp":"2026-06-16T08:05:21.269265Z","level":"info","event":"To see all deprecation instances instead of just the first occurrence of each,","logger":"task.stdout"}
{"timestamp":"2026-06-16T08:05:21.270371Z","level":"info","event":"run command again with the `--show-all-deprecations` flag. You may also need to","logger":"task.stdout"}
{"timestamp":"2026-06-16T08:05:21.271649Z","level":"info","event":"run with `--no-partial-parse` as some deprecations are only encountered during","logger":"task.stdout"}
{"timestamp":"2026-06-16T08:05:21.272793Z","level":"info","event":"parsing.","logger":"task.stdout"}
{"timestamp":"2026-06-16T08:05:21.273811Z","level":"info","event":"","logger":"task.stdout"}
{"timestamp":"2026-06-16T08:05:21.233286Z","level":"info","event":"Done. Returned value was: {'selector': 'staging', 'returncode': 0}","logger":"airflow.task.operators.airflow.providers.standard.operators.python.PythonOperator","filename":"python.py","lineno":229}
{"timestamp":"2026-06-16T08:05:21.233575Z","level":"info","event":"Pushing xcom","ti":"RuntimeTaskInstance(id=UUID('019ecf71-89c9-78de-8707-fdd3fb769088'), task_id='dbt_build_staging_views', dag_id='oracle_dlt_dbt_warehouse', run_id='scheduled__2026-06-16T00:00:00+00:00', try_number=1, dag_version_id=UUID('019e4688-5a96-7d7c-8848-7a7d95bb7aea'), map_index=-1, hostname='airflow_webserver', context_carrier={'traceparent': '00-09c52db9c6faf697262d6ea511aa6df8-a8c3797e7de089b1-01'}, task=<Task(PythonOperator): dbt_build_staging_views>, bundle_instance=LocalDagBundle(name=dags-folder), max_tries=0, start_date=datetime.datetime(2026, 6, 16, 8, 5, 8, 434861, tzinfo=datetime.timezone.utc), end_date=None, state=<TaskInstanceState.RUNNING: 'running'>, is_mapped=False, rendered_map_index=None, sentry_integration='')","logger":"task","filename":"task_runner.py","lineno":1724}
