{"timestamp":"2026-07-08T10:54:10.139903Z","level":"info","event":"DAG bundles loaded: dags-folder","logger":"airflow.dag_processing.bundles.manager.DagBundlesManager","filename":"manager.py","lineno":209}
{"timestamp":"2026-07-08T10:54:10.142430Z","level":"info","event":"Filling up the DagBag from /opt/airflow/dags/factory.py","logger":"airflow.dag_processing.dagbag.BundleDagBag","filename":"dagbag.py","lineno":469}
{"timestamp":"2026-07-08T10:54:10.256886Z","level":"warning","event":"The `airflow.decorators.dag` attribute is deprecated. Please use `'airflow.sdk.dag'`.","category":"UserWarning","filename":"/opt/airflow/dags/factory.py","lineno":4,"logger":"py.warnings"}
{"timestamp":"2026-07-08T10:54:17.259973Z","level":"info","event":"\u001b[0m10:54:11  Running with dbt=1.11.12","logger":"task.stdout"}
{"timestamp":"2026-07-08T10:54:17.260839Z","level":"info","event":"\u001b[0m10:54:11  Registered adapter: postgres=1.10.2","logger":"task.stdout"}
{"timestamp":"2026-07-08T10:54:17.261401Z","level":"info","event":"\u001b[0m10:54:13  Found 5 models, 4 sources, 475 macros","logger":"task.stdout"}
{"timestamp":"2026-07-08T10:54:17.261770Z","level":"info","event":"\u001b[0m10:54:13","logger":"task.stdout"}
{"timestamp":"2026-07-08T10:54:17.262549Z","level":"info","event":"\u001b[0m10:54:13  Concurrency: 4 threads (target='prod')","logger":"task.stdout"}
{"timestamp":"2026-07-08T10:54:17.263340Z","level":"info","event":"\u001b[0m10:54:13","logger":"task.stdout"}
{"timestamp":"2026-07-08T10:54:17.263919Z","level":"info","event":"\u001b[0m10:54:13  3 of 5 START sql view model marts_staging.stg_orders ........................... [RUN]","logger":"task.stdout"}
{"timestamp":"2026-07-08T10:54:17.264513Z","level":"info","event":"\u001b[0m10:54:13  2 of 5 START sql view model marts_staging.stg_customers ........................ [RUN]","logger":"task.stdout"}
{"timestamp":"2026-07-08T10:54:17.264904Z","level":"info","event":"\u001b[0m10:54:13  1 of 5 START sql view model marts_staging.stg_branches ......................... [RUN]","logger":"task.stdout"}
{"timestamp":"2026-07-08T10:54:17.265212Z","level":"info","event":"\u001b[0m10:54:13  4 of 5 START sql view model marts_staging.stg_products ......................... [RUN]","logger":"task.stdout"}
{"timestamp":"2026-07-08T10:54:17.265668Z","level":"info","event":"\u001b[0m10:54:13  2 of 5 OK created sql view model marts_staging.stg_customers ................... [\u001b[32mCREATE VIEW\u001b[0m in 0.26s]","logger":"task.stdout"}
{"timestamp":"2026-07-08T10:54:17.266173Z","level":"info","event":"\u001b[0m10:54:13  1 of 5 OK created sql view model marts_staging.stg_branches .................... [\u001b[32mCREATE VIEW\u001b[0m in 0.27s]","logger":"task.stdout"}
{"timestamp":"2026-07-08T10:54:17.266759Z","level":"info","event":"\u001b[0m10:54:13  3 of 5 OK created sql view model marts_staging.stg_orders ...................... [\u001b[32mCREATE VIEW\u001b[0m in 0.28s]","logger":"task.stdout"}
{"timestamp":"2026-07-08T10:54:17.267352Z","level":"info","event":"\u001b[0m10:54:13  5 of 5 START sql incremental model marts_marts.fct_client_b .................... [RUN]","logger":"task.stdout"}
{"timestamp":"2026-07-08T10:54:17.267788Z","level":"info","event":"\u001b[0m10:54:13  4 of 5 OK created sql view model marts_staging.stg_products .................... [\u001b[32mCREATE VIEW\u001b[0m in 0.28s]","logger":"task.stdout"}
{"timestamp":"2026-07-08T10:54:17.268315Z","level":"info","event":"\u001b[0m10:54:15  5 of 5 OK created sql incremental model marts_marts.fct_client_b ............... [\u001b[32mINSERT 0 0\u001b[0m in 1.75s]","logger":"task.stdout"}
{"timestamp":"2026-07-08T10:54:17.268865Z","level":"info","event":"\u001b[0m10:54:15","logger":"task.stdout"}
{"timestamp":"2026-07-08T10:54:17.269394Z","level":"info","event":"\u001b[0m10:54:15  Finished running 1 incremental model, 4 view models in 0 hours 0 minutes and 2.50 seconds (2.50s).","logger":"task.stdout"}
{"timestamp":"2026-07-08T10:54:17.269832Z","level":"info","event":"\u001b[0m10:54:15","logger":"task.stdout"}
{"timestamp":"2026-07-08T10:54:17.270729Z","level":"info","event":"\u001b[0m10:54:15  \u001b[32mCompleted successfully\u001b[0m","logger":"task.stdout"}
{"timestamp":"2026-07-08T10:54:17.271638Z","level":"info","event":"\u001b[0m10:54:15","logger":"task.stdout"}
{"timestamp":"2026-07-08T10:54:17.272236Z","level":"info","event":"\u001b[0m10:54:15  Done. PASS=5 WARN=0 ERROR=0 SKIP=0 NO-OP=0 TOTAL=5","logger":"task.stdout"}
{"timestamp":"2026-07-08T10:54:17.272763Z","level":"info","event":"","logger":"task.stdout"}
{"timestamp":"2026-07-08T10:54:17.259892Z","level":"info","event":"Done. Returned value was: None","logger":"airflow.task.operators.airflow.providers.standard.operators.python.PythonOperator","filename":"python.py","lineno":229}
