{"timestamp":"2026-06-16T08:05:22.666163Z","level":"info","event":"DAG bundles loaded: dags-folder","logger":"airflow.dag_processing.bundles.manager.DagBundlesManager","filename":"manager.py","lineno":209}
{"timestamp":"2026-06-16T08:05:22.672793Z","level":"info","event":"Filling up the DagBag from /opt/airflow/dags/oracle_dlt_dbt_dag.py","logger":"airflow.dag_processing.dagbag.BundleDagBag","filename":"dagbag.py","lineno":469}
{"timestamp":"2026-06-16T08:05:23.462216Z","level":"info","event":"[DBT] Running: dbt run --project-dir /opt/airflow/dbt_project --profiles-dir /opt/airflow/dbt_project --select marts --no-version-check --no-partial-parse","logger":"task.stdout"}
{"timestamp":"2026-06-16T08:05:51.054153Z","level":"info","event":"\u001b[0m08:05:26  Running with dbt=1.11.11","logger":"task.stdout"}
{"timestamp":"2026-06-16T08:05:51.055026Z","level":"info","event":"\u001b[0m08:05:26  Registered adapter: postgres=1.10.0","logger":"task.stdout"}
{"timestamp":"2026-06-16T08:05:51.055704Z","level":"info","event":"\u001b[0m08:05:29  [\u001b[33mWARNING\u001b[0m][MissingArgumentsPropertyInGenericTestDeprecation]: Deprecated","logger":"task.stdout"}
{"timestamp":"2026-06-16T08:05:51.056313Z","level":"info","event":"functionality","logger":"task.stdout"}
{"timestamp":"2026-06-16T08:05:51.056948Z","level":"info","event":"Found top-level arguments to test `accepted_values` defined on 'fct_orders' in","logger":"task.stdout"}
{"timestamp":"2026-06-16T08:05:51.057534Z","level":"info","event":"package 'oracle_warehouse' (models/marts/schema.yml). Arguments to generic tests","logger":"task.stdout"}
{"timestamp":"2026-06-16T08:05:51.058180Z","level":"info","event":"should be nested under the `arguments` property.","logger":"task.stdout"}
{"timestamp":"2026-06-16T08:05:51.058703Z","level":"info","event":"\u001b[0m08:05:30  Found 4 models, 15 data tests, 2 sources, 475 macros","logger":"task.stdout"}
{"timestamp":"2026-06-16T08:05:51.059153Z","level":"info","event":"\u001b[0m08:05:30","logger":"task.stdout"}
{"timestamp":"2026-06-16T08:05:51.059614Z","level":"info","event":"\u001b[0m08:05:30  Concurrency: 4 threads (target='prod')","logger":"task.stdout"}
{"timestamp":"2026-06-16T08:05:51.060074Z","level":"info","event":"\u001b[0m08:05:30","logger":"task.stdout"}
{"timestamp":"2026-06-16T08:05:51.060520Z","level":"info","event":"\u001b[0m08:05:30  2 of 2 START sql incremental model marts_marts.fct_orders ...................... [RUN]","logger":"task.stdout"}
{"timestamp":"2026-06-16T08:05:51.061074Z","level":"info","event":"\u001b[0m08:05:30  1 of 2 START sql incremental model marts_marts.delta_report .................... [RUN]","logger":"task.stdout"}
{"timestamp":"2026-06-16T08:05:51.061610Z","level":"info","event":"\u001b[0m08:05:45  1 of 2 OK created sql incremental model marts_marts.delta_report ............... [\u001b[32mINSERT 0 7\u001b[0m in 14.52s]","logger":"task.stdout"}
{"timestamp":"2026-06-16T08:05:51.062531Z","level":"info","event":"\u001b[0m08:05:48  2 of 2 OK created sql incremental model marts_marts.fct_orders ................. [\u001b[32mINSERT 0 7\u001b[0m in 18.09s]","logger":"task.stdout"}
{"timestamp":"2026-06-16T08:05:51.063530Z","level":"info","event":"\u001b[0m08:05:48","logger":"task.stdout"}
{"timestamp":"2026-06-16T08:05:51.064279Z","level":"info","event":"\u001b[0m08:05:48  Finished running 2 incremental models in 0 hours 0 minutes and 18.78 seconds (18.78s).","logger":"task.stdout"}
{"timestamp":"2026-06-16T08:05:51.065040Z","level":"info","event":"\u001b[0m08:05:49","logger":"task.stdout"}
{"timestamp":"2026-06-16T08:05:51.066334Z","level":"info","event":"\u001b[0m08:05:49  \u001b[32mCompleted successfully\u001b[0m","logger":"task.stdout"}
{"timestamp":"2026-06-16T08:05:51.067237Z","level":"info","event":"\u001b[0m08:05:49","logger":"task.stdout"}
{"timestamp":"2026-06-16T08:05:51.068248Z","level":"info","event":"\u001b[0m08:05:49  Done. PASS=2 WARN=0 ERROR=0 SKIP=0 NO-OP=0 TOTAL=2","logger":"task.stdout"}
{"timestamp":"2026-06-16T08:05:51.068938Z","level":"info","event":"\u001b[0m08:05:49  [\u001b[33mWARNING\u001b[0m][DeprecationsSummary]: Deprecated functionality","logger":"task.stdout"}
{"timestamp":"2026-06-16T08:05:51.069967Z","level":"info","event":"Summary of encountered deprecations:","logger":"task.stdout"}
{"timestamp":"2026-06-16T08:05:51.070981Z","level":"info","event":"- MissingArgumentsPropertyInGenericTestDeprecation: 2 occurrences","logger":"task.stdout"}
{"timestamp":"2026-06-16T08:05:51.071790Z","level":"info","event":"To see all deprecation instances instead of just the first occurrence of each,","logger":"task.stdout"}
{"timestamp":"2026-06-16T08:05:51.072506Z","level":"info","event":"run command again with the `--show-all-deprecations` flag. You may also need to","logger":"task.stdout"}
{"timestamp":"2026-06-16T08:05:51.073629Z","level":"info","event":"run with `--no-partial-parse` as some deprecations are only encountered during","logger":"task.stdout"}
{"timestamp":"2026-06-16T08:05:51.074624Z","level":"info","event":"parsing.","logger":"task.stdout"}
{"timestamp":"2026-06-16T08:05:51.075124Z","level":"info","event":"","logger":"task.stdout"}
{"timestamp":"2026-06-16T08:05:51.054172Z","level":"info","event":"Done. Returned value was: {'selector': 'marts', 'returncode': 0}","logger":"airflow.task.operators.airflow.providers.standard.operators.python.PythonOperator","filename":"python.py","lineno":229}
{"timestamp":"2026-06-16T08:05:51.054529Z","level":"info","event":"Pushing xcom","ti":"RuntimeTaskInstance(id=UUID('019ecf71-89ec-754d-ae73-1c8091aa3049'), task_id='dbt_build_marts_incremental', dag_id='oracle_dlt_dbt_warehouse', run_id='scheduled__2026-06-16T00:00:00+00:00', try_number=1, dag_version_id=UUID('019e4688-5a96-7d7c-8848-7a7d95bb7aea'), map_index=-1, hostname='airflow_webserver', context_carrier={'traceparent': '00-09c52db9c6faf697262d6ea511aa6df8-a8c3797e7de089b1-01'}, task=<Task(PythonOperator): dbt_build_marts_incremental>, bundle_instance=LocalDagBundle(name=dags-folder), max_tries=0, start_date=datetime.datetime(2026, 6, 16, 8, 5, 22, 573718, tzinfo=datetime.timezone.utc), end_date=None, state=<TaskInstanceState.RUNNING: 'running'>, is_mapped=False, rendered_map_index=None, sentry_integration='')","logger":"task","filename":"task_runner.py","lineno":1724}
