{"timestamp":"2026-06-16T08:40:05.166697Z","level":"info","event":"DAG bundles loaded: dags-folder","logger":"airflow.dag_processing.bundles.manager.DagBundlesManager","filename":"manager.py","lineno":209}
{"timestamp":"2026-06-16T08:40:05.170157Z","level":"info","event":"Filling up the DagBag from /opt/airflow/dags/oracle_dlt_dbt_dag.py","logger":"airflow.dag_processing.dagbag.BundleDagBag","filename":"dagbag.py","lineno":469}
{"timestamp":"2026-06-16T08:40:06.075423Z","level":"info","event":"[DBT] Running: dbt run --project-dir /opt/airflow/dbt_project --profiles-dir /opt/airflow/dbt_project --select marts --no-version-check --no-partial-parse","logger":"task.stdout"}
{"timestamp":"2026-06-16T08:40:16.804672Z","level":"info","event":"\u001b[0m08:40:08  Running with dbt=1.11.11","logger":"task.stdout"}
{"timestamp":"2026-06-16T08:40:16.808783Z","level":"info","event":"\u001b[0m08:40:09  Registered adapter: postgres=1.10.0","logger":"task.stdout"}
{"timestamp":"2026-06-16T08:40:16.809707Z","level":"info","event":"\u001b[0m08:40:11  [\u001b[33mWARNING\u001b[0m][MissingArgumentsPropertyInGenericTestDeprecation]: Deprecated","logger":"task.stdout"}
{"timestamp":"2026-06-16T08:40:16.810657Z","level":"info","event":"functionality","logger":"task.stdout"}
{"timestamp":"2026-06-16T08:40:16.811690Z","level":"info","event":"Found top-level arguments to test `accepted_values` defined on 'fct_orders' in","logger":"task.stdout"}
{"timestamp":"2026-06-16T08:40:16.812659Z","level":"info","event":"package 'oracle_warehouse' (models/marts/schema.yml). Arguments to generic tests","logger":"task.stdout"}
{"timestamp":"2026-06-16T08:40:16.813766Z","level":"info","event":"should be nested under the `arguments` property.","logger":"task.stdout"}
{"timestamp":"2026-06-16T08:40:16.814534Z","level":"info","event":"\u001b[0m08:40:11  Found 4 models, 15 data tests, 2 sources, 475 macros","logger":"task.stdout"}
{"timestamp":"2026-06-16T08:40:16.815510Z","level":"info","event":"\u001b[0m08:40:11","logger":"task.stdout"}
{"timestamp":"2026-06-16T08:40:16.816556Z","level":"info","event":"\u001b[0m08:40:11  Concurrency: 4 threads (target='prod')","logger":"task.stdout"}
{"timestamp":"2026-06-16T08:40:16.817617Z","level":"info","event":"\u001b[0m08:40:11","logger":"task.stdout"}
{"timestamp":"2026-06-16T08:40:16.819133Z","level":"info","event":"\u001b[0m08:40:12  1 of 2 START sql incremental model marts_marts.delta_report .................... [RUN]","logger":"task.stdout"}
{"timestamp":"2026-06-16T08:40:16.820313Z","level":"info","event":"\u001b[0m08:40:12  2 of 2 START sql incremental model marts_marts.fct_orders ...................... [RUN]","logger":"task.stdout"}
{"timestamp":"2026-06-16T08:40:16.821513Z","level":"info","event":"\u001b[0m08:40:14  2 of 2 OK created sql incremental model marts_marts.fct_orders ................. [\u001b[32mINSERT 0 0\u001b[0m in 2.09s]","logger":"task.stdout"}
{"timestamp":"2026-06-16T08:40:16.822852Z","level":"info","event":"\u001b[0m08:40:14  1 of 2 OK created sql incremental model marts_marts.delta_report ............... [\u001b[32mINSERT 0 0\u001b[0m in 2.10s]","logger":"task.stdout"}
{"timestamp":"2026-06-16T08:40:16.824007Z","level":"info","event":"\u001b[0m08:40:14","logger":"task.stdout"}
{"timestamp":"2026-06-16T08:40:16.824936Z","level":"info","event":"\u001b[0m08:40:14  Finished running 2 incremental models in 0 hours 0 minutes and 2.86 seconds (2.86s).","logger":"task.stdout"}
{"timestamp":"2026-06-16T08:40:16.825955Z","level":"info","event":"\u001b[0m08:40:14","logger":"task.stdout"}
{"timestamp":"2026-06-16T08:40:16.826930Z","level":"info","event":"\u001b[0m08:40:14  \u001b[32mCompleted successfully\u001b[0m","logger":"task.stdout"}
{"timestamp":"2026-06-16T08:40:16.828142Z","level":"info","event":"\u001b[0m08:40:14","logger":"task.stdout"}
{"timestamp":"2026-06-16T08:40:16.829452Z","level":"info","event":"\u001b[0m08:40:14  Done. PASS=2 WARN=0 ERROR=0 SKIP=0 NO-OP=0 TOTAL=2","logger":"task.stdout"}
{"timestamp":"2026-06-16T08:40:16.830840Z","level":"info","event":"\u001b[0m08:40:14  [\u001b[33mWARNING\u001b[0m][DeprecationsSummary]: Deprecated functionality","logger":"task.stdout"}
{"timestamp":"2026-06-16T08:40:16.832194Z","level":"info","event":"Summary of encountered deprecations:","logger":"task.stdout"}
{"timestamp":"2026-06-16T08:40:16.833351Z","level":"info","event":"- MissingArgumentsPropertyInGenericTestDeprecation: 2 occurrences","logger":"task.stdout"}
{"timestamp":"2026-06-16T08:40:16.834849Z","level":"info","event":"To see all deprecation instances instead of just the first occurrence of each,","logger":"task.stdout"}
{"timestamp":"2026-06-16T08:40:16.835756Z","level":"info","event":"run command again with the `--show-all-deprecations` flag. You may also need to","logger":"task.stdout"}
{"timestamp":"2026-06-16T08:40:16.836876Z","level":"info","event":"run with `--no-partial-parse` as some deprecations are only encountered during","logger":"task.stdout"}
{"timestamp":"2026-06-16T08:40:16.837920Z","level":"info","event":"parsing.","logger":"task.stdout"}
{"timestamp":"2026-06-16T08:40:16.839407Z","level":"info","event":"","logger":"task.stdout"}
{"timestamp":"2026-06-16T08:40:16.804801Z","level":"info","event":"Done. Returned value was: {'selector': 'marts', 'returncode': 0}","logger":"airflow.task.operators.airflow.providers.standard.operators.python.PythonOperator","filename":"python.py","lineno":229}
{"timestamp":"2026-06-16T08:40:16.805238Z","level":"info","event":"Pushing xcom","ti":"RuntimeTaskInstance(id=UUID('019ecf92-2c35-7262-8206-fd18dec62124'), task_id='dbt_build_marts_incremental', dag_id='oracle_dlt_dbt_warehouse', run_id='scheduled__2026-06-16T00:00:00+00:00', try_number=2, dag_version_id=UUID('019e4688-5a96-7d7c-8848-7a7d95bb7aea'), map_index=-1, hostname='airflow_webserver', context_carrier={'traceparent': '00-5435d10315fa1cea3356e3d151a9731e-81c05a281e375d5b-01'}, task=<Task(PythonOperator): dbt_build_marts_incremental>, bundle_instance=LocalDagBundle(name=dags-folder), max_tries=1, start_date=datetime.datetime(2026, 6, 16, 8, 40, 5, 117814, tzinfo=datetime.timezone.utc), end_date=None, state=<TaskInstanceState.RUNNING: 'running'>, is_mapped=False, rendered_map_index=None, sentry_integration='')","logger":"task","filename":"task_runner.py","lineno":1724}
