{"timestamp":"2026-07-08T10:58:09.427430Z","level":"info","event":"DAG bundles loaded: dags-folder","logger":"airflow.dag_processing.bundles.manager.DagBundlesManager","filename":"manager.py","lineno":209}
{"timestamp":"2026-07-08T10:58:09.430506Z","level":"info","event":"Filling up the DagBag from /opt/airflow/dags/factory.py","logger":"airflow.dag_processing.dagbag.BundleDagBag","filename":"dagbag.py","lineno":469}
{"timestamp":"2026-07-08T10:58:09.507900Z","level":"warning","event":"The `airflow.decorators.dag` attribute is deprecated. Please use `'airflow.sdk.dag'`.","category":"UserWarning","filename":"/opt/airflow/dags/factory.py","lineno":4,"logger":"py.warnings"}
{"timestamp":"2026-07-08T10:58:16.338944Z","level":"info","event":"\u001b[0m10:58:11  Running with dbt=1.11.12","logger":"task.stdout"}
{"timestamp":"2026-07-08T10:58:16.339550Z","level":"info","event":"\u001b[0m10:58:11  Registered adapter: postgres=1.10.2","logger":"task.stdout"}
{"timestamp":"2026-07-08T10:58:16.339960Z","level":"info","event":"\u001b[0m10:58:12  Found 5 models, 4 sources, 475 macros","logger":"task.stdout"}
{"timestamp":"2026-07-08T10:58:16.340412Z","level":"info","event":"\u001b[0m10:58:12","logger":"task.stdout"}
{"timestamp":"2026-07-08T10:58:16.340983Z","level":"info","event":"\u001b[0m10:58:12  Concurrency: 4 threads (target='prod')","logger":"task.stdout"}
{"timestamp":"2026-07-08T10:58:16.341595Z","level":"info","event":"\u001b[0m10:58:12","logger":"task.stdout"}
{"timestamp":"2026-07-08T10:58:16.342401Z","level":"info","event":"\u001b[0m10:58:12  1 of 5 START sql view model marts_staging.stg_branches ......................... [RUN]","logger":"task.stdout"}
{"timestamp":"2026-07-08T10:58:16.342948Z","level":"info","event":"\u001b[0m10:58:12  3 of 5 START sql view model marts_staging.stg_orders ........................... [RUN]","logger":"task.stdout"}
{"timestamp":"2026-07-08T10:58:16.343448Z","level":"info","event":"\u001b[0m10:58:12  4 of 5 START sql view model marts_staging.stg_products ......................... [RUN]","logger":"task.stdout"}
{"timestamp":"2026-07-08T10:58:16.343935Z","level":"info","event":"\u001b[0m10:58:12  2 of 5 START sql view model marts_staging.stg_customers ........................ [RUN]","logger":"task.stdout"}
{"timestamp":"2026-07-08T10:58:16.344780Z","level":"info","event":"\u001b[0m10:58:13  4 of 5 OK created sql view model marts_staging.stg_products .................... [\u001b[32mCREATE VIEW\u001b[0m in 0.27s]","logger":"task.stdout"}
{"timestamp":"2026-07-08T10:58:16.345232Z","level":"info","event":"\u001b[0m10:58:13  3 of 5 OK created sql view model marts_staging.stg_orders ...................... [\u001b[32mCREATE VIEW\u001b[0m in 0.28s]","logger":"task.stdout"}
{"timestamp":"2026-07-08T10:58:16.345777Z","level":"info","event":"\u001b[0m10:58:13  1 of 5 OK created sql view model marts_staging.stg_branches .................... [\u001b[32mCREATE VIEW\u001b[0m in 0.28s]","logger":"task.stdout"}
{"timestamp":"2026-07-08T10:58:16.346272Z","level":"info","event":"\u001b[0m10:58:13  2 of 5 OK created sql view model marts_staging.stg_customers ................... [\u001b[32mCREATE VIEW\u001b[0m in 0.28s]","logger":"task.stdout"}
{"timestamp":"2026-07-08T10:58:16.346606Z","level":"info","event":"\u001b[0m10:58:13  5 of 5 START sql incremental model marts_marts.fct_client_b .................... [RUN]","logger":"task.stdout"}
{"timestamp":"2026-07-08T10:58:16.347143Z","level":"info","event":"\u001b[0m10:58:14  5 of 5 OK created sql incremental model marts_marts.fct_client_b ............... [\u001b[32mINSERT 0 0\u001b[0m in 1.64s]","logger":"task.stdout"}
{"timestamp":"2026-07-08T10:58:16.347689Z","level":"info","event":"\u001b[0m10:58:14","logger":"task.stdout"}
{"timestamp":"2026-07-08T10:58:16.348180Z","level":"info","event":"\u001b[0m10:58:14  Finished running 1 incremental model, 4 view models in 0 hours 0 minutes and 2.26 seconds (2.26s).","logger":"task.stdout"}
{"timestamp":"2026-07-08T10:58:16.348501Z","level":"info","event":"\u001b[0m10:58:14","logger":"task.stdout"}
{"timestamp":"2026-07-08T10:58:16.349032Z","level":"info","event":"\u001b[0m10:58:14  \u001b[32mCompleted successfully\u001b[0m","logger":"task.stdout"}
{"timestamp":"2026-07-08T10:58:16.349632Z","level":"info","event":"\u001b[0m10:58:15","logger":"task.stdout"}
{"timestamp":"2026-07-08T10:58:16.350334Z","level":"info","event":"\u001b[0m10:58:15  Done. PASS=5 WARN=0 ERROR=0 SKIP=0 NO-OP=0 TOTAL=5","logger":"task.stdout"}
{"timestamp":"2026-07-08T10:58:16.350692Z","level":"info","event":"","logger":"task.stdout"}
{"timestamp":"2026-07-08T10:58:16.338909Z","level":"info","event":"Done. Returned value was: None","logger":"airflow.task.operators.airflow.providers.standard.operators.python.PythonOperator","filename":"python.py","lineno":229}
