{"timestamp":"2026-05-20T18:08:48.488384Z","level":"info","event":"DAG bundles loaded: dags-folder","logger":"airflow.dag_processing.bundles.manager.DagBundlesManager","filename":"manager.py","lineno":209}
{"timestamp":"2026-05-20T18:08:48.493752Z","level":"info","event":"Filling up the DagBag from /opt/airflow/dags/oracle_dlt_dbt_dag.py","logger":"airflow.dag_processing.dagbag.BundleDagBag","filename":"dagbag.py","lineno":469}
{"timestamp":"2026-05-20T18:08:48.929325Z","level":"info","event":"[DBT] Running: dbt run --project-dir /opt/airflow/dbt_project --profiles-dir /opt/airflow/dbt_project --select marts --no-version-check --no-partial-parse","logger":"task.stdout"}
{"timestamp":"2026-05-20T18:08:54.334669Z","level":"info","event":"\u001b[0m18:08:50  Running with dbt=1.11.11","logger":"task.stdout"}
{"timestamp":"2026-05-20T18:08:54.335723Z","level":"info","event":"\u001b[0m18:08:50  Registered adapter: postgres=1.10.0","logger":"task.stdout"}
{"timestamp":"2026-05-20T18:08:54.336168Z","level":"info","event":"\u001b[0m18:08:51  [\u001b[33mWARNING\u001b[0m][MissingArgumentsPropertyInGenericTestDeprecation]: Deprecated","logger":"task.stdout"}
{"timestamp":"2026-05-20T18:08:54.337062Z","level":"info","event":"functionality","logger":"task.stdout"}
{"timestamp":"2026-05-20T18:08:54.337529Z","level":"info","event":"Found top-level arguments to test `accepted_values` defined on 'fct_orders' in","logger":"task.stdout"}
{"timestamp":"2026-05-20T18:08:54.337982Z","level":"info","event":"package 'oracle_warehouse' (models/marts/schema.yml). Arguments to generic tests","logger":"task.stdout"}
{"timestamp":"2026-05-20T18:08:54.338233Z","level":"info","event":"should be nested under the `arguments` property.","logger":"task.stdout"}
{"timestamp":"2026-05-20T18:08:54.338511Z","level":"info","event":"\u001b[0m18:08:52  Found 4 models, 15 data tests, 2 sources, 475 macros","logger":"task.stdout"}
{"timestamp":"2026-05-20T18:08:54.338902Z","level":"info","event":"\u001b[0m18:08:52","logger":"task.stdout"}
{"timestamp":"2026-05-20T18:08:54.339487Z","level":"info","event":"\u001b[0m18:08:52  Concurrency: 4 threads (target='prod')","logger":"task.stdout"}
{"timestamp":"2026-05-20T18:08:54.339783Z","level":"info","event":"\u001b[0m18:08:52","logger":"task.stdout"}
{"timestamp":"2026-05-20T18:08:54.340187Z","level":"info","event":"\u001b[0m18:08:52  1 of 2 START sql incremental model marts_marts.delta_report .................... [RUN]","logger":"task.stdout"}
{"timestamp":"2026-05-20T18:08:54.340476Z","level":"info","event":"\u001b[0m18:08:52  2 of 2 START sql incremental model marts_marts.fct_orders ...................... [RUN]","logger":"task.stdout"}
{"timestamp":"2026-05-20T18:08:54.341146Z","level":"info","event":"\u001b[0m18:08:53  1 of 2 OK created sql incremental model marts_marts.delta_report ............... [\u001b[32mINSERT 0 7\u001b[0m in 0.45s]","logger":"task.stdout"}
{"timestamp":"2026-05-20T18:08:54.341644Z","level":"info","event":"\u001b[0m18:08:53  2 of 2 OK created sql incremental model marts_marts.fct_orders ................. [\u001b[32mINSERT 0 7\u001b[0m in 0.46s]","logger":"task.stdout"}
{"timestamp":"2026-05-20T18:08:54.342063Z","level":"info","event":"\u001b[0m18:08:53","logger":"task.stdout"}
{"timestamp":"2026-05-20T18:08:54.342475Z","level":"info","event":"\u001b[0m18:08:53  Finished running 2 incremental models in 0 hours 0 minutes and 0.90 seconds (0.90s).","logger":"task.stdout"}
{"timestamp":"2026-05-20T18:08:54.343187Z","level":"info","event":"\u001b[0m18:08:53","logger":"task.stdout"}
{"timestamp":"2026-05-20T18:08:54.343790Z","level":"info","event":"\u001b[0m18:08:53  \u001b[32mCompleted successfully\u001b[0m","logger":"task.stdout"}
{"timestamp":"2026-05-20T18:08:54.344291Z","level":"info","event":"\u001b[0m18:08:53","logger":"task.stdout"}
{"timestamp":"2026-05-20T18:08:54.344883Z","level":"info","event":"\u001b[0m18:08:53  Done. PASS=2 WARN=0 ERROR=0 SKIP=0 NO-OP=0 TOTAL=2","logger":"task.stdout"}
{"timestamp":"2026-05-20T18:08:54.345259Z","level":"info","event":"\u001b[0m18:08:53  [\u001b[33mWARNING\u001b[0m][DeprecationsSummary]: Deprecated functionality","logger":"task.stdout"}
{"timestamp":"2026-05-20T18:08:54.345928Z","level":"info","event":"Summary of encountered deprecations:","logger":"task.stdout"}
{"timestamp":"2026-05-20T18:08:54.346219Z","level":"info","event":"- MissingArgumentsPropertyInGenericTestDeprecation: 2 occurrences","logger":"task.stdout"}
{"timestamp":"2026-05-20T18:08:54.346494Z","level":"info","event":"To see all deprecation instances instead of just the first occurrence of each,","logger":"task.stdout"}
{"timestamp":"2026-05-20T18:08:54.346755Z","level":"info","event":"run command again with the `--show-all-deprecations` flag. You may also need to","logger":"task.stdout"}
{"timestamp":"2026-05-20T18:08:54.347189Z","level":"info","event":"run with `--no-partial-parse` as some deprecations are only encountered during","logger":"task.stdout"}
{"timestamp":"2026-05-20T18:08:54.347530Z","level":"info","event":"parsing.","logger":"task.stdout"}
{"timestamp":"2026-05-20T18:08:54.347787Z","level":"info","event":"","logger":"task.stdout"}
{"timestamp":"2026-05-20T18:08:54.334756Z","level":"info","event":"Done. Returned value was: {'selector': 'marts', 'returncode': 0}","logger":"airflow.task.operators.airflow.providers.standard.operators.python.PythonOperator","filename":"python.py","lineno":229}
{"timestamp":"2026-05-20T18:08:54.335172Z","level":"info","event":"Pushing xcom","ti":"RuntimeTaskInstance(id=UUID('019e4693-2ff8-7cce-a33c-4f58e502f880'), task_id='dbt_build_marts_incremental', dag_id='oracle_dlt_dbt_warehouse', run_id='manual__2026-05-20T18:08:31.716429+00:00', try_number=1, dag_version_id=UUID('019e4688-5a96-7d7c-8848-7a7d95bb7aea'), map_index=-1, hostname='airflow_webserver', context_carrier={'traceparent': '00-d1607ec667ae60a11aa5e163d28492d1-a1c661486f477d87-01'}, task=<Task(PythonOperator): dbt_build_marts_incremental>, bundle_instance=LocalDagBundle(name=dags-folder), max_tries=0, start_date=datetime.datetime(2026, 5, 20, 18, 8, 48, 428294, tzinfo=datetime.timezone.utc), end_date=None, state=<TaskInstanceState.RUNNING: 'running'>, is_mapped=False, rendered_map_index=None, sentry_integration='')","logger":"task","filename":"task_runner.py","lineno":1724}
