{"timestamp":"2026-07-08T10:50:09.937138Z","level":"info","event":"DAG bundles loaded: dags-folder","logger":"airflow.dag_processing.bundles.manager.DagBundlesManager","filename":"manager.py","lineno":209}
{"timestamp":"2026-07-08T10:50:09.939628Z","level":"info","event":"Filling up the DagBag from /opt/airflow/dags/factory.py","logger":"airflow.dag_processing.dagbag.BundleDagBag","filename":"dagbag.py","lineno":469}
{"timestamp":"2026-07-08T10:50:10.009012Z","level":"warning","event":"The `airflow.decorators.dag` attribute is deprecated. Please use `'airflow.sdk.dag'`.","category":"UserWarning","filename":"/opt/airflow/dags/factory.py","lineno":4,"logger":"py.warnings"}
{"timestamp":"2026-07-08T10:50:16.632927Z","level":"info","event":"\u001b[0m10:50:11  Running with dbt=1.11.12","logger":"task.stdout"}
{"timestamp":"2026-07-08T10:50:16.633738Z","level":"info","event":"\u001b[0m10:50:11  Registered adapter: postgres=1.10.2","logger":"task.stdout"}
{"timestamp":"2026-07-08T10:50:16.634310Z","level":"info","event":"\u001b[0m10:50:12  Found 5 models, 4 sources, 475 macros","logger":"task.stdout"}
{"timestamp":"2026-07-08T10:50:16.634754Z","level":"info","event":"\u001b[0m10:50:12","logger":"task.stdout"}
{"timestamp":"2026-07-08T10:50:16.635294Z","level":"info","event":"\u001b[0m10:50:12  Concurrency: 4 threads (target='prod')","logger":"task.stdout"}
{"timestamp":"2026-07-08T10:50:16.635914Z","level":"info","event":"\u001b[0m10:50:12","logger":"task.stdout"}
{"timestamp":"2026-07-08T10:50:16.636651Z","level":"info","event":"\u001b[0m10:50:13  1 of 5 START sql view model marts_staging.stg_branches ......................... [RUN]","logger":"task.stdout"}
{"timestamp":"2026-07-08T10:50:16.637490Z","level":"info","event":"\u001b[0m10:50:13  4 of 5 START sql view model marts_staging.stg_products ......................... [RUN]","logger":"task.stdout"}
{"timestamp":"2026-07-08T10:50:16.638178Z","level":"info","event":"\u001b[0m10:50:13  3 of 5 START sql view model marts_staging.stg_orders ........................... [RUN]","logger":"task.stdout"}
{"timestamp":"2026-07-08T10:50:16.638709Z","level":"info","event":"\u001b[0m10:50:13  2 of 5 START sql view model marts_staging.stg_customers ........................ [RUN]","logger":"task.stdout"}
{"timestamp":"2026-07-08T10:50:16.639257Z","level":"info","event":"\u001b[0m10:50:13  2 of 5 OK created sql view model marts_staging.stg_customers ................... [\u001b[32mCREATE VIEW\u001b[0m in 0.23s]","logger":"task.stdout"}
{"timestamp":"2026-07-08T10:50:16.639870Z","level":"info","event":"\u001b[0m10:50:13  4 of 5 OK created sql view model marts_staging.stg_products .................... [\u001b[32mCREATE VIEW\u001b[0m in 0.25s]","logger":"task.stdout"}
{"timestamp":"2026-07-08T10:50:16.640604Z","level":"info","event":"\u001b[0m10:50:13  3 of 5 OK created sql view model marts_staging.stg_orders ...................... [\u001b[32mCREATE VIEW\u001b[0m in 0.25s]","logger":"task.stdout"}
{"timestamp":"2026-07-08T10:50:16.641093Z","level":"info","event":"\u001b[0m10:50:13  5 of 5 START sql incremental model marts_marts.fct_client_b .................... [RUN]","logger":"task.stdout"}
{"timestamp":"2026-07-08T10:50:16.641561Z","level":"info","event":"\u001b[0m10:50:13  1 of 5 OK created sql view model marts_staging.stg_branches .................... [\u001b[32mCREATE VIEW\u001b[0m in 0.27s]","logger":"task.stdout"}
{"timestamp":"2026-07-08T10:50:16.642030Z","level":"info","event":"\u001b[0m10:50:15  5 of 5 OK created sql incremental model marts_marts.fct_client_b ............... [\u001b[32mINSERT 0 0\u001b[0m in 1.75s]","logger":"task.stdout"}
{"timestamp":"2026-07-08T10:50:16.642562Z","level":"info","event":"\u001b[0m10:50:15","logger":"task.stdout"}
{"timestamp":"2026-07-08T10:50:16.643129Z","level":"info","event":"\u001b[0m10:50:15  Finished running 1 incremental model, 4 view models in 0 hours 0 minutes and 2.34 seconds (2.34s).","logger":"task.stdout"}
{"timestamp":"2026-07-08T10:50:16.643787Z","level":"info","event":"\u001b[0m10:50:15","logger":"task.stdout"}
{"timestamp":"2026-07-08T10:50:16.644311Z","level":"info","event":"\u001b[0m10:50:15  \u001b[32mCompleted successfully\u001b[0m","logger":"task.stdout"}
{"timestamp":"2026-07-08T10:50:16.645094Z","level":"info","event":"\u001b[0m10:50:15","logger":"task.stdout"}
{"timestamp":"2026-07-08T10:50:16.645339Z","level":"info","event":"\u001b[0m10:50:15  Done. PASS=5 WARN=0 ERROR=0 SKIP=0 NO-OP=0 TOTAL=5","logger":"task.stdout"}
{"timestamp":"2026-07-08T10:50:16.645577Z","level":"info","event":"","logger":"task.stdout"}
{"timestamp":"2026-07-08T10:50:16.632756Z","level":"info","event":"Done. Returned value was: None","logger":"airflow.task.operators.airflow.providers.standard.operators.python.PythonOperator","filename":"python.py","lineno":229}
