{"timestamp":"2026-06-08T13:36:52.936251Z","level":"info","event":"DAG bundles loaded: dags-folder","logger":"airflow.dag_processing.bundles.manager.DagBundlesManager","filename":"manager.py","lineno":209}
{"timestamp":"2026-06-08T13:36:52.939477Z","level":"info","event":"Filling up the DagBag from /opt/airflow/dags/oracle_dlt_dbt_dag.py","logger":"airflow.dag_processing.dagbag.BundleDagBag","filename":"dagbag.py","lineno":469}
{"timestamp":"2026-06-08T13:36:53.367147Z","level":"info","event":"Poking for file /mnt/snapshots/READY_FLAG_20260608","logger":"airflow.task.operators.airflow.providers.standard.sensors.filesystem.FileSensor","filename":"filesystem.py","lineno":108}
{"timestamp":"2026-06-08T13:37:03.367941Z","level":"info","event":"Poking for file /mnt/snapshots/READY_FLAG_20260608","logger":"airflow.task.operators.airflow.providers.standard.sensors.filesystem.FileSensor","filename":"filesystem.py","lineno":108}
{"timestamp":"2026-06-08T13:37:13.370103Z","level":"info","event":"Poking for file /mnt/snapshots/READY_FLAG_20260608","logger":"airflow.task.operators.airflow.providers.standard.sensors.filesystem.FileSensor","filename":"filesystem.py","lineno":108}
{"timestamp":"2026-06-08T13:37:23.372783Z","level":"info","event":"Poking for file /mnt/snapshots/READY_FLAG_20260608","logger":"airflow.task.operators.airflow.providers.standard.sensors.filesystem.FileSensor","filename":"filesystem.py","lineno":108}
{"timestamp":"2026-06-08T13:37:33.376681Z","level":"info","event":"Poking for file /mnt/snapshots/READY_FLAG_20260608","logger":"airflow.task.operators.airflow.providers.standard.sensors.filesystem.FileSensor","filename":"filesystem.py","lineno":108}
{"timestamp":"2026-06-08T13:37:43.381848Z","level":"info","event":"Poking for file /mnt/snapshots/READY_FLAG_20260608","logger":"airflow.task.operators.airflow.providers.standard.sensors.filesystem.FileSensor","filename":"filesystem.py","lineno":108}
{"timestamp":"2026-06-08T13:37:53.382487Z","level":"info","event":"Poking for file /mnt/snapshots/READY_FLAG_20260608","logger":"airflow.task.operators.airflow.providers.standard.sensors.filesystem.FileSensor","filename":"filesystem.py","lineno":108}
{"timestamp":"2026-06-08T13:38:03.384827Z","level":"info","event":"Poking for file /mnt/snapshots/READY_FLAG_20260608","logger":"airflow.task.operators.airflow.providers.standard.sensors.filesystem.FileSensor","filename":"filesystem.py","lineno":108}
{"timestamp":"2026-06-08T13:38:13.385992Z","level":"info","event":"Poking for file /mnt/snapshots/READY_FLAG_20260608","logger":"airflow.task.operators.airflow.providers.standard.sensors.filesystem.FileSensor","filename":"filesystem.py","lineno":108}
{"timestamp":"2026-06-08T13:38:23.385995Z","level":"info","event":"Poking for file /mnt/snapshots/READY_FLAG_20260608","logger":"airflow.task.operators.airflow.providers.standard.sensors.filesystem.FileSensor","filename":"filesystem.py","lineno":108}
{"timestamp":"2026-06-08T13:38:33.389561Z","level":"info","event":"Poking for file /mnt/snapshots/READY_FLAG_20260608","logger":"airflow.task.operators.airflow.providers.standard.sensors.filesystem.FileSensor","filename":"filesystem.py","lineno":108}
{"timestamp":"2026-06-08T13:38:43.393329Z","level":"info","event":"Poking for file /mnt/snapshots/READY_FLAG_20260608","logger":"airflow.task.operators.airflow.providers.standard.sensors.filesystem.FileSensor","filename":"filesystem.py","lineno":108}
{"timestamp":"2026-06-08T13:38:53.395363Z","level":"info","event":"Poking for file /mnt/snapshots/READY_FLAG_20260608","logger":"airflow.task.operators.airflow.providers.standard.sensors.filesystem.FileSensor","filename":"filesystem.py","lineno":108}
{"timestamp":"2026-06-08T13:39:03.399922Z","level":"info","event":"Poking for file /mnt/snapshots/READY_FLAG_20260608","logger":"airflow.task.operators.airflow.providers.standard.sensors.filesystem.FileSensor","filename":"filesystem.py","lineno":108}
{"timestamp":"2026-06-08T13:39:13.401491Z","level":"info","event":"Poking for file /mnt/snapshots/READY_FLAG_20260608","logger":"airflow.task.operators.airflow.providers.standard.sensors.filesystem.FileSensor","filename":"filesystem.py","lineno":108}
{"timestamp":"2026-06-08T13:39:23.402081Z","level":"info","event":"Poking for file /mnt/snapshots/READY_FLAG_20260608","logger":"airflow.task.operators.airflow.providers.standard.sensors.filesystem.FileSensor","filename":"filesystem.py","lineno":108}
{"timestamp":"2026-06-08T13:39:33.405450Z","level":"info","event":"Poking for file /mnt/snapshots/READY_FLAG_20260608","logger":"airflow.task.operators.airflow.providers.standard.sensors.filesystem.FileSensor","filename":"filesystem.py","lineno":108}
{"timestamp":"2026-06-08T13:39:43.406892Z","level":"info","event":"Poking for file /mnt/snapshots/READY_FLAG_20260608","logger":"airflow.task.operators.airflow.providers.standard.sensors.filesystem.FileSensor","filename":"filesystem.py","lineno":108}
{"timestamp":"2026-06-08T13:39:53.407781Z","level":"info","event":"Poking for file /mnt/snapshots/READY_FLAG_20260608","logger":"airflow.task.operators.airflow.providers.standard.sensors.filesystem.FileSensor","filename":"filesystem.py","lineno":108}
{"timestamp":"2026-06-08T13:40:03.412430Z","level":"info","event":"Poking for file /mnt/snapshots/READY_FLAG_20260608","logger":"airflow.task.operators.airflow.providers.standard.sensors.filesystem.FileSensor","filename":"filesystem.py","lineno":108}
{"timestamp":"2026-06-08T13:40:13.413406Z","level":"info","event":"Poking for file /mnt/snapshots/READY_FLAG_20260608","logger":"airflow.task.operators.airflow.providers.standard.sensors.filesystem.FileSensor","filename":"filesystem.py","lineno":108}
{"timestamp":"2026-06-08T13:40:23.412038Z","level":"info","event":"Poking for file /mnt/snapshots/READY_FLAG_20260608","logger":"airflow.task.operators.airflow.providers.standard.sensors.filesystem.FileSensor","filename":"filesystem.py","lineno":108}
{"timestamp":"2026-06-08T13:40:33.413899Z","level":"info","event":"Poking for file /mnt/snapshots/READY_FLAG_20260608","logger":"airflow.task.operators.airflow.providers.standard.sensors.filesystem.FileSensor","filename":"filesystem.py","lineno":108}
{"timestamp":"2026-06-08T13:40:43.415505Z","level":"info","event":"Poking for file /mnt/snapshots/READY_FLAG_20260608","logger":"airflow.task.operators.airflow.providers.standard.sensors.filesystem.FileSensor","filename":"filesystem.py","lineno":108}
{"timestamp":"2026-06-08T13:40:53.415911Z","level":"info","event":"Poking for file /mnt/snapshots/READY_FLAG_20260608","logger":"airflow.task.operators.airflow.providers.standard.sensors.filesystem.FileSensor","filename":"filesystem.py","lineno":108}
{"timestamp":"2026-06-08T13:41:03.417149Z","level":"info","event":"Poking for file /mnt/snapshots/READY_FLAG_20260608","logger":"airflow.task.operators.airflow.providers.standard.sensors.filesystem.FileSensor","filename":"filesystem.py","lineno":108}
{"timestamp":"2026-06-08T13:41:13.418230Z","level":"info","event":"Poking for file /mnt/snapshots/READY_FLAG_20260608","logger":"airflow.task.operators.airflow.providers.standard.sensors.filesystem.FileSensor","filename":"filesystem.py","lineno":108}
{"timestamp":"2026-06-08T13:41:23.418442Z","level":"info","event":"Poking for file /mnt/snapshots/READY_FLAG_20260608","logger":"airflow.task.operators.airflow.providers.standard.sensors.filesystem.FileSensor","filename":"filesystem.py","lineno":108}
{"timestamp":"2026-06-08T13:41:33.422267Z","level":"info","event":"Poking for file /mnt/snapshots/READY_FLAG_20260608","logger":"airflow.task.operators.airflow.providers.standard.sensors.filesystem.FileSensor","filename":"filesystem.py","lineno":108}
{"timestamp":"2026-06-08T13:41:43.423683Z","level":"info","event":"Poking for file /mnt/snapshots/READY_FLAG_20260608","logger":"airflow.task.operators.airflow.providers.standard.sensors.filesystem.FileSensor","filename":"filesystem.py","lineno":108}
{"timestamp":"2026-06-08T13:41:53.424839Z","level":"info","event":"Poking for file /mnt/snapshots/READY_FLAG_20260608","logger":"airflow.task.operators.airflow.providers.standard.sensors.filesystem.FileSensor","filename":"filesystem.py","lineno":108}
{"timestamp":"2026-06-08T13:42:03.427568Z","level":"info","event":"Poking for file /mnt/snapshots/READY_FLAG_20260608","logger":"airflow.task.operators.airflow.providers.standard.sensors.filesystem.FileSensor","filename":"filesystem.py","lineno":108}
{"timestamp":"2026-06-08T13:42:13.428590Z","level":"info","event":"Poking for file /mnt/snapshots/READY_FLAG_20260608","logger":"airflow.task.operators.airflow.providers.standard.sensors.filesystem.FileSensor","filename":"filesystem.py","lineno":108}
{"timestamp":"2026-06-08T13:42:23.428177Z","level":"info","event":"Poking for file /mnt/snapshots/READY_FLAG_20260608","logger":"airflow.task.operators.airflow.providers.standard.sensors.filesystem.FileSensor","filename":"filesystem.py","lineno":108}
{"timestamp":"2026-06-08T13:42:33.431701Z","level":"info","event":"Poking for file /mnt/snapshots/READY_FLAG_20260608","logger":"airflow.task.operators.airflow.providers.standard.sensors.filesystem.FileSensor","filename":"filesystem.py","lineno":108}
{"timestamp":"2026-06-08T13:42:43.434279Z","level":"info","event":"Poking for file /mnt/snapshots/READY_FLAG_20260608","logger":"airflow.task.operators.airflow.providers.standard.sensors.filesystem.FileSensor","filename":"filesystem.py","lineno":108}
{"timestamp":"2026-06-08T13:42:53.435215Z","level":"info","event":"Poking for file /mnt/snapshots/READY_FLAG_20260608","logger":"airflow.task.operators.airflow.providers.standard.sensors.filesystem.FileSensor","filename":"filesystem.py","lineno":108}
{"timestamp":"2026-06-08T13:43:03.436364Z","level":"info","event":"Poking for file /mnt/snapshots/READY_FLAG_20260608","logger":"airflow.task.operators.airflow.providers.standard.sensors.filesystem.FileSensor","filename":"filesystem.py","lineno":108}
{"timestamp":"2026-06-08T13:43:13.439052Z","level":"info","event":"Poking for file /mnt/snapshots/READY_FLAG_20260608","logger":"airflow.task.operators.airflow.providers.standard.sensors.filesystem.FileSensor","filename":"filesystem.py","lineno":108}
{"timestamp":"2026-06-08T13:43:23.442089Z","level":"info","event":"Poking for file /mnt/snapshots/READY_FLAG_20260608","logger":"airflow.task.operators.airflow.providers.standard.sensors.filesystem.FileSensor","filename":"filesystem.py","lineno":108}
{"timestamp":"2026-06-08T13:43:33.443805Z","level":"info","event":"Poking for file /mnt/snapshots/READY_FLAG_20260608","logger":"airflow.task.operators.airflow.providers.standard.sensors.filesystem.FileSensor","filename":"filesystem.py","lineno":108}
{"timestamp":"2026-06-08T13:43:43.445270Z","level":"info","event":"Poking for file /mnt/snapshots/READY_FLAG_20260608","logger":"airflow.task.operators.airflow.providers.standard.sensors.filesystem.FileSensor","filename":"filesystem.py","lineno":108}
{"timestamp":"2026-06-08T13:43:53.445365Z","level":"info","event":"Poking for file /mnt/snapshots/READY_FLAG_20260608","logger":"airflow.task.operators.airflow.providers.standard.sensors.filesystem.FileSensor","filename":"filesystem.py","lineno":108}
{"timestamp":"2026-06-08T13:44:03.446545Z","level":"info","event":"Poking for file /mnt/snapshots/READY_FLAG_20260608","logger":"airflow.task.operators.airflow.providers.standard.sensors.filesystem.FileSensor","filename":"filesystem.py","lineno":108}
{"timestamp":"2026-06-08T13:44:13.447990Z","level":"info","event":"Poking for file /mnt/snapshots/READY_FLAG_20260608","logger":"airflow.task.operators.airflow.providers.standard.sensors.filesystem.FileSensor","filename":"filesystem.py","lineno":108}
{"timestamp":"2026-06-08T13:44:23.448206Z","level":"info","event":"Poking for file /mnt/snapshots/READY_FLAG_20260608","logger":"airflow.task.operators.airflow.providers.standard.sensors.filesystem.FileSensor","filename":"filesystem.py","lineno":108}
{"timestamp":"2026-06-08T13:44:33.453387Z","level":"info","event":"Poking for file /mnt/snapshots/READY_FLAG_20260608","logger":"airflow.task.operators.airflow.providers.standard.sensors.filesystem.FileSensor","filename":"filesystem.py","lineno":108}
{"timestamp":"2026-06-08T13:44:43.455196Z","level":"info","event":"Poking for file /mnt/snapshots/READY_FLAG_20260608","logger":"airflow.task.operators.airflow.providers.standard.sensors.filesystem.FileSensor","filename":"filesystem.py","lineno":108}
{"timestamp":"2026-06-08T13:44:53.455171Z","level":"info","event":"Poking for file /mnt/snapshots/READY_FLAG_20260608","logger":"airflow.task.operators.airflow.providers.standard.sensors.filesystem.FileSensor","filename":"filesystem.py","lineno":108}
{"timestamp":"2026-06-08T13:45:03.457107Z","level":"info","event":"Poking for file /mnt/snapshots/READY_FLAG_20260608","logger":"airflow.task.operators.airflow.providers.standard.sensors.filesystem.FileSensor","filename":"filesystem.py","lineno":108}
{"timestamp":"2026-06-08T13:45:13.458871Z","level":"info","event":"Poking for file /mnt/snapshots/READY_FLAG_20260608","logger":"airflow.task.operators.airflow.providers.standard.sensors.filesystem.FileSensor","filename":"filesystem.py","lineno":108}
{"timestamp":"2026-06-08T13:45:23.461197Z","level":"info","event":"Poking for file /mnt/snapshots/READY_FLAG_20260608","logger":"airflow.task.operators.airflow.providers.standard.sensors.filesystem.FileSensor","filename":"filesystem.py","lineno":108}
{"timestamp":"2026-06-08T13:45:33.463105Z","level":"info","event":"Poking for file /mnt/snapshots/READY_FLAG_20260608","logger":"airflow.task.operators.airflow.providers.standard.sensors.filesystem.FileSensor","filename":"filesystem.py","lineno":108}
{"timestamp":"2026-06-08T13:45:43.465314Z","level":"info","event":"Poking for file /mnt/snapshots/READY_FLAG_20260608","logger":"airflow.task.operators.airflow.providers.standard.sensors.filesystem.FileSensor","filename":"filesystem.py","lineno":108}
{"timestamp":"2026-06-08T13:45:53.465211Z","level":"info","event":"Poking for file /mnt/snapshots/READY_FLAG_20260608","logger":"airflow.task.operators.airflow.providers.standard.sensors.filesystem.FileSensor","filename":"filesystem.py","lineno":108}
{"timestamp":"2026-06-08T13:46:03.466630Z","level":"info","event":"Poking for file /mnt/snapshots/READY_FLAG_20260608","logger":"airflow.task.operators.airflow.providers.standard.sensors.filesystem.FileSensor","filename":"filesystem.py","lineno":108}
{"timestamp":"2026-06-08T13:46:13.468511Z","level":"info","event":"Poking for file /mnt/snapshots/READY_FLAG_20260608","logger":"airflow.task.operators.airflow.providers.standard.sensors.filesystem.FileSensor","filename":"filesystem.py","lineno":108}
{"timestamp":"2026-06-08T13:46:23.468343Z","level":"info","event":"Poking for file /mnt/snapshots/READY_FLAG_20260608","logger":"airflow.task.operators.airflow.providers.standard.sensors.filesystem.FileSensor","filename":"filesystem.py","lineno":108}
{"timestamp":"2026-06-08T13:46:33.472497Z","level":"info","event":"Poking for file /mnt/snapshots/READY_FLAG_20260608","logger":"airflow.task.operators.airflow.providers.standard.sensors.filesystem.FileSensor","filename":"filesystem.py","lineno":108}
{"timestamp":"2026-06-08T13:46:43.474209Z","level":"info","event":"Poking for file /mnt/snapshots/READY_FLAG_20260608","logger":"airflow.task.operators.airflow.providers.standard.sensors.filesystem.FileSensor","filename":"filesystem.py","lineno":108}
{"timestamp":"2026-06-08T13:46:53.475478Z","level":"info","event":"Poking for file /mnt/snapshots/READY_FLAG_20260608","logger":"airflow.task.operators.airflow.providers.standard.sensors.filesystem.FileSensor","filename":"filesystem.py","lineno":108}
{"timestamp":"2026-06-08T13:47:03.476934Z","level":"info","event":"Poking for file /mnt/snapshots/READY_FLAG_20260608","logger":"airflow.task.operators.airflow.providers.standard.sensors.filesystem.FileSensor","filename":"filesystem.py","lineno":108}
{"timestamp":"2026-06-08T13:47:13.478592Z","level":"info","event":"Poking for file /mnt/snapshots/READY_FLAG_20260608","logger":"airflow.task.operators.airflow.providers.standard.sensors.filesystem.FileSensor","filename":"filesystem.py","lineno":108}
{"timestamp":"2026-06-08T13:47:23.479159Z","level":"info","event":"Poking for file /mnt/snapshots/READY_FLAG_20260608","logger":"airflow.task.operators.airflow.providers.standard.sensors.filesystem.FileSensor","filename":"filesystem.py","lineno":108}
{"timestamp":"2026-06-08T13:47:33.481110Z","level":"info","event":"Poking for file /mnt/snapshots/READY_FLAG_20260608","logger":"airflow.task.operators.airflow.providers.standard.sensors.filesystem.FileSensor","filename":"filesystem.py","lineno":108}
{"timestamp":"2026-06-08T13:47:43.482568Z","level":"info","event":"Poking for file /mnt/snapshots/READY_FLAG_20260608","logger":"airflow.task.operators.airflow.providers.standard.sensors.filesystem.FileSensor","filename":"filesystem.py","lineno":108}
{"timestamp":"2026-06-08T13:47:53.483200Z","level":"info","event":"Poking for file /mnt/snapshots/READY_FLAG_20260608","logger":"airflow.task.operators.airflow.providers.standard.sensors.filesystem.FileSensor","filename":"filesystem.py","lineno":108}
{"timestamp":"2026-06-08T13:48:03.484140Z","level":"info","event":"Poking for file /mnt/snapshots/READY_FLAG_20260608","logger":"airflow.task.operators.airflow.providers.standard.sensors.filesystem.FileSensor","filename":"filesystem.py","lineno":108}
{"timestamp":"2026-06-08T13:48:13.485047Z","level":"info","event":"Poking for file /mnt/snapshots/READY_FLAG_20260608","logger":"airflow.task.operators.airflow.providers.standard.sensors.filesystem.FileSensor","filename":"filesystem.py","lineno":108}
{"timestamp":"2026-06-08T13:48:23.486365Z","level":"info","event":"Poking for file /mnt/snapshots/READY_FLAG_20260608","logger":"airflow.task.operators.airflow.providers.standard.sensors.filesystem.FileSensor","filename":"filesystem.py","lineno":108}
{"timestamp":"2026-06-08T13:48:33.487490Z","level":"info","event":"Poking for file /mnt/snapshots/READY_FLAG_20260608","logger":"airflow.task.operators.airflow.providers.standard.sensors.filesystem.FileSensor","filename":"filesystem.py","lineno":108}
{"timestamp":"2026-06-08T13:48:43.490691Z","level":"info","event":"Poking for file /mnt/snapshots/READY_FLAG_20260608","logger":"airflow.task.operators.airflow.providers.standard.sensors.filesystem.FileSensor","filename":"filesystem.py","lineno":108}
{"timestamp":"2026-06-08T13:48:53.490365Z","level":"info","event":"Poking for file /mnt/snapshots/READY_FLAG_20260608","logger":"airflow.task.operators.airflow.providers.standard.sensors.filesystem.FileSensor","filename":"filesystem.py","lineno":108}
{"timestamp":"2026-06-08T13:49:03.492898Z","level":"info","event":"Poking for file /mnt/snapshots/READY_FLAG_20260608","logger":"airflow.task.operators.airflow.providers.standard.sensors.filesystem.FileSensor","filename":"filesystem.py","lineno":108}
{"timestamp":"2026-06-08T13:49:13.494283Z","level":"info","event":"Poking for file /mnt/snapshots/READY_FLAG_20260608","logger":"airflow.task.operators.airflow.providers.standard.sensors.filesystem.FileSensor","filename":"filesystem.py","lineno":108}
{"timestamp":"2026-06-08T13:49:23.494208Z","level":"info","event":"Poking for file /mnt/snapshots/READY_FLAG_20260608","logger":"airflow.task.operators.airflow.providers.standard.sensors.filesystem.FileSensor","filename":"filesystem.py","lineno":108}
{"timestamp":"2026-06-08T13:49:33.495568Z","level":"info","event":"Poking for file /mnt/snapshots/READY_FLAG_20260608","logger":"airflow.task.operators.airflow.providers.standard.sensors.filesystem.FileSensor","filename":"filesystem.py","lineno":108}
{"timestamp":"2026-06-08T13:49:43.499834Z","level":"info","event":"Poking for file /mnt/snapshots/READY_FLAG_20260608","logger":"airflow.task.operators.airflow.providers.standard.sensors.filesystem.FileSensor","filename":"filesystem.py","lineno":108}
{"timestamp":"2026-06-08T13:49:53.499346Z","level":"info","event":"Poking for file /mnt/snapshots/READY_FLAG_20260608","logger":"airflow.task.operators.airflow.providers.standard.sensors.filesystem.FileSensor","filename":"filesystem.py","lineno":108}
{"timestamp":"2026-06-08T13:50:03.501521Z","level":"info","event":"Poking for file /mnt/snapshots/READY_FLAG_20260608","logger":"airflow.task.operators.airflow.providers.standard.sensors.filesystem.FileSensor","filename":"filesystem.py","lineno":108}
{"timestamp":"2026-06-08T13:50:13.503587Z","level":"info","event":"Poking for file /mnt/snapshots/READY_FLAG_20260608","logger":"airflow.task.operators.airflow.providers.standard.sensors.filesystem.FileSensor","filename":"filesystem.py","lineno":108}
{"timestamp":"2026-06-08T13:50:23.503103Z","level":"info","event":"Poking for file /mnt/snapshots/READY_FLAG_20260608","logger":"airflow.task.operators.airflow.providers.standard.sensors.filesystem.FileSensor","filename":"filesystem.py","lineno":108}
{"timestamp":"2026-06-08T13:50:33.504582Z","level":"info","event":"Poking for file /mnt/snapshots/READY_FLAG_20260608","logger":"airflow.task.operators.airflow.providers.standard.sensors.filesystem.FileSensor","filename":"filesystem.py","lineno":108}
{"timestamp":"2026-06-08T13:50:43.507361Z","level":"info","event":"Poking for file /mnt/snapshots/READY_FLAG_20260608","logger":"airflow.task.operators.airflow.providers.standard.sensors.filesystem.FileSensor","filename":"filesystem.py","lineno":108}
{"timestamp":"2026-06-08T13:50:53.507419Z","level":"info","event":"Poking for file /mnt/snapshots/READY_FLAG_20260608","logger":"airflow.task.operators.airflow.providers.standard.sensors.filesystem.FileSensor","filename":"filesystem.py","lineno":108}
{"timestamp":"2026-06-08T13:51:03.508968Z","level":"info","event":"Poking for file /mnt/snapshots/READY_FLAG_20260608","logger":"airflow.task.operators.airflow.providers.standard.sensors.filesystem.FileSensor","filename":"filesystem.py","lineno":108}
{"timestamp":"2026-06-08T13:51:03.514644Z","level":"info","event":"Found File /mnt/snapshots/READY_FLAG_20260608 last modified: 20260608135053","logger":"airflow.task.operators.airflow.providers.standard.sensors.filesystem.FileSensor","filename":"filesystem.py","lineno":112}
{"timestamp":"2026-06-08T13:51:03.514769Z","level":"info","event":"Success criteria met. Exiting.","logger":"airflow.task.operators.airflow.providers.standard.sensors.filesystem.FileSensor","filename":"sensor.py","lineno":248}
{"timestamp":"2026-06-08T13:51:03.514977Z","level":"info","event":"Poking for file /mnt/snapshots/READY_FLAG_20260608","logger":"airflow.task.operators.airflow.providers.standard.sensors.filesystem.FileSensor","filename":"filesystem.py","lineno":108}
{"timestamp":"2026-06-08T13:51:03.520365Z","level":"info","event":"Found File /mnt/snapshots/READY_FLAG_20260608 last modified: 20260608135053","logger":"airflow.task.operators.airflow.providers.standard.sensors.filesystem.FileSensor","filename":"filesystem.py","lineno":112}
