{"timestamp":"2026-07-08T10:46:20.990715Z","level":"info","event":"DAG bundles loaded: dags-folder","logger":"airflow.dag_processing.bundles.manager.DagBundlesManager","filename":"manager.py","lineno":209}
{"timestamp":"2026-07-08T10:46:20.993227Z","level":"info","event":"Filling up the DagBag from /opt/airflow/dags/factory.py","logger":"airflow.dag_processing.dagbag.BundleDagBag","filename":"dagbag.py","lineno":469}
{"timestamp":"2026-07-08T10:46:21.076852Z","level":"warning","event":"The `airflow.decorators.dag` attribute is deprecated. Please use `'airflow.sdk.dag'`.","category":"UserWarning","filename":"/opt/airflow/dags/factory.py","lineno":4,"logger":"py.warnings"}
{"timestamp":"2026-07-08T10:46:32.256546Z","level":"info","event":"\u001b[0m10:46:22  Running with dbt=1.11.12","logger":"task.stdout"}
{"timestamp":"2026-07-08T10:46:32.257181Z","level":"info","event":"\u001b[0m10:46:22  Registered adapter: postgres=1.10.2","logger":"task.stdout"}
{"timestamp":"2026-07-08T10:46:32.257719Z","level":"info","event":"\u001b[0m10:46:24  Found 5 models, 4 sources, 475 macros","logger":"task.stdout"}
{"timestamp":"2026-07-08T10:46:32.258082Z","level":"info","event":"\u001b[0m10:46:24","logger":"task.stdout"}
{"timestamp":"2026-07-08T10:46:32.258449Z","level":"info","event":"\u001b[0m10:46:24  Concurrency: 4 threads (target='prod')","logger":"task.stdout"}
{"timestamp":"2026-07-08T10:46:32.258811Z","level":"info","event":"\u001b[0m10:46:24","logger":"task.stdout"}
{"timestamp":"2026-07-08T10:46:32.259138Z","level":"info","event":"\u001b[0m10:46:24  1 of 5 START sql view model marts_staging.stg_branches ......................... [RUN]","logger":"task.stdout"}
{"timestamp":"2026-07-08T10:46:32.259622Z","level":"info","event":"\u001b[0m10:46:24  2 of 5 START sql view model marts_staging.stg_customers ........................ [RUN]","logger":"task.stdout"}
{"timestamp":"2026-07-08T10:46:32.260422Z","level":"info","event":"\u001b[0m10:46:24  4 of 5 START sql view model marts_staging.stg_products ......................... [RUN]","logger":"task.stdout"}
{"timestamp":"2026-07-08T10:46:32.260884Z","level":"info","event":"\u001b[0m10:46:24  3 of 5 START sql view model marts_staging.stg_orders ........................... [RUN]","logger":"task.stdout"}
{"timestamp":"2026-07-08T10:46:32.261242Z","level":"info","event":"\u001b[0m10:46:25  4 of 5 OK created sql view model marts_staging.stg_products .................... [\u001b[32mCREATE VIEW\u001b[0m in 0.39s]","logger":"task.stdout"}
{"timestamp":"2026-07-08T10:46:32.261891Z","level":"info","event":"\u001b[0m10:46:25  3 of 5 OK created sql view model marts_staging.stg_orders ...................... [\u001b[32mCREATE VIEW\u001b[0m in 0.40s]","logger":"task.stdout"}
{"timestamp":"2026-07-08T10:46:32.262285Z","level":"info","event":"\u001b[0m10:46:25  1 of 5 OK created sql view model marts_staging.stg_branches .................... [\u001b[32mCREATE VIEW\u001b[0m in 0.41s]","logger":"task.stdout"}
{"timestamp":"2026-07-08T10:46:32.262607Z","level":"info","event":"\u001b[0m10:46:25  2 of 5 OK created sql view model marts_staging.stg_customers ................... [\u001b[32mCREATE VIEW\u001b[0m in 0.41s]","logger":"task.stdout"}
{"timestamp":"2026-07-08T10:46:32.263245Z","level":"info","event":"\u001b[0m10:46:25  5 of 5 START sql incremental model marts_marts.fct_client_b .................... [RUN]","logger":"task.stdout"}
{"timestamp":"2026-07-08T10:46:32.263586Z","level":"info","event":"\u001b[0m10:46:30  5 of 5 OK created sql incremental model marts_marts.fct_client_b ............... [\u001b[32mINSERT 0 1\u001b[0m in 5.34s]","logger":"task.stdout"}
{"timestamp":"2026-07-08T10:46:32.264142Z","level":"info","event":"\u001b[0m10:46:30","logger":"task.stdout"}
{"timestamp":"2026-07-08T10:46:32.264527Z","level":"info","event":"\u001b[0m10:46:30  Finished running 1 incremental model, 4 view models in 0 hours 0 minutes and 6.29 seconds (6.29s).","logger":"task.stdout"}
{"timestamp":"2026-07-08T10:46:32.265167Z","level":"info","event":"\u001b[0m10:46:30","logger":"task.stdout"}
{"timestamp":"2026-07-08T10:46:32.265865Z","level":"info","event":"\u001b[0m10:46:30  \u001b[32mCompleted successfully\u001b[0m","logger":"task.stdout"}
{"timestamp":"2026-07-08T10:46:32.266306Z","level":"info","event":"\u001b[0m10:46:30","logger":"task.stdout"}
{"timestamp":"2026-07-08T10:46:32.266873Z","level":"info","event":"\u001b[0m10:46:30  Done. PASS=5 WARN=0 ERROR=0 SKIP=0 NO-OP=0 TOTAL=5","logger":"task.stdout"}
{"timestamp":"2026-07-08T10:46:32.267518Z","level":"info","event":"","logger":"task.stdout"}
{"timestamp":"2026-07-08T10:46:32.256486Z","level":"info","event":"Done. Returned value was: None","logger":"airflow.task.operators.airflow.providers.standard.operators.python.PythonOperator","filename":"python.py","lineno":229}
