{"timestamp":"2026-07-08T10:56:08.516668Z","level":"info","event":"DAG bundles loaded: dags-folder","logger":"airflow.dag_processing.bundles.manager.DagBundlesManager","filename":"manager.py","lineno":209}
{"timestamp":"2026-07-08T10:56:08.519908Z","level":"info","event":"Filling up the DagBag from /opt/airflow/dags/factory.py","logger":"airflow.dag_processing.dagbag.BundleDagBag","filename":"dagbag.py","lineno":469}
{"timestamp":"2026-07-08T10:56:08.600655Z","level":"warning","event":"The `airflow.decorators.dag` attribute is deprecated. Please use `'airflow.sdk.dag'`.","category":"UserWarning","filename":"/opt/airflow/dags/factory.py","lineno":4,"logger":"py.warnings"}
{"timestamp":"2026-07-08T10:56:15.180373Z","level":"info","event":"\u001b[0m10:56:10  Running with dbt=1.11.12","logger":"task.stdout"}
{"timestamp":"2026-07-08T10:56:15.181731Z","level":"info","event":"\u001b[0m10:56:10  Registered adapter: postgres=1.10.2","logger":"task.stdout"}
{"timestamp":"2026-07-08T10:56:15.182684Z","level":"info","event":"\u001b[0m10:56:11  Found 5 models, 4 sources, 475 macros","logger":"task.stdout"}
{"timestamp":"2026-07-08T10:56:15.183420Z","level":"info","event":"\u001b[0m10:56:11","logger":"task.stdout"}
{"timestamp":"2026-07-08T10:56:15.185128Z","level":"info","event":"\u001b[0m10:56:11  Concurrency: 4 threads (target='prod')","logger":"task.stdout"}
{"timestamp":"2026-07-08T10:56:15.186990Z","level":"info","event":"\u001b[0m10:56:11","logger":"task.stdout"}
{"timestamp":"2026-07-08T10:56:15.187880Z","level":"info","event":"\u001b[0m10:56:11  2 of 5 START sql view model marts_staging.stg_customers ........................ [RUN]","logger":"task.stdout"}
{"timestamp":"2026-07-08T10:56:15.189466Z","level":"info","event":"\u001b[0m10:56:11  4 of 5 START sql view model marts_staging.stg_products ......................... [RUN]","logger":"task.stdout"}
{"timestamp":"2026-07-08T10:56:15.191765Z","level":"info","event":"\u001b[0m10:56:11  1 of 5 START sql view model marts_staging.stg_branches ......................... [RUN]","logger":"task.stdout"}
{"timestamp":"2026-07-08T10:56:15.192292Z","level":"info","event":"\u001b[0m10:56:11  3 of 5 START sql view model marts_staging.stg_orders ........................... [RUN]","logger":"task.stdout"}
{"timestamp":"2026-07-08T10:56:15.194214Z","level":"info","event":"\u001b[0m10:56:12  1 of 5 OK created sql view model marts_staging.stg_branches .................... [\u001b[32mCREATE VIEW\u001b[0m in 0.27s]","logger":"task.stdout"}
{"timestamp":"2026-07-08T10:56:15.196096Z","level":"info","event":"\u001b[0m10:56:12  3 of 5 OK created sql view model marts_staging.stg_orders ...................... [\u001b[32mCREATE VIEW\u001b[0m in 0.28s]","logger":"task.stdout"}
{"timestamp":"2026-07-08T10:56:15.196686Z","level":"info","event":"\u001b[0m10:56:12  2 of 5 OK created sql view model marts_staging.stg_customers ................... [\u001b[32mCREATE VIEW\u001b[0m in 0.29s]","logger":"task.stdout"}
{"timestamp":"2026-07-08T10:56:15.197211Z","level":"info","event":"\u001b[0m10:56:12  4 of 5 OK created sql view model marts_staging.stg_products .................... [\u001b[32mCREATE VIEW\u001b[0m in 0.29s]","logger":"task.stdout"}
{"timestamp":"2026-07-08T10:56:15.197941Z","level":"info","event":"\u001b[0m10:56:12  5 of 5 START sql incremental model marts_marts.fct_client_b .................... [RUN]","logger":"task.stdout"}
{"timestamp":"2026-07-08T10:56:15.198530Z","level":"info","event":"\u001b[0m10:56:13  5 of 5 OK created sql incremental model marts_marts.fct_client_b ............... [\u001b[32mINSERT 0 0\u001b[0m in 1.49s]","logger":"task.stdout"}
{"timestamp":"2026-07-08T10:56:15.199392Z","level":"info","event":"\u001b[0m10:56:13","logger":"task.stdout"}
{"timestamp":"2026-07-08T10:56:15.200045Z","level":"info","event":"\u001b[0m10:56:13  Finished running 1 incremental model, 4 view models in 0 hours 0 minutes and 2.15 seconds (2.15s).","logger":"task.stdout"}
{"timestamp":"2026-07-08T10:56:15.200646Z","level":"info","event":"\u001b[0m10:56:13","logger":"task.stdout"}
{"timestamp":"2026-07-08T10:56:15.201231Z","level":"info","event":"\u001b[0m10:56:13  \u001b[32mCompleted successfully\u001b[0m","logger":"task.stdout"}
{"timestamp":"2026-07-08T10:56:15.202100Z","level":"info","event":"\u001b[0m10:56:13","logger":"task.stdout"}
{"timestamp":"2026-07-08T10:56:15.202893Z","level":"info","event":"\u001b[0m10:56:13  Done. PASS=5 WARN=0 ERROR=0 SKIP=0 NO-OP=0 TOTAL=5","logger":"task.stdout"}
{"timestamp":"2026-07-08T10:56:15.203407Z","level":"info","event":"","logger":"task.stdout"}
{"timestamp":"2026-07-08T10:56:15.180232Z","level":"info","event":"Done. Returned value was: None","logger":"airflow.task.operators.airflow.providers.standard.operators.python.PythonOperator","filename":"python.py","lineno":229}
