{"timestamp":"2026-07-08T13:21:13.567591Z","level":"info","event":"DAG bundles loaded: dags-folder","logger":"airflow.dag_processing.bundles.manager.DagBundlesManager","filename":"manager.py","lineno":209}
{"timestamp":"2026-07-08T13:21:13.572411Z","level":"info","event":"Filling up the DagBag from /opt/airflow/dags/oracle_dlt_dbt_dag.py","logger":"airflow.dag_processing.dagbag.BundleDagBag","filename":"dagbag.py","lineno":469}
{"timestamp":"2026-07-08T13:21:13.690042Z","level":"error","event":"Failed to import: /opt/airflow/dags/oracle_dlt_dbt_dag.py","logger":"airflow.dag_processing.importers.python_importer","filename":"python_importer.py","lineno":244,"error_detail":[{"exc_type":"ModuleNotFoundError","exc_value":"No module named 'dlt'","exc_notes":[],"syntax_error":null,"is_cause":false,"frames":[{"filename":"/home/airflow/.local/lib/python3.13/site-packages/airflow/dag_processing/importers/python_importer.py","lineno":238,"name":"parse"},{"filename":"<frozen importlib._bootstrap_external>","lineno":1023,"name":"exec_module"},{"filename":"<frozen importlib._bootstrap>","lineno":488,"name":"_call_with_frames_removed"},{"filename":"/opt/airflow/dags/oracle_dlt_dbt_dag.py","lineno":33,"name":"<module>"},{"filename":"/opt/airflow/dlt_pipelines/oracle_to_staging.py","lineno":6,"name":"<module>"}],"is_group":false,"exceptions":[]}]}
{"timestamp":"2026-07-08T13:21:13.716343Z","level":"error","event":"Error loading DAG from oracle_dlt_dbt_dag.py: No module named 'dlt'","logger":"airflow.dag_processing.dagbag.BundleDagBag","filename":"dagbag.py","lineno":327}
{"timestamp":"2026-07-08T13:21:13.717020Z","level":"error","event":"Dag not found during start up","dag_id":"oracle_dlt_dbt_warehouse","bundle":"BundleInfo(name='dags-folder', version=None)","path":"oracle_dlt_dbt_dag.py","logger":"task","filename":"task_runner.py","lineno":788}
{"timestamp":"2026-07-08T13:21:13.717900Z","level":"warning","event":"Rescheduling task during startup, marking task as UP_FOR_RESCHEDULE","logger":"task","filename":"task_runner.py","lineno":1862}
{"timestamp":"2026-07-08T13:44:31.095587Z","level":"info","event":"DAG bundles loaded: dags-folder","logger":"airflow.dag_processing.bundles.manager.DagBundlesManager","filename":"manager.py","lineno":209}
{"timestamp":"2026-07-08T13:44:31.099209Z","level":"info","event":"Filling up the DagBag from /opt/airflow/dags/oracle_dlt_dbt_dag.py","logger":"airflow.dag_processing.dagbag.BundleDagBag","filename":"dagbag.py","lineno":469}
{"timestamp":"2026-07-08T13:44:31.541110Z","level":"info","event":"Poking for file /mnt/snapshots/READY_FLAG_20260708","logger":"airflow.task.operators.airflow.providers.standard.sensors.filesystem.FileSensor","filename":"filesystem.py","lineno":108}
{"timestamp":"2026-07-08T13:44:41.544839Z","level":"info","event":"Poking for file /mnt/snapshots/READY_FLAG_20260708","logger":"airflow.task.operators.airflow.providers.standard.sensors.filesystem.FileSensor","filename":"filesystem.py","lineno":108}
{"timestamp":"2026-07-08T13:44:51.546923Z","level":"info","event":"Poking for file /mnt/snapshots/READY_FLAG_20260708","logger":"airflow.task.operators.airflow.providers.standard.sensors.filesystem.FileSensor","filename":"filesystem.py","lineno":108}
{"timestamp":"2026-07-08T13:45:01.548944Z","level":"info","event":"Poking for file /mnt/snapshots/READY_FLAG_20260708","logger":"airflow.task.operators.airflow.providers.standard.sensors.filesystem.FileSensor","filename":"filesystem.py","lineno":108}
{"timestamp":"2026-07-08T13:45:11.550684Z","level":"info","event":"Poking for file /mnt/snapshots/READY_FLAG_20260708","logger":"airflow.task.operators.airflow.providers.standard.sensors.filesystem.FileSensor","filename":"filesystem.py","lineno":108}
{"timestamp":"2026-07-08T13:45:21.552407Z","level":"info","event":"Poking for file /mnt/snapshots/READY_FLAG_20260708","logger":"airflow.task.operators.airflow.providers.standard.sensors.filesystem.FileSensor","filename":"filesystem.py","lineno":108}
{"timestamp":"2026-07-08T13:45:31.550291Z","level":"info","event":"Poking for file /mnt/snapshots/READY_FLAG_20260708","logger":"airflow.task.operators.airflow.providers.standard.sensors.filesystem.FileSensor","filename":"filesystem.py","lineno":108}
{"timestamp":"2026-07-08T13:45:41.552812Z","level":"info","event":"Poking for file /mnt/snapshots/READY_FLAG_20260708","logger":"airflow.task.operators.airflow.providers.standard.sensors.filesystem.FileSensor","filename":"filesystem.py","lineno":108}
{"timestamp":"2026-07-08T13:45:51.555790Z","level":"info","event":"Poking for file /mnt/snapshots/READY_FLAG_20260708","logger":"airflow.task.operators.airflow.providers.standard.sensors.filesystem.FileSensor","filename":"filesystem.py","lineno":108}
{"timestamp":"2026-07-08T13:46:01.554100Z","level":"info","event":"Poking for file /mnt/snapshots/READY_FLAG_20260708","logger":"airflow.task.operators.airflow.providers.standard.sensors.filesystem.FileSensor","filename":"filesystem.py","lineno":108}
{"timestamp":"2026-07-08T13:46:11.555140Z","level":"info","event":"Poking for file /mnt/snapshots/READY_FLAG_20260708","logger":"airflow.task.operators.airflow.providers.standard.sensors.filesystem.FileSensor","filename":"filesystem.py","lineno":108}
{"timestamp":"2026-07-08T13:46:21.556550Z","level":"info","event":"Poking for file /mnt/snapshots/READY_FLAG_20260708","logger":"airflow.task.operators.airflow.providers.standard.sensors.filesystem.FileSensor","filename":"filesystem.py","lineno":108}
{"timestamp":"2026-07-08T13:46:31.555112Z","level":"info","event":"Poking for file /mnt/snapshots/READY_FLAG_20260708","logger":"airflow.task.operators.airflow.providers.standard.sensors.filesystem.FileSensor","filename":"filesystem.py","lineno":108}
{"timestamp":"2026-07-08T13:46:41.556259Z","level":"info","event":"Poking for file /mnt/snapshots/READY_FLAG_20260708","logger":"airflow.task.operators.airflow.providers.standard.sensors.filesystem.FileSensor","filename":"filesystem.py","lineno":108}
