{"timestamp":"2026-05-21T08:11:59.832982Z","level":"info","event":"DAG bundles loaded: dags-folder","logger":"airflow.dag_processing.bundles.manager.DagBundlesManager","filename":"manager.py","lineno":209}
{"timestamp":"2026-05-21T08:11:59.835654Z","level":"info","event":"Filling up the DagBag from /opt/airflow/dags/oracle_dlt_dbt_dag.py","logger":"airflow.dag_processing.dagbag.BundleDagBag","filename":"dagbag.py","lineno":469}
{"timestamp":"2026-05-21T08:12:00.216001Z","level":"info","event":"[DBT] Running: dbt run --project-dir /opt/airflow/dbt_project --profiles-dir /opt/airflow/dbt_project --select staging --no-version-check --no-partial-parse","logger":"task.stdout"}
{"timestamp":"2026-05-21T08:12:06.550032Z","level":"info","event":"\u001b[0m08:12:02  Running with dbt=1.11.11","logger":"task.stdout"}
{"timestamp":"2026-05-21T08:12:06.550956Z","level":"info","event":"\u001b[0m08:12:02  Registered adapter: postgres=1.10.0","logger":"task.stdout"}
{"timestamp":"2026-05-21T08:12:06.551691Z","level":"info","event":"\u001b[0m08:12:03  [\u001b[33mWARNING\u001b[0m][MissingArgumentsPropertyInGenericTestDeprecation]: Deprecated","logger":"task.stdout"}
{"timestamp":"2026-05-21T08:12:06.552177Z","level":"info","event":"functionality","logger":"task.stdout"}
{"timestamp":"2026-05-21T08:12:06.553101Z","level":"info","event":"Found top-level arguments to test `accepted_values` defined on 'fct_orders' in","logger":"task.stdout"}
{"timestamp":"2026-05-21T08:12:06.553871Z","level":"info","event":"package 'oracle_warehouse' (models/marts/schema.yml). Arguments to generic tests","logger":"task.stdout"}
{"timestamp":"2026-05-21T08:12:06.554535Z","level":"info","event":"should be nested under the `arguments` property.","logger":"task.stdout"}
{"timestamp":"2026-05-21T08:12:06.555048Z","level":"info","event":"\u001b[0m08:12:04  Found 4 models, 15 data tests, 2 sources, 475 macros","logger":"task.stdout"}
{"timestamp":"2026-05-21T08:12:06.555350Z","level":"info","event":"\u001b[0m08:12:04","logger":"task.stdout"}
{"timestamp":"2026-05-21T08:12:06.555779Z","level":"info","event":"\u001b[0m08:12:04  Concurrency: 4 threads (target='prod')","logger":"task.stdout"}
{"timestamp":"2026-05-21T08:12:06.555976Z","level":"info","event":"\u001b[0m08:12:04","logger":"task.stdout"}
{"timestamp":"2026-05-21T08:12:06.556149Z","level":"info","event":"\u001b[0m08:12:04  1 of 2 START sql view model marts_marts.stg_customers .......................... [RUN]","logger":"task.stdout"}
{"timestamp":"2026-05-21T08:12:06.556361Z","level":"info","event":"\u001b[0m08:12:04  2 of 2 START sql view model marts_marts.stg_orders ............................. [RUN]","logger":"task.stdout"}
{"timestamp":"2026-05-21T08:12:06.556676Z","level":"info","event":"\u001b[0m08:12:05  2 of 2 OK created sql view model marts_marts.stg_orders ........................ [\u001b[32mCREATE VIEW\u001b[0m in 0.34s]","logger":"task.stdout"}
{"timestamp":"2026-05-21T08:12:06.557203Z","level":"info","event":"\u001b[0m08:12:05  1 of 2 OK created sql view model marts_marts.stg_customers ..................... [\u001b[32mCREATE VIEW\u001b[0m in 0.37s]","logger":"task.stdout"}
{"timestamp":"2026-05-21T08:12:06.557627Z","level":"info","event":"\u001b[0m08:12:05","logger":"task.stdout"}
{"timestamp":"2026-05-21T08:12:06.558159Z","level":"info","event":"\u001b[0m08:12:05  Finished running 2 view models in 0 hours 0 minutes and 0.79 seconds (0.79s).","logger":"task.stdout"}
{"timestamp":"2026-05-21T08:12:06.558450Z","level":"info","event":"\u001b[0m08:12:05","logger":"task.stdout"}
{"timestamp":"2026-05-21T08:12:06.558685Z","level":"info","event":"\u001b[0m08:12:05  \u001b[32mCompleted successfully\u001b[0m","logger":"task.stdout"}
{"timestamp":"2026-05-21T08:12:06.558918Z","level":"info","event":"\u001b[0m08:12:05","logger":"task.stdout"}
{"timestamp":"2026-05-21T08:12:06.559213Z","level":"info","event":"\u001b[0m08:12:05  Done. PASS=2 WARN=0 ERROR=0 SKIP=0 NO-OP=0 TOTAL=2","logger":"task.stdout"}
{"timestamp":"2026-05-21T08:12:06.559532Z","level":"info","event":"\u001b[0m08:12:05  [\u001b[33mWARNING\u001b[0m][DeprecationsSummary]: Deprecated functionality","logger":"task.stdout"}
{"timestamp":"2026-05-21T08:12:06.560091Z","level":"info","event":"Summary of encountered deprecations:","logger":"task.stdout"}
{"timestamp":"2026-05-21T08:12:06.560365Z","level":"info","event":"- MissingArgumentsPropertyInGenericTestDeprecation: 2 occurrences","logger":"task.stdout"}
{"timestamp":"2026-05-21T08:12:06.560612Z","level":"info","event":"To see all deprecation instances instead of just the first occurrence of each,","logger":"task.stdout"}
{"timestamp":"2026-05-21T08:12:06.560911Z","level":"info","event":"run command again with the `--show-all-deprecations` flag. You may also need to","logger":"task.stdout"}
{"timestamp":"2026-05-21T08:12:06.561189Z","level":"info","event":"run with `--no-partial-parse` as some deprecations are only encountered during","logger":"task.stdout"}
{"timestamp":"2026-05-21T08:12:06.561491Z","level":"info","event":"parsing.","logger":"task.stdout"}
{"timestamp":"2026-05-21T08:12:06.561785Z","level":"info","event":"","logger":"task.stdout"}
{"timestamp":"2026-05-21T08:12:06.550193Z","level":"info","event":"Done. Returned value was: {'selector': 'staging', 'returncode': 0}","logger":"airflow.task.operators.airflow.providers.standard.operators.python.PythonOperator","filename":"python.py","lineno":229}
{"timestamp":"2026-05-21T08:12:06.550620Z","level":"info","event":"Pushing xcom","ti":"RuntimeTaskInstance(id=UUID('019e4994-fcb9-74e6-a87e-5ec9834f882e'), task_id='dbt_build_staging_views', dag_id='oracle_dlt_dbt_warehouse', run_id='scheduled__2026-05-21T00:00:00+00:00', try_number=1, dag_version_id=UUID('019e4688-5a96-7d7c-8848-7a7d95bb7aea'), map_index=-1, hostname='airflow_webserver', context_carrier={'traceparent': '00-402e74339e28848ab6b5370359af4b10-2c0131a2389ba294-01'}, task=<Task(PythonOperator): dbt_build_staging_views>, bundle_instance=LocalDagBundle(name=dags-folder), max_tries=0, start_date=datetime.datetime(2026, 5, 21, 8, 11, 59, 793458, tzinfo=datetime.timezone.utc), end_date=None, state=<TaskInstanceState.RUNNING: 'running'>, is_mapped=False, rendered_map_index=None, sentry_integration='')","logger":"task","filename":"task_runner.py","lineno":1724}
