{"timestamp":"2026-07-08T11:00:10.196764Z","level":"info","event":"DAG bundles loaded: dags-folder","logger":"airflow.dag_processing.bundles.manager.DagBundlesManager","filename":"manager.py","lineno":209}
{"timestamp":"2026-07-08T11:00:10.199029Z","level":"info","event":"Filling up the DagBag from /opt/airflow/dags/factory.py","logger":"airflow.dag_processing.dagbag.BundleDagBag","filename":"dagbag.py","lineno":469}
{"timestamp":"2026-07-08T11:00:10.268841Z","level":"warning","event":"The `airflow.decorators.dag` attribute is deprecated. Please use `'airflow.sdk.dag'`.","category":"UserWarning","filename":"/opt/airflow/dags/factory.py","lineno":4,"logger":"py.warnings"}
{"timestamp":"2026-07-08T11:00:17.556660Z","level":"info","event":"\u001b[0m11:00:11  Running with dbt=1.11.12","logger":"task.stdout"}
{"timestamp":"2026-07-08T11:00:17.558005Z","level":"info","event":"\u001b[0m11:00:12  Registered adapter: postgres=1.10.2","logger":"task.stdout"}
{"timestamp":"2026-07-08T11:00:17.559134Z","level":"info","event":"\u001b[0m11:00:13  Found 5 models, 4 sources, 475 macros","logger":"task.stdout"}
{"timestamp":"2026-07-08T11:00:17.559971Z","level":"info","event":"\u001b[0m11:00:13","logger":"task.stdout"}
{"timestamp":"2026-07-08T11:00:17.560873Z","level":"info","event":"\u001b[0m11:00:13  Concurrency: 4 threads (target='prod')","logger":"task.stdout"}
{"timestamp":"2026-07-08T11:00:17.561495Z","level":"info","event":"\u001b[0m11:00:13","logger":"task.stdout"}
{"timestamp":"2026-07-08T11:00:17.562298Z","level":"info","event":"\u001b[0m11:00:13  1 of 5 START sql view model marts_staging.stg_branches ......................... [RUN]","logger":"task.stdout"}
{"timestamp":"2026-07-08T11:00:17.563102Z","level":"info","event":"\u001b[0m11:00:13  3 of 5 START sql view model marts_staging.stg_orders ........................... [RUN]","logger":"task.stdout"}
{"timestamp":"2026-07-08T11:00:17.563780Z","level":"info","event":"\u001b[0m11:00:13  4 of 5 START sql view model marts_staging.stg_products ......................... [RUN]","logger":"task.stdout"}
{"timestamp":"2026-07-08T11:00:17.564598Z","level":"info","event":"\u001b[0m11:00:13  2 of 5 START sql view model marts_staging.stg_customers ........................ [RUN]","logger":"task.stdout"}
{"timestamp":"2026-07-08T11:00:17.565793Z","level":"info","event":"\u001b[0m11:00:14  2 of 5 OK created sql view model marts_staging.stg_customers ................... [\u001b[32mCREATE VIEW\u001b[0m in 0.28s]","logger":"task.stdout"}
{"timestamp":"2026-07-08T11:00:17.567113Z","level":"info","event":"\u001b[0m11:00:14  3 of 5 OK created sql view model marts_staging.stg_orders ...................... [\u001b[32mCREATE VIEW\u001b[0m in 0.29s]","logger":"task.stdout"}
{"timestamp":"2026-07-08T11:00:17.568498Z","level":"info","event":"\u001b[0m11:00:14  1 of 5 OK created sql view model marts_staging.stg_branches .................... [\u001b[32mCREATE VIEW\u001b[0m in 0.31s]","logger":"task.stdout"}
{"timestamp":"2026-07-08T11:00:17.569798Z","level":"info","event":"\u001b[0m11:00:14  5 of 5 START sql incremental model marts_marts.fct_client_b .................... [RUN]","logger":"task.stdout"}
{"timestamp":"2026-07-08T11:00:17.570505Z","level":"info","event":"\u001b[0m11:00:14  4 of 5 OK created sql view model marts_staging.stg_products .................... [\u001b[32mCREATE VIEW\u001b[0m in 0.32s]","logger":"task.stdout"}
{"timestamp":"2026-07-08T11:00:17.571078Z","level":"info","event":"\u001b[0m11:00:15  5 of 5 OK created sql incremental model marts_marts.fct_client_b ............... [\u001b[32mINSERT 0 0\u001b[0m in 1.68s]","logger":"task.stdout"}
{"timestamp":"2026-07-08T11:00:17.572146Z","level":"info","event":"\u001b[0m11:00:15","logger":"task.stdout"}
{"timestamp":"2026-07-08T11:00:17.572808Z","level":"info","event":"\u001b[0m11:00:15  Finished running 1 incremental model, 4 view models in 0 hours 0 minutes and 2.37 seconds (2.37s).","logger":"task.stdout"}
{"timestamp":"2026-07-08T11:00:17.573729Z","level":"info","event":"\u001b[0m11:00:16","logger":"task.stdout"}
{"timestamp":"2026-07-08T11:00:17.574445Z","level":"info","event":"\u001b[0m11:00:16  \u001b[32mCompleted successfully\u001b[0m","logger":"task.stdout"}
{"timestamp":"2026-07-08T11:00:17.575252Z","level":"info","event":"\u001b[0m11:00:16","logger":"task.stdout"}
{"timestamp":"2026-07-08T11:00:17.576121Z","level":"info","event":"\u001b[0m11:00:16  Done. PASS=5 WARN=0 ERROR=0 SKIP=0 NO-OP=0 TOTAL=5","logger":"task.stdout"}
{"timestamp":"2026-07-08T11:00:17.576928Z","level":"info","event":"","logger":"task.stdout"}
{"timestamp":"2026-07-08T11:00:17.556710Z","level":"info","event":"Done. Returned value was: None","logger":"airflow.task.operators.airflow.providers.standard.operators.python.PythonOperator","filename":"python.py","lineno":229}
