{"timestamp":"2026-07-08T11:06:12.403259Z","level":"info","event":"DAG bundles loaded: dags-folder","logger":"airflow.dag_processing.bundles.manager.DagBundlesManager","filename":"manager.py","lineno":209}
{"timestamp":"2026-07-08T11:06:12.406010Z","level":"info","event":"Filling up the DagBag from /opt/airflow/dags/factory.py","logger":"airflow.dag_processing.dagbag.BundleDagBag","filename":"dagbag.py","lineno":469}
{"timestamp":"2026-07-08T11:06:12.482668Z","level":"warning","event":"The `airflow.decorators.dag` attribute is deprecated. Please use `'airflow.sdk.dag'`.","category":"UserWarning","filename":"/opt/airflow/dags/factory.py","lineno":4,"logger":"py.warnings"}
{"timestamp":"2026-07-08T11:06:21.129906Z","level":"info","event":"\u001b[0m11:06:14  Running with dbt=1.11.12","logger":"task.stdout"}
{"timestamp":"2026-07-08T11:06:21.130839Z","level":"info","event":"\u001b[0m11:06:14  Registered adapter: postgres=1.10.2","logger":"task.stdout"}
{"timestamp":"2026-07-08T11:06:21.131506Z","level":"info","event":"\u001b[0m11:06:16  Found 5 models, 4 sources, 475 macros","logger":"task.stdout"}
{"timestamp":"2026-07-08T11:06:21.132247Z","level":"info","event":"\u001b[0m11:06:16","logger":"task.stdout"}
{"timestamp":"2026-07-08T11:06:21.132835Z","level":"info","event":"\u001b[0m11:06:16  Concurrency: 4 threads (target='prod')","logger":"task.stdout"}
{"timestamp":"2026-07-08T11:06:21.133241Z","level":"info","event":"\u001b[0m11:06:16","logger":"task.stdout"}
{"timestamp":"2026-07-08T11:06:21.133666Z","level":"info","event":"\u001b[0m11:06:16  1 of 5 START sql view model marts_staging.stg_branches ......................... [RUN]","logger":"task.stdout"}
{"timestamp":"2026-07-08T11:06:21.134173Z","level":"info","event":"\u001b[0m11:06:16  4 of 5 START sql view model marts_staging.stg_products ......................... [RUN]","logger":"task.stdout"}
{"timestamp":"2026-07-08T11:06:21.135009Z","level":"info","event":"\u001b[0m11:06:16  2 of 5 START sql view model marts_staging.stg_customers ........................ [RUN]","logger":"task.stdout"}
{"timestamp":"2026-07-08T11:06:21.135616Z","level":"info","event":"\u001b[0m11:06:16  3 of 5 START sql view model marts_staging.stg_orders ........................... [RUN]","logger":"task.stdout"}
{"timestamp":"2026-07-08T11:06:21.135978Z","level":"info","event":"\u001b[0m11:06:17  4 of 5 OK created sql view model marts_staging.stg_products .................... [\u001b[32mCREATE VIEW\u001b[0m in 0.51s]","logger":"task.stdout"}
{"timestamp":"2026-07-08T11:06:21.136379Z","level":"info","event":"\u001b[0m11:06:17  2 of 5 OK created sql view model marts_staging.stg_customers ................... [\u001b[32mCREATE VIEW\u001b[0m in 0.52s]","logger":"task.stdout"}
{"timestamp":"2026-07-08T11:06:21.137031Z","level":"info","event":"\u001b[0m11:06:17  1 of 5 OK created sql view model marts_staging.stg_branches .................... [\u001b[32mCREATE VIEW\u001b[0m in 0.54s]","logger":"task.stdout"}
{"timestamp":"2026-07-08T11:06:21.137417Z","level":"info","event":"\u001b[0m11:06:17  3 of 5 OK created sql view model marts_staging.stg_orders ...................... [\u001b[32mCREATE VIEW\u001b[0m in 0.53s]","logger":"task.stdout"}
{"timestamp":"2026-07-08T11:06:21.137981Z","level":"info","event":"\u001b[0m11:06:17  5 of 5 START sql incremental model marts_marts.fct_client_b .................... [RUN]","logger":"task.stdout"}
{"timestamp":"2026-07-08T11:06:21.138754Z","level":"info","event":"\u001b[0m11:06:19  5 of 5 OK created sql incremental model marts_marts.fct_client_b ............... [\u001b[32mINSERT 0 0\u001b[0m in 1.88s]","logger":"task.stdout"}
{"timestamp":"2026-07-08T11:06:21.139636Z","level":"info","event":"\u001b[0m11:06:19","logger":"task.stdout"}
{"timestamp":"2026-07-08T11:06:21.141146Z","level":"info","event":"\u001b[0m11:06:19  Finished running 1 incremental model, 4 view models in 0 hours 0 minutes and 3.07 seconds (3.07s).","logger":"task.stdout"}
{"timestamp":"2026-07-08T11:06:21.142737Z","level":"info","event":"\u001b[0m11:06:19","logger":"task.stdout"}
{"timestamp":"2026-07-08T11:06:21.144044Z","level":"info","event":"\u001b[0m11:06:19  \u001b[32mCompleted successfully\u001b[0m","logger":"task.stdout"}
{"timestamp":"2026-07-08T11:06:21.145097Z","level":"info","event":"\u001b[0m11:06:19","logger":"task.stdout"}
{"timestamp":"2026-07-08T11:06:21.145424Z","level":"info","event":"\u001b[0m11:06:19  Done. PASS=5 WARN=0 ERROR=0 SKIP=0 NO-OP=0 TOTAL=5","logger":"task.stdout"}
{"timestamp":"2026-07-08T11:06:21.145737Z","level":"info","event":"","logger":"task.stdout"}
{"timestamp":"2026-07-08T11:06:21.129903Z","level":"info","event":"Done. Returned value was: None","logger":"airflow.task.operators.airflow.providers.standard.operators.python.PythonOperator","filename":"python.py","lineno":229}
