{"timestamp":"2026-08-03T21:00:40.299449Z","level":"info","event":"DAG bundles loaded: dags-folder","logger":"airflow.dag_processing.bundles.manager.DagBundlesManager","filename":"manager.py","lineno":209}
{"timestamp":"2026-08-03T21:00:40.304767Z","level":"info","event":"Filling up the DagBag from /opt/airflow/dags/factory.py","logger":"airflow.dag_processing.dagbag.BundleDagBag","filename":"dagbag.py","lineno":469}
{"timestamp":"2026-08-03T21:00:40.638981Z","level":"warning","event":"The `airflow.decorators.dag` attribute is deprecated. Please use `'airflow.sdk.dag'`.","category":"UserWarning","filename":"/opt/airflow/dags/factory.py","lineno":4,"logger":"py.warnings"}
{"timestamp":"2026-08-03T21:00:41.518498Z","level":"warning","event":"Skipping masking for a secret as it's too short (<5 chars)","logger":"airflow.sdk._shared.secrets_masker.secrets_masker","filename":"secrets_masker.py","lineno":577}
{"timestamp":"2026-08-03T21:00:41.817015Z","level":"info","event":"Poking: SELECT COUNT(*) FROM demo_user.client_b_load_status\nWHERE status = 'COMPLETE' AND processed = 0 (with parameters None)","logger":"airflow.task.operators.airflow.providers.common.sql.sensors.sql.SqlSensor","filename":"sql.py","lineno":100}
{"timestamp":"2026-08-03T21:00:41.981701Z","level":"info","event":"Running statement: SELECT COUNT(*) FROM demo_user.client_b_load_status\nWHERE status = 'COMPLETE' AND processed = 0, parameters: None","logger":"airflow.task.hooks.airflow.providers.oracle.hooks.oracle.OracleHook","filename":"sql.py","lineno":861}
{"timestamp":"2026-08-03T21:00:47.295949Z","level":"info","event":"Rows affected: 0","logger":"airflow.task.hooks.airflow.providers.oracle.hooks.oracle.OracleHook","filename":"sql.py","lineno":879}
{"timestamp":"2026-08-03T21:00:57.347344Z","level":"info","event":"Poking: SELECT COUNT(*) FROM demo_user.client_b_load_status\nWHERE status = 'COMPLETE' AND processed = 0 (with parameters None)","logger":"airflow.task.operators.airflow.providers.common.sql.sensors.sql.SqlSensor","filename":"sql.py","lineno":100}
{"timestamp":"2026-08-03T21:00:57.482814Z","level":"info","event":"Running statement: SELECT COUNT(*) FROM demo_user.client_b_load_status\nWHERE status = 'COMPLETE' AND processed = 0, parameters: None","logger":"airflow.task.hooks.airflow.providers.oracle.hooks.oracle.OracleHook","filename":"sql.py","lineno":861}
{"timestamp":"2026-08-03T21:00:57.485866Z","level":"info","event":"Rows affected: 0","logger":"airflow.task.hooks.airflow.providers.oracle.hooks.oracle.OracleHook","filename":"sql.py","lineno":879}
{"timestamp":"2026-08-03T21:01:07.541985Z","level":"info","event":"Poking: SELECT COUNT(*) FROM demo_user.client_b_load_status\nWHERE status = 'COMPLETE' AND processed = 0 (with parameters None)","logger":"airflow.task.operators.airflow.providers.common.sql.sensors.sql.SqlSensor","filename":"sql.py","lineno":100}
{"timestamp":"2026-08-03T21:01:07.658687Z","level":"info","event":"Running statement: SELECT COUNT(*) FROM demo_user.client_b_load_status\nWHERE status = 'COMPLETE' AND processed = 0, parameters: None","logger":"airflow.task.hooks.airflow.providers.oracle.hooks.oracle.OracleHook","filename":"sql.py","lineno":861}
{"timestamp":"2026-08-03T21:01:07.660415Z","level":"info","event":"Rows affected: 0","logger":"airflow.task.hooks.airflow.providers.oracle.hooks.oracle.OracleHook","filename":"sql.py","lineno":879}
{"timestamp":"2026-08-03T21:01:17.717350Z","level":"info","event":"Poking: SELECT COUNT(*) FROM demo_user.client_b_load_status\nWHERE status = 'COMPLETE' AND processed = 0 (with parameters None)","logger":"airflow.task.operators.airflow.providers.common.sql.sensors.sql.SqlSensor","filename":"sql.py","lineno":100}
{"timestamp":"2026-08-03T21:01:17.795363Z","level":"info","event":"Running statement: SELECT COUNT(*) FROM demo_user.client_b_load_status\nWHERE status = 'COMPLETE' AND processed = 0, parameters: None","logger":"airflow.task.hooks.airflow.providers.oracle.hooks.oracle.OracleHook","filename":"sql.py","lineno":861}
{"timestamp":"2026-08-03T21:01:17.797219Z","level":"info","event":"Rows affected: 0","logger":"airflow.task.hooks.airflow.providers.oracle.hooks.oracle.OracleHook","filename":"sql.py","lineno":879}
{"timestamp":"2026-08-03T21:01:27.854889Z","level":"info","event":"Poking: SELECT COUNT(*) FROM demo_user.client_b_load_status\nWHERE status = 'COMPLETE' AND processed = 0 (with parameters None)","logger":"airflow.task.operators.airflow.providers.common.sql.sensors.sql.SqlSensor","filename":"sql.py","lineno":100}
{"timestamp":"2026-08-03T21:01:27.950400Z","level":"info","event":"Running statement: SELECT COUNT(*) FROM demo_user.client_b_load_status\nWHERE status = 'COMPLETE' AND processed = 0, parameters: None","logger":"airflow.task.hooks.airflow.providers.oracle.hooks.oracle.OracleHook","filename":"sql.py","lineno":861}
{"timestamp":"2026-08-03T21:01:27.952514Z","level":"info","event":"Rows affected: 0","logger":"airflow.task.hooks.airflow.providers.oracle.hooks.oracle.OracleHook","filename":"sql.py","lineno":879}
{"timestamp":"2026-08-03T21:01:37.982351Z","level":"info","event":"Poking: SELECT COUNT(*) FROM demo_user.client_b_load_status\nWHERE status = 'COMPLETE' AND processed = 0 (with parameters None)","logger":"airflow.task.operators.airflow.providers.common.sql.sensors.sql.SqlSensor","filename":"sql.py","lineno":100}
{"timestamp":"2026-08-03T21:01:38.038661Z","level":"info","event":"Running statement: SELECT COUNT(*) FROM demo_user.client_b_load_status\nWHERE status = 'COMPLETE' AND processed = 0, parameters: None","logger":"airflow.task.hooks.airflow.providers.oracle.hooks.oracle.OracleHook","filename":"sql.py","lineno":861}
{"timestamp":"2026-08-03T21:01:38.039801Z","level":"info","event":"Rows affected: 0","logger":"airflow.task.hooks.airflow.providers.oracle.hooks.oracle.OracleHook","filename":"sql.py","lineno":879}
{"timestamp":"2026-08-03T21:01:48.084578Z","level":"info","event":"Poking: SELECT COUNT(*) FROM demo_user.client_b_load_status\nWHERE status = 'COMPLETE' AND processed = 0 (with parameters None)","logger":"airflow.task.operators.airflow.providers.common.sql.sensors.sql.SqlSensor","filename":"sql.py","lineno":100}
{"timestamp":"2026-08-03T21:01:48.164261Z","level":"info","event":"Running statement: SELECT COUNT(*) FROM demo_user.client_b_load_status\nWHERE status = 'COMPLETE' AND processed = 0, parameters: None","logger":"airflow.task.hooks.airflow.providers.oracle.hooks.oracle.OracleHook","filename":"sql.py","lineno":861}
{"timestamp":"2026-08-03T21:01:48.165792Z","level":"info","event":"Rows affected: 0","logger":"airflow.task.hooks.airflow.providers.oracle.hooks.oracle.OracleHook","filename":"sql.py","lineno":879}
{"timestamp":"2026-08-03T21:01:58.204869Z","level":"info","event":"Poking: SELECT COUNT(*) FROM demo_user.client_b_load_status\nWHERE status = 'COMPLETE' AND processed = 0 (with parameters None)","logger":"airflow.task.operators.airflow.providers.common.sql.sensors.sql.SqlSensor","filename":"sql.py","lineno":100}
{"timestamp":"2026-08-03T21:01:58.279015Z","level":"info","event":"Running statement: SELECT COUNT(*) FROM demo_user.client_b_load_status\nWHERE status = 'COMPLETE' AND processed = 0, parameters: None","logger":"airflow.task.hooks.airflow.providers.oracle.hooks.oracle.OracleHook","filename":"sql.py","lineno":861}
{"timestamp":"2026-08-03T21:01:58.280821Z","level":"info","event":"Rows affected: 0","logger":"airflow.task.hooks.airflow.providers.oracle.hooks.oracle.OracleHook","filename":"sql.py","lineno":879}
{"timestamp":"2026-08-03T21:02:08.318199Z","level":"info","event":"Poking: SELECT COUNT(*) FROM demo_user.client_b_load_status\nWHERE status = 'COMPLETE' AND processed = 0 (with parameters None)","logger":"airflow.task.operators.airflow.providers.common.sql.sensors.sql.SqlSensor","filename":"sql.py","lineno":100}
{"timestamp":"2026-08-03T21:02:08.380885Z","level":"info","event":"Running statement: SELECT COUNT(*) FROM demo_user.client_b_load_status\nWHERE status = 'COMPLETE' AND processed = 0, parameters: None","logger":"airflow.task.hooks.airflow.providers.oracle.hooks.oracle.OracleHook","filename":"sql.py","lineno":861}
{"timestamp":"2026-08-03T21:02:08.381859Z","level":"info","event":"Rows affected: 0","logger":"airflow.task.hooks.airflow.providers.oracle.hooks.oracle.OracleHook","filename":"sql.py","lineno":879}
{"timestamp":"2026-08-03T21:02:18.417852Z","level":"info","event":"Poking: SELECT COUNT(*) FROM demo_user.client_b_load_status\nWHERE status = 'COMPLETE' AND processed = 0 (with parameters None)","logger":"airflow.task.operators.airflow.providers.common.sql.sensors.sql.SqlSensor","filename":"sql.py","lineno":100}
{"timestamp":"2026-08-03T21:02:18.475581Z","level":"info","event":"Running statement: SELECT COUNT(*) FROM demo_user.client_b_load_status\nWHERE status = 'COMPLETE' AND processed = 0, parameters: None","logger":"airflow.task.hooks.airflow.providers.oracle.hooks.oracle.OracleHook","filename":"sql.py","lineno":861}
{"timestamp":"2026-08-03T21:02:18.477302Z","level":"info","event":"Rows affected: 0","logger":"airflow.task.hooks.airflow.providers.oracle.hooks.oracle.OracleHook","filename":"sql.py","lineno":879}
{"timestamp":"2026-08-03T21:02:28.580354Z","level":"info","event":"Poking: SELECT COUNT(*) FROM demo_user.client_b_load_status\nWHERE status = 'COMPLETE' AND processed = 0 (with parameters None)","logger":"airflow.task.operators.airflow.providers.common.sql.sensors.sql.SqlSensor","filename":"sql.py","lineno":100}
{"timestamp":"2026-08-03T21:02:28.755568Z","level":"info","event":"Running statement: SELECT COUNT(*) FROM demo_user.client_b_load_status\nWHERE status = 'COMPLETE' AND processed = 0, parameters: None","logger":"airflow.task.hooks.airflow.providers.oracle.hooks.oracle.OracleHook","filename":"sql.py","lineno":861}
{"timestamp":"2026-08-03T21:02:28.757760Z","level":"info","event":"Rows affected: 0","logger":"airflow.task.hooks.airflow.providers.oracle.hooks.oracle.OracleHook","filename":"sql.py","lineno":879}
{"timestamp":"2026-08-03T21:02:38.794675Z","level":"info","event":"Poking: SELECT COUNT(*) FROM demo_user.client_b_load_status\nWHERE status = 'COMPLETE' AND processed = 0 (with parameters None)","logger":"airflow.task.operators.airflow.providers.common.sql.sensors.sql.SqlSensor","filename":"sql.py","lineno":100}
{"timestamp":"2026-08-03T21:02:38.875768Z","level":"info","event":"Running statement: SELECT COUNT(*) FROM demo_user.client_b_load_status\nWHERE status = 'COMPLETE' AND processed = 0, parameters: None","logger":"airflow.task.hooks.airflow.providers.oracle.hooks.oracle.OracleHook","filename":"sql.py","lineno":861}
{"timestamp":"2026-08-03T21:02:38.878178Z","level":"info","event":"Rows affected: 0","logger":"airflow.task.hooks.airflow.providers.oracle.hooks.oracle.OracleHook","filename":"sql.py","lineno":879}
{"timestamp":"2026-08-03T21:02:49.067440Z","level":"info","event":"Poking: SELECT COUNT(*) FROM demo_user.client_b_load_status\nWHERE status = 'COMPLETE' AND processed = 0 (with parameters None)","logger":"airflow.task.operators.airflow.providers.common.sql.sensors.sql.SqlSensor","filename":"sql.py","lineno":100}
{"timestamp":"2026-08-03T21:02:49.140307Z","level":"info","event":"Running statement: SELECT COUNT(*) FROM demo_user.client_b_load_status\nWHERE status = 'COMPLETE' AND processed = 0, parameters: None","logger":"airflow.task.hooks.airflow.providers.oracle.hooks.oracle.OracleHook","filename":"sql.py","lineno":861}
{"timestamp":"2026-08-03T21:02:49.142922Z","level":"info","event":"Rows affected: 0","logger":"airflow.task.hooks.airflow.providers.oracle.hooks.oracle.OracleHook","filename":"sql.py","lineno":879}
{"timestamp":"2026-08-03T21:02:59.183690Z","level":"info","event":"Poking: SELECT COUNT(*) FROM demo_user.client_b_load_status\nWHERE status = 'COMPLETE' AND processed = 0 (with parameters None)","logger":"airflow.task.operators.airflow.providers.common.sql.sensors.sql.SqlSensor","filename":"sql.py","lineno":100}
{"timestamp":"2026-08-03T21:02:59.263191Z","level":"info","event":"Running statement: SELECT COUNT(*) FROM demo_user.client_b_load_status\nWHERE status = 'COMPLETE' AND processed = 0, parameters: None","logger":"airflow.task.hooks.airflow.providers.oracle.hooks.oracle.OracleHook","filename":"sql.py","lineno":861}
{"timestamp":"2026-08-03T21:02:59.264794Z","level":"info","event":"Rows affected: 0","logger":"airflow.task.hooks.airflow.providers.oracle.hooks.oracle.OracleHook","filename":"sql.py","lineno":879}
{"timestamp":"2026-08-03T21:03:09.310287Z","level":"info","event":"Poking: SELECT COUNT(*) FROM demo_user.client_b_load_status\nWHERE status = 'COMPLETE' AND processed = 0 (with parameters None)","logger":"airflow.task.operators.airflow.providers.common.sql.sensors.sql.SqlSensor","filename":"sql.py","lineno":100}
{"timestamp":"2026-08-03T21:03:09.389616Z","level":"info","event":"Running statement: SELECT COUNT(*) FROM demo_user.client_b_load_status\nWHERE status = 'COMPLETE' AND processed = 0, parameters: None","logger":"airflow.task.hooks.airflow.providers.oracle.hooks.oracle.OracleHook","filename":"sql.py","lineno":861}
{"timestamp":"2026-08-03T21:03:09.391036Z","level":"info","event":"Rows affected: 0","logger":"airflow.task.hooks.airflow.providers.oracle.hooks.oracle.OracleHook","filename":"sql.py","lineno":879}
{"timestamp":"2026-08-03T21:03:19.435395Z","level":"info","event":"Poking: SELECT COUNT(*) FROM demo_user.client_b_load_status\nWHERE status = 'COMPLETE' AND processed = 0 (with parameters None)","logger":"airflow.task.operators.airflow.providers.common.sql.sensors.sql.SqlSensor","filename":"sql.py","lineno":100}
{"timestamp":"2026-08-03T21:03:19.515579Z","level":"info","event":"Running statement: SELECT COUNT(*) FROM demo_user.client_b_load_status\nWHERE status = 'COMPLETE' AND processed = 0, parameters: None","logger":"airflow.task.hooks.airflow.providers.oracle.hooks.oracle.OracleHook","filename":"sql.py","lineno":861}
{"timestamp":"2026-08-03T21:03:19.517059Z","level":"info","event":"Rows affected: 0","logger":"airflow.task.hooks.airflow.providers.oracle.hooks.oracle.OracleHook","filename":"sql.py","lineno":879}
{"timestamp":"2026-08-03T21:03:29.554353Z","level":"info","event":"Poking: SELECT COUNT(*) FROM demo_user.client_b_load_status\nWHERE status = 'COMPLETE' AND processed = 0 (with parameters None)","logger":"airflow.task.operators.airflow.providers.common.sql.sensors.sql.SqlSensor","filename":"sql.py","lineno":100}
{"timestamp":"2026-08-03T21:03:29.619768Z","level":"info","event":"Running statement: SELECT COUNT(*) FROM demo_user.client_b_load_status\nWHERE status = 'COMPLETE' AND processed = 0, parameters: None","logger":"airflow.task.hooks.airflow.providers.oracle.hooks.oracle.OracleHook","filename":"sql.py","lineno":861}
{"timestamp":"2026-08-03T21:03:29.621531Z","level":"info","event":"Rows affected: 0","logger":"airflow.task.hooks.airflow.providers.oracle.hooks.oracle.OracleHook","filename":"sql.py","lineno":879}
{"timestamp":"2026-08-03T21:03:39.677773Z","level":"info","event":"Poking: SELECT COUNT(*) FROM demo_user.client_b_load_status\nWHERE status = 'COMPLETE' AND processed = 0 (with parameters None)","logger":"airflow.task.operators.airflow.providers.common.sql.sensors.sql.SqlSensor","filename":"sql.py","lineno":100}
{"timestamp":"2026-08-03T21:03:39.755130Z","level":"info","event":"Running statement: SELECT COUNT(*) FROM demo_user.client_b_load_status\nWHERE status = 'COMPLETE' AND processed = 0, parameters: None","logger":"airflow.task.hooks.airflow.providers.oracle.hooks.oracle.OracleHook","filename":"sql.py","lineno":861}
{"timestamp":"2026-08-03T21:03:39.757172Z","level":"info","event":"Rows affected: 0","logger":"airflow.task.hooks.airflow.providers.oracle.hooks.oracle.OracleHook","filename":"sql.py","lineno":879}
{"timestamp":"2026-08-03T21:03:49.805054Z","level":"info","event":"Poking: SELECT COUNT(*) FROM demo_user.client_b_load_status\nWHERE status = 'COMPLETE' AND processed = 0 (with parameters None)","logger":"airflow.task.operators.airflow.providers.common.sql.sensors.sql.SqlSensor","filename":"sql.py","lineno":100}
{"timestamp":"2026-08-03T21:03:49.879997Z","level":"info","event":"Running statement: SELECT COUNT(*) FROM demo_user.client_b_load_status\nWHERE status = 'COMPLETE' AND processed = 0, parameters: None","logger":"airflow.task.hooks.airflow.providers.oracle.hooks.oracle.OracleHook","filename":"sql.py","lineno":861}
{"timestamp":"2026-08-03T21:03:49.881552Z","level":"info","event":"Rows affected: 0","logger":"airflow.task.hooks.airflow.providers.oracle.hooks.oracle.OracleHook","filename":"sql.py","lineno":879}
{"timestamp":"2026-08-03T21:03:59.924710Z","level":"info","event":"Poking: SELECT COUNT(*) FROM demo_user.client_b_load_status\nWHERE status = 'COMPLETE' AND processed = 0 (with parameters None)","logger":"airflow.task.operators.airflow.providers.common.sql.sensors.sql.SqlSensor","filename":"sql.py","lineno":100}
{"timestamp":"2026-08-03T21:03:59.997406Z","level":"info","event":"Running statement: SELECT COUNT(*) FROM demo_user.client_b_load_status\nWHERE status = 'COMPLETE' AND processed = 0, parameters: None","logger":"airflow.task.hooks.airflow.providers.oracle.hooks.oracle.OracleHook","filename":"sql.py","lineno":861}
{"timestamp":"2026-08-03T21:03:59.998907Z","level":"info","event":"Rows affected: 0","logger":"airflow.task.hooks.airflow.providers.oracle.hooks.oracle.OracleHook","filename":"sql.py","lineno":879}
{"timestamp":"2026-08-03T21:04:10.048926Z","level":"info","event":"Poking: SELECT COUNT(*) FROM demo_user.client_b_load_status\nWHERE status = 'COMPLETE' AND processed = 0 (with parameters None)","logger":"airflow.task.operators.airflow.providers.common.sql.sensors.sql.SqlSensor","filename":"sql.py","lineno":100}
{"timestamp":"2026-08-03T21:04:10.115613Z","level":"info","event":"Running statement: SELECT COUNT(*) FROM demo_user.client_b_load_status\nWHERE status = 'COMPLETE' AND processed = 0, parameters: None","logger":"airflow.task.hooks.airflow.providers.oracle.hooks.oracle.OracleHook","filename":"sql.py","lineno":861}
{"timestamp":"2026-08-03T21:04:10.116722Z","level":"info","event":"Rows affected: 0","logger":"airflow.task.hooks.airflow.providers.oracle.hooks.oracle.OracleHook","filename":"sql.py","lineno":879}
{"timestamp":"2026-08-03T21:04:20.160323Z","level":"info","event":"Poking: SELECT COUNT(*) FROM demo_user.client_b_load_status\nWHERE status = 'COMPLETE' AND processed = 0 (with parameters None)","logger":"airflow.task.operators.airflow.providers.common.sql.sensors.sql.SqlSensor","filename":"sql.py","lineno":100}
{"timestamp":"2026-08-03T21:04:20.221632Z","level":"info","event":"Running statement: SELECT COUNT(*) FROM demo_user.client_b_load_status\nWHERE status = 'COMPLETE' AND processed = 0, parameters: None","logger":"airflow.task.hooks.airflow.providers.oracle.hooks.oracle.OracleHook","filename":"sql.py","lineno":861}
{"timestamp":"2026-08-03T21:04:20.222750Z","level":"info","event":"Rows affected: 0","logger":"airflow.task.hooks.airflow.providers.oracle.hooks.oracle.OracleHook","filename":"sql.py","lineno":879}
{"timestamp":"2026-08-03T21:04:30.277823Z","level":"info","event":"Poking: SELECT COUNT(*) FROM demo_user.client_b_load_status\nWHERE status = 'COMPLETE' AND processed = 0 (with parameters None)","logger":"airflow.task.operators.airflow.providers.common.sql.sensors.sql.SqlSensor","filename":"sql.py","lineno":100}
{"timestamp":"2026-08-03T21:04:30.384715Z","level":"info","event":"Running statement: SELECT COUNT(*) FROM demo_user.client_b_load_status\nWHERE status = 'COMPLETE' AND processed = 0, parameters: None","logger":"airflow.task.hooks.airflow.providers.oracle.hooks.oracle.OracleHook","filename":"sql.py","lineno":861}
{"timestamp":"2026-08-03T21:04:30.386448Z","level":"info","event":"Rows affected: 0","logger":"airflow.task.hooks.airflow.providers.oracle.hooks.oracle.OracleHook","filename":"sql.py","lineno":879}
{"timestamp":"2026-08-03T21:04:40.429466Z","level":"info","event":"Poking: SELECT COUNT(*) FROM demo_user.client_b_load_status\nWHERE status = 'COMPLETE' AND processed = 0 (with parameters None)","logger":"airflow.task.operators.airflow.providers.common.sql.sensors.sql.SqlSensor","filename":"sql.py","lineno":100}
{"timestamp":"2026-08-03T21:04:40.488405Z","level":"info","event":"Running statement: SELECT COUNT(*) FROM demo_user.client_b_load_status\nWHERE status = 'COMPLETE' AND processed = 0, parameters: None","logger":"airflow.task.hooks.airflow.providers.oracle.hooks.oracle.OracleHook","filename":"sql.py","lineno":861}
{"timestamp":"2026-08-03T21:04:40.489612Z","level":"info","event":"Rows affected: 0","logger":"airflow.task.hooks.airflow.providers.oracle.hooks.oracle.OracleHook","filename":"sql.py","lineno":879}
{"timestamp":"2026-08-03T21:04:50.546298Z","level":"info","event":"Poking: SELECT COUNT(*) FROM demo_user.client_b_load_status\nWHERE status = 'COMPLETE' AND processed = 0 (with parameters None)","logger":"airflow.task.operators.airflow.providers.common.sql.sensors.sql.SqlSensor","filename":"sql.py","lineno":100}
{"timestamp":"2026-08-03T21:04:50.698672Z","level":"info","event":"Running statement: SELECT COUNT(*) FROM demo_user.client_b_load_status\nWHERE status = 'COMPLETE' AND processed = 0, parameters: None","logger":"airflow.task.hooks.airflow.providers.oracle.hooks.oracle.OracleHook","filename":"sql.py","lineno":861}
{"timestamp":"2026-08-03T21:04:50.702909Z","level":"info","event":"Rows affected: 0","logger":"airflow.task.hooks.airflow.providers.oracle.hooks.oracle.OracleHook","filename":"sql.py","lineno":879}
{"timestamp":"2026-08-03T21:05:00.744752Z","level":"info","event":"Poking: SELECT COUNT(*) FROM demo_user.client_b_load_status\nWHERE status = 'COMPLETE' AND processed = 0 (with parameters None)","logger":"airflow.task.operators.airflow.providers.common.sql.sensors.sql.SqlSensor","filename":"sql.py","lineno":100}
{"timestamp":"2026-08-03T21:05:00.814382Z","level":"info","event":"Running statement: SELECT COUNT(*) FROM demo_user.client_b_load_status\nWHERE status = 'COMPLETE' AND processed = 0, parameters: None","logger":"airflow.task.hooks.airflow.providers.oracle.hooks.oracle.OracleHook","filename":"sql.py","lineno":861}
{"timestamp":"2026-08-03T21:05:00.815570Z","level":"info","event":"Rows affected: 0","logger":"airflow.task.hooks.airflow.providers.oracle.hooks.oracle.OracleHook","filename":"sql.py","lineno":879}
{"timestamp":"2026-08-03T21:05:10.872079Z","level":"info","event":"Poking: SELECT COUNT(*) FROM demo_user.client_b_load_status\nWHERE status = 'COMPLETE' AND processed = 0 (with parameters None)","logger":"airflow.task.operators.airflow.providers.common.sql.sensors.sql.SqlSensor","filename":"sql.py","lineno":100}
{"timestamp":"2026-08-03T21:05:10.934890Z","level":"info","event":"Running statement: SELECT COUNT(*) FROM demo_user.client_b_load_status\nWHERE status = 'COMPLETE' AND processed = 0, parameters: None","logger":"airflow.task.hooks.airflow.providers.oracle.hooks.oracle.OracleHook","filename":"sql.py","lineno":861}
{"timestamp":"2026-08-03T21:05:10.936539Z","level":"info","event":"Rows affected: 0","logger":"airflow.task.hooks.airflow.providers.oracle.hooks.oracle.OracleHook","filename":"sql.py","lineno":879}
{"timestamp":"2026-08-03T21:05:20.985464Z","level":"info","event":"Poking: SELECT COUNT(*) FROM demo_user.client_b_load_status\nWHERE status = 'COMPLETE' AND processed = 0 (with parameters None)","logger":"airflow.task.operators.airflow.providers.common.sql.sensors.sql.SqlSensor","filename":"sql.py","lineno":100}
{"timestamp":"2026-08-03T21:05:21.057980Z","level":"info","event":"Running statement: SELECT COUNT(*) FROM demo_user.client_b_load_status\nWHERE status = 'COMPLETE' AND processed = 0, parameters: None","logger":"airflow.task.hooks.airflow.providers.oracle.hooks.oracle.OracleHook","filename":"sql.py","lineno":861}
{"timestamp":"2026-08-03T21:05:21.059281Z","level":"info","event":"Rows affected: 0","logger":"airflow.task.hooks.airflow.providers.oracle.hooks.oracle.OracleHook","filename":"sql.py","lineno":879}
{"timestamp":"2026-08-03T21:05:31.094472Z","level":"info","event":"Poking: SELECT COUNT(*) FROM demo_user.client_b_load_status\nWHERE status = 'COMPLETE' AND processed = 0 (with parameters None)","logger":"airflow.task.operators.airflow.providers.common.sql.sensors.sql.SqlSensor","filename":"sql.py","lineno":100}
{"timestamp":"2026-08-03T21:05:31.148728Z","level":"info","event":"Running statement: SELECT COUNT(*) FROM demo_user.client_b_load_status\nWHERE status = 'COMPLETE' AND processed = 0, parameters: None","logger":"airflow.task.hooks.airflow.providers.oracle.hooks.oracle.OracleHook","filename":"sql.py","lineno":861}
{"timestamp":"2026-08-03T21:05:31.149687Z","level":"info","event":"Rows affected: 0","logger":"airflow.task.hooks.airflow.providers.oracle.hooks.oracle.OracleHook","filename":"sql.py","lineno":879}
{"timestamp":"2026-08-03T21:05:41.187660Z","level":"info","event":"Poking: SELECT COUNT(*) FROM demo_user.client_b_load_status\nWHERE status = 'COMPLETE' AND processed = 0 (with parameters None)","logger":"airflow.task.operators.airflow.providers.common.sql.sensors.sql.SqlSensor","filename":"sql.py","lineno":100}
{"timestamp":"2026-08-03T21:05:41.253363Z","level":"info","event":"Running statement: SELECT COUNT(*) FROM demo_user.client_b_load_status\nWHERE status = 'COMPLETE' AND processed = 0, parameters: None","logger":"airflow.task.hooks.airflow.providers.oracle.hooks.oracle.OracleHook","filename":"sql.py","lineno":861}
{"timestamp":"2026-08-03T21:05:41.254472Z","level":"info","event":"Rows affected: 0","logger":"airflow.task.hooks.airflow.providers.oracle.hooks.oracle.OracleHook","filename":"sql.py","lineno":879}
{"timestamp":"2026-08-03T21:05:51.300539Z","level":"info","event":"Poking: SELECT COUNT(*) FROM demo_user.client_b_load_status\nWHERE status = 'COMPLETE' AND processed = 0 (with parameters None)","logger":"airflow.task.operators.airflow.providers.common.sql.sensors.sql.SqlSensor","filename":"sql.py","lineno":100}
{"timestamp":"2026-08-03T21:05:51.391566Z","level":"info","event":"Running statement: SELECT COUNT(*) FROM demo_user.client_b_load_status\nWHERE status = 'COMPLETE' AND processed = 0, parameters: None","logger":"airflow.task.hooks.airflow.providers.oracle.hooks.oracle.OracleHook","filename":"sql.py","lineno":861}
{"timestamp":"2026-08-03T21:05:51.393305Z","level":"info","event":"Rows affected: 0","logger":"airflow.task.hooks.airflow.providers.oracle.hooks.oracle.OracleHook","filename":"sql.py","lineno":879}
{"timestamp":"2026-08-03T21:06:01.444578Z","level":"info","event":"Poking: SELECT COUNT(*) FROM demo_user.client_b_load_status\nWHERE status = 'COMPLETE' AND processed = 0 (with parameters None)","logger":"airflow.task.operators.airflow.providers.common.sql.sensors.sql.SqlSensor","filename":"sql.py","lineno":100}
{"timestamp":"2026-08-03T21:06:01.513035Z","level":"info","event":"Running statement: SELECT COUNT(*) FROM demo_user.client_b_load_status\nWHERE status = 'COMPLETE' AND processed = 0, parameters: None","logger":"airflow.task.hooks.airflow.providers.oracle.hooks.oracle.OracleHook","filename":"sql.py","lineno":861}
{"timestamp":"2026-08-03T21:06:01.514251Z","level":"info","event":"Rows affected: 0","logger":"airflow.task.hooks.airflow.providers.oracle.hooks.oracle.OracleHook","filename":"sql.py","lineno":879}
{"timestamp":"2026-08-03T21:06:11.588613Z","level":"info","event":"Poking: SELECT COUNT(*) FROM demo_user.client_b_load_status\nWHERE status = 'COMPLETE' AND processed = 0 (with parameters None)","logger":"airflow.task.operators.airflow.providers.common.sql.sensors.sql.SqlSensor","filename":"sql.py","lineno":100}
{"timestamp":"2026-08-03T21:06:11.706554Z","level":"info","event":"Running statement: SELECT COUNT(*) FROM demo_user.client_b_load_status\nWHERE status = 'COMPLETE' AND processed = 0, parameters: None","logger":"airflow.task.hooks.airflow.providers.oracle.hooks.oracle.OracleHook","filename":"sql.py","lineno":861}
{"timestamp":"2026-08-03T21:06:11.709198Z","level":"info","event":"Rows affected: 0","logger":"airflow.task.hooks.airflow.providers.oracle.hooks.oracle.OracleHook","filename":"sql.py","lineno":879}
{"timestamp":"2026-08-03T21:06:21.781346Z","level":"info","event":"Poking: SELECT COUNT(*) FROM demo_user.client_b_load_status\nWHERE status = 'COMPLETE' AND processed = 0 (with parameters None)","logger":"airflow.task.operators.airflow.providers.common.sql.sensors.sql.SqlSensor","filename":"sql.py","lineno":100}
{"timestamp":"2026-08-03T21:06:21.960612Z","level":"info","event":"Running statement: SELECT COUNT(*) FROM demo_user.client_b_load_status\nWHERE status = 'COMPLETE' AND processed = 0, parameters: None","logger":"airflow.task.hooks.airflow.providers.oracle.hooks.oracle.OracleHook","filename":"sql.py","lineno":861}
{"timestamp":"2026-08-03T21:06:21.963674Z","level":"info","event":"Rows affected: 0","logger":"airflow.task.hooks.airflow.providers.oracle.hooks.oracle.OracleHook","filename":"sql.py","lineno":879}
{"timestamp":"2026-08-03T21:06:32.017052Z","level":"info","event":"Poking: SELECT COUNT(*) FROM demo_user.client_b_load_status\nWHERE status = 'COMPLETE' AND processed = 0 (with parameters None)","logger":"airflow.task.operators.airflow.providers.common.sql.sensors.sql.SqlSensor","filename":"sql.py","lineno":100}
{"timestamp":"2026-08-03T21:06:32.074868Z","level":"info","event":"Running statement: SELECT COUNT(*) FROM demo_user.client_b_load_status\nWHERE status = 'COMPLETE' AND processed = 0, parameters: None","logger":"airflow.task.hooks.airflow.providers.oracle.hooks.oracle.OracleHook","filename":"sql.py","lineno":861}
{"timestamp":"2026-08-03T21:06:32.076021Z","level":"info","event":"Rows affected: 0","logger":"airflow.task.hooks.airflow.providers.oracle.hooks.oracle.OracleHook","filename":"sql.py","lineno":879}
{"timestamp":"2026-08-03T21:06:42.112496Z","level":"info","event":"Poking: SELECT COUNT(*) FROM demo_user.client_b_load_status\nWHERE status = 'COMPLETE' AND processed = 0 (with parameters None)","logger":"airflow.task.operators.airflow.providers.common.sql.sensors.sql.SqlSensor","filename":"sql.py","lineno":100}
{"timestamp":"2026-08-03T21:06:42.178658Z","level":"info","event":"Running statement: SELECT COUNT(*) FROM demo_user.client_b_load_status\nWHERE status = 'COMPLETE' AND processed = 0, parameters: None","logger":"airflow.task.hooks.airflow.providers.oracle.hooks.oracle.OracleHook","filename":"sql.py","lineno":861}
{"timestamp":"2026-08-03T21:06:42.179934Z","level":"info","event":"Rows affected: 0","logger":"airflow.task.hooks.airflow.providers.oracle.hooks.oracle.OracleHook","filename":"sql.py","lineno":879}
{"timestamp":"2026-08-03T21:06:52.221282Z","level":"info","event":"Poking: SELECT COUNT(*) FROM demo_user.client_b_load_status\nWHERE status = 'COMPLETE' AND processed = 0 (with parameters None)","logger":"airflow.task.operators.airflow.providers.common.sql.sensors.sql.SqlSensor","filename":"sql.py","lineno":100}
{"timestamp":"2026-08-03T21:06:52.287599Z","level":"info","event":"Running statement: SELECT COUNT(*) FROM demo_user.client_b_load_status\nWHERE status = 'COMPLETE' AND processed = 0, parameters: None","logger":"airflow.task.hooks.airflow.providers.oracle.hooks.oracle.OracleHook","filename":"sql.py","lineno":861}
{"timestamp":"2026-08-03T21:06:52.289729Z","level":"info","event":"Rows affected: 0","logger":"airflow.task.hooks.airflow.providers.oracle.hooks.oracle.OracleHook","filename":"sql.py","lineno":879}
{"timestamp":"2026-08-03T21:07:02.327651Z","level":"info","event":"Poking: SELECT COUNT(*) FROM demo_user.client_b_load_status\nWHERE status = 'COMPLETE' AND processed = 0 (with parameters None)","logger":"airflow.task.operators.airflow.providers.common.sql.sensors.sql.SqlSensor","filename":"sql.py","lineno":100}
{"timestamp":"2026-08-03T21:07:02.396222Z","level":"info","event":"Running statement: SELECT COUNT(*) FROM demo_user.client_b_load_status\nWHERE status = 'COMPLETE' AND processed = 0, parameters: None","logger":"airflow.task.hooks.airflow.providers.oracle.hooks.oracle.OracleHook","filename":"sql.py","lineno":861}
{"timestamp":"2026-08-03T21:07:02.397646Z","level":"info","event":"Rows affected: 0","logger":"airflow.task.hooks.airflow.providers.oracle.hooks.oracle.OracleHook","filename":"sql.py","lineno":879}
{"timestamp":"2026-08-03T21:07:12.429776Z","level":"info","event":"Poking: SELECT COUNT(*) FROM demo_user.client_b_load_status\nWHERE status = 'COMPLETE' AND processed = 0 (with parameters None)","logger":"airflow.task.operators.airflow.providers.common.sql.sensors.sql.SqlSensor","filename":"sql.py","lineno":100}
{"timestamp":"2026-08-03T21:07:12.493289Z","level":"info","event":"Running statement: SELECT COUNT(*) FROM demo_user.client_b_load_status\nWHERE status = 'COMPLETE' AND processed = 0, parameters: None","logger":"airflow.task.hooks.airflow.providers.oracle.hooks.oracle.OracleHook","filename":"sql.py","lineno":861}
{"timestamp":"2026-08-03T21:07:12.494804Z","level":"info","event":"Rows affected: 0","logger":"airflow.task.hooks.airflow.providers.oracle.hooks.oracle.OracleHook","filename":"sql.py","lineno":879}
{"timestamp":"2026-08-03T21:07:22.536757Z","level":"info","event":"Poking: SELECT COUNT(*) FROM demo_user.client_b_load_status\nWHERE status = 'COMPLETE' AND processed = 0 (with parameters None)","logger":"airflow.task.operators.airflow.providers.common.sql.sensors.sql.SqlSensor","filename":"sql.py","lineno":100}
{"timestamp":"2026-08-03T21:07:22.610141Z","level":"info","event":"Running statement: SELECT COUNT(*) FROM demo_user.client_b_load_status\nWHERE status = 'COMPLETE' AND processed = 0, parameters: None","logger":"airflow.task.hooks.airflow.providers.oracle.hooks.oracle.OracleHook","filename":"sql.py","lineno":861}
{"timestamp":"2026-08-03T21:07:22.611507Z","level":"info","event":"Rows affected: 0","logger":"airflow.task.hooks.airflow.providers.oracle.hooks.oracle.OracleHook","filename":"sql.py","lineno":879}
{"timestamp":"2026-08-03T21:07:32.669880Z","level":"info","event":"Poking: SELECT COUNT(*) FROM demo_user.client_b_load_status\nWHERE status = 'COMPLETE' AND processed = 0 (with parameters None)","logger":"airflow.task.operators.airflow.providers.common.sql.sensors.sql.SqlSensor","filename":"sql.py","lineno":100}
{"timestamp":"2026-08-03T21:07:32.744250Z","level":"info","event":"Running statement: SELECT COUNT(*) FROM demo_user.client_b_load_status\nWHERE status = 'COMPLETE' AND processed = 0, parameters: None","logger":"airflow.task.hooks.airflow.providers.oracle.hooks.oracle.OracleHook","filename":"sql.py","lineno":861}
{"timestamp":"2026-08-03T21:07:32.746275Z","level":"info","event":"Rows affected: 0","logger":"airflow.task.hooks.airflow.providers.oracle.hooks.oracle.OracleHook","filename":"sql.py","lineno":879}
{"timestamp":"2026-08-03T21:07:42.836040Z","level":"info","event":"Poking: SELECT COUNT(*) FROM demo_user.client_b_load_status\nWHERE status = 'COMPLETE' AND processed = 0 (with parameters None)","logger":"airflow.task.operators.airflow.providers.common.sql.sensors.sql.SqlSensor","filename":"sql.py","lineno":100}
{"timestamp":"2026-08-03T21:07:42.966378Z","level":"info","event":"Running statement: SELECT COUNT(*) FROM demo_user.client_b_load_status\nWHERE status = 'COMPLETE' AND processed = 0, parameters: None","logger":"airflow.task.hooks.airflow.providers.oracle.hooks.oracle.OracleHook","filename":"sql.py","lineno":861}
{"timestamp":"2026-08-03T21:07:42.970917Z","level":"info","event":"Rows affected: 0","logger":"airflow.task.hooks.airflow.providers.oracle.hooks.oracle.OracleHook","filename":"sql.py","lineno":879}
{"timestamp":"2026-08-03T21:07:53.022028Z","level":"info","event":"Poking: SELECT COUNT(*) FROM demo_user.client_b_load_status\nWHERE status = 'COMPLETE' AND processed = 0 (with parameters None)","logger":"airflow.task.operators.airflow.providers.common.sql.sensors.sql.SqlSensor","filename":"sql.py","lineno":100}
{"timestamp":"2026-08-03T21:07:53.099199Z","level":"info","event":"Running statement: SELECT COUNT(*) FROM demo_user.client_b_load_status\nWHERE status = 'COMPLETE' AND processed = 0, parameters: None","logger":"airflow.task.hooks.airflow.providers.oracle.hooks.oracle.OracleHook","filename":"sql.py","lineno":861}
{"timestamp":"2026-08-03T21:07:53.100612Z","level":"info","event":"Rows affected: 0","logger":"airflow.task.hooks.airflow.providers.oracle.hooks.oracle.OracleHook","filename":"sql.py","lineno":879}
{"timestamp":"2026-08-03T21:08:03.151808Z","level":"info","event":"Poking: SELECT COUNT(*) FROM demo_user.client_b_load_status\nWHERE status = 'COMPLETE' AND processed = 0 (with parameters None)","logger":"airflow.task.operators.airflow.providers.common.sql.sensors.sql.SqlSensor","filename":"sql.py","lineno":100}
{"timestamp":"2026-08-03T21:08:03.221794Z","level":"info","event":"Running statement: SELECT COUNT(*) FROM demo_user.client_b_load_status\nWHERE status = 'COMPLETE' AND processed = 0, parameters: None","logger":"airflow.task.hooks.airflow.providers.oracle.hooks.oracle.OracleHook","filename":"sql.py","lineno":861}
{"timestamp":"2026-08-03T21:08:03.223102Z","level":"info","event":"Rows affected: 0","logger":"airflow.task.hooks.airflow.providers.oracle.hooks.oracle.OracleHook","filename":"sql.py","lineno":879}
{"timestamp":"2026-08-03T21:08:13.262304Z","level":"info","event":"Poking: SELECT COUNT(*) FROM demo_user.client_b_load_status\nWHERE status = 'COMPLETE' AND processed = 0 (with parameters None)","logger":"airflow.task.operators.airflow.providers.common.sql.sensors.sql.SqlSensor","filename":"sql.py","lineno":100}
{"timestamp":"2026-08-03T21:08:13.343606Z","level":"info","event":"Running statement: SELECT COUNT(*) FROM demo_user.client_b_load_status\nWHERE status = 'COMPLETE' AND processed = 0, parameters: None","logger":"airflow.task.hooks.airflow.providers.oracle.hooks.oracle.OracleHook","filename":"sql.py","lineno":861}
{"timestamp":"2026-08-03T21:08:13.346242Z","level":"info","event":"Rows affected: 0","logger":"airflow.task.hooks.airflow.providers.oracle.hooks.oracle.OracleHook","filename":"sql.py","lineno":879}
{"timestamp":"2026-08-03T21:08:23.399772Z","level":"info","event":"Poking: SELECT COUNT(*) FROM demo_user.client_b_load_status\nWHERE status = 'COMPLETE' AND processed = 0 (with parameters None)","logger":"airflow.task.operators.airflow.providers.common.sql.sensors.sql.SqlSensor","filename":"sql.py","lineno":100}
{"timestamp":"2026-08-03T21:08:23.479726Z","level":"info","event":"Running statement: SELECT COUNT(*) FROM demo_user.client_b_load_status\nWHERE status = 'COMPLETE' AND processed = 0, parameters: None","logger":"airflow.task.hooks.airflow.providers.oracle.hooks.oracle.OracleHook","filename":"sql.py","lineno":861}
{"timestamp":"2026-08-03T21:08:23.481826Z","level":"info","event":"Rows affected: 0","logger":"airflow.task.hooks.airflow.providers.oracle.hooks.oracle.OracleHook","filename":"sql.py","lineno":879}
{"timestamp":"2026-08-03T21:08:33.533307Z","level":"info","event":"Poking: SELECT COUNT(*) FROM demo_user.client_b_load_status\nWHERE status = 'COMPLETE' AND processed = 0 (with parameters None)","logger":"airflow.task.operators.airflow.providers.common.sql.sensors.sql.SqlSensor","filename":"sql.py","lineno":100}
{"timestamp":"2026-08-03T21:08:33.601837Z","level":"info","event":"Running statement: SELECT COUNT(*) FROM demo_user.client_b_load_status\nWHERE status = 'COMPLETE' AND processed = 0, parameters: None","logger":"airflow.task.hooks.airflow.providers.oracle.hooks.oracle.OracleHook","filename":"sql.py","lineno":861}
{"timestamp":"2026-08-03T21:08:33.603155Z","level":"info","event":"Rows affected: 0","logger":"airflow.task.hooks.airflow.providers.oracle.hooks.oracle.OracleHook","filename":"sql.py","lineno":879}
{"timestamp":"2026-08-03T21:08:43.648711Z","level":"info","event":"Poking: SELECT COUNT(*) FROM demo_user.client_b_load_status\nWHERE status = 'COMPLETE' AND processed = 0 (with parameters None)","logger":"airflow.task.operators.airflow.providers.common.sql.sensors.sql.SqlSensor","filename":"sql.py","lineno":100}
{"timestamp":"2026-08-03T21:08:43.725578Z","level":"info","event":"Running statement: SELECT COUNT(*) FROM demo_user.client_b_load_status\nWHERE status = 'COMPLETE' AND processed = 0, parameters: None","logger":"airflow.task.hooks.airflow.providers.oracle.hooks.oracle.OracleHook","filename":"sql.py","lineno":861}
{"timestamp":"2026-08-03T21:08:43.727131Z","level":"info","event":"Rows affected: 0","logger":"airflow.task.hooks.airflow.providers.oracle.hooks.oracle.OracleHook","filename":"sql.py","lineno":879}
{"timestamp":"2026-08-03T21:08:53.789454Z","level":"info","event":"Poking: SELECT COUNT(*) FROM demo_user.client_b_load_status\nWHERE status = 'COMPLETE' AND processed = 0 (with parameters None)","logger":"airflow.task.operators.airflow.providers.common.sql.sensors.sql.SqlSensor","filename":"sql.py","lineno":100}
{"timestamp":"2026-08-03T21:08:53.903889Z","level":"info","event":"Running statement: SELECT COUNT(*) FROM demo_user.client_b_load_status\nWHERE status = 'COMPLETE' AND processed = 0, parameters: None","logger":"airflow.task.hooks.airflow.providers.oracle.hooks.oracle.OracleHook","filename":"sql.py","lineno":861}
{"timestamp":"2026-08-03T21:08:53.906095Z","level":"info","event":"Rows affected: 0","logger":"airflow.task.hooks.airflow.providers.oracle.hooks.oracle.OracleHook","filename":"sql.py","lineno":879}
{"timestamp":"2026-08-03T21:09:03.952452Z","level":"info","event":"Poking: SELECT COUNT(*) FROM demo_user.client_b_load_status\nWHERE status = 'COMPLETE' AND processed = 0 (with parameters None)","logger":"airflow.task.operators.airflow.providers.common.sql.sensors.sql.SqlSensor","filename":"sql.py","lineno":100}
{"timestamp":"2026-08-03T21:09:04.032990Z","level":"info","event":"Running statement: SELECT COUNT(*) FROM demo_user.client_b_load_status\nWHERE status = 'COMPLETE' AND processed = 0, parameters: None","logger":"airflow.task.hooks.airflow.providers.oracle.hooks.oracle.OracleHook","filename":"sql.py","lineno":861}
{"timestamp":"2026-08-03T21:09:04.034569Z","level":"info","event":"Rows affected: 0","logger":"airflow.task.hooks.airflow.providers.oracle.hooks.oracle.OracleHook","filename":"sql.py","lineno":879}
{"timestamp":"2026-08-03T21:09:14.096968Z","level":"info","event":"Poking: SELECT COUNT(*) FROM demo_user.client_b_load_status\nWHERE status = 'COMPLETE' AND processed = 0 (with parameters None)","logger":"airflow.task.operators.airflow.providers.common.sql.sensors.sql.SqlSensor","filename":"sql.py","lineno":100}
{"timestamp":"2026-08-03T21:09:14.191558Z","level":"info","event":"Running statement: SELECT COUNT(*) FROM demo_user.client_b_load_status\nWHERE status = 'COMPLETE' AND processed = 0, parameters: None","logger":"airflow.task.hooks.airflow.providers.oracle.hooks.oracle.OracleHook","filename":"sql.py","lineno":861}
{"timestamp":"2026-08-03T21:09:14.193474Z","level":"info","event":"Rows affected: 0","logger":"airflow.task.hooks.airflow.providers.oracle.hooks.oracle.OracleHook","filename":"sql.py","lineno":879}
{"timestamp":"2026-08-03T21:09:24.236684Z","level":"info","event":"Poking: SELECT COUNT(*) FROM demo_user.client_b_load_status\nWHERE status = 'COMPLETE' AND processed = 0 (with parameters None)","logger":"airflow.task.operators.airflow.providers.common.sql.sensors.sql.SqlSensor","filename":"sql.py","lineno":100}
{"timestamp":"2026-08-03T21:09:24.338159Z","level":"info","event":"Running statement: SELECT COUNT(*) FROM demo_user.client_b_load_status\nWHERE status = 'COMPLETE' AND processed = 0, parameters: None","logger":"airflow.task.hooks.airflow.providers.oracle.hooks.oracle.OracleHook","filename":"sql.py","lineno":861}
{"timestamp":"2026-08-03T21:09:24.339674Z","level":"info","event":"Rows affected: 0","logger":"airflow.task.hooks.airflow.providers.oracle.hooks.oracle.OracleHook","filename":"sql.py","lineno":879}
{"timestamp":"2026-08-03T21:09:34.379817Z","level":"info","event":"Poking: SELECT COUNT(*) FROM demo_user.client_b_load_status\nWHERE status = 'COMPLETE' AND processed = 0 (with parameters None)","logger":"airflow.task.operators.airflow.providers.common.sql.sensors.sql.SqlSensor","filename":"sql.py","lineno":100}
{"timestamp":"2026-08-03T21:09:34.502021Z","level":"info","event":"Running statement: SELECT COUNT(*) FROM demo_user.client_b_load_status\nWHERE status = 'COMPLETE' AND processed = 0, parameters: None","logger":"airflow.task.hooks.airflow.providers.oracle.hooks.oracle.OracleHook","filename":"sql.py","lineno":861}
{"timestamp":"2026-08-03T21:09:34.504514Z","level":"info","event":"Rows affected: 0","logger":"airflow.task.hooks.airflow.providers.oracle.hooks.oracle.OracleHook","filename":"sql.py","lineno":879}
{"timestamp":"2026-08-03T21:09:44.568292Z","level":"info","event":"Poking: SELECT COUNT(*) FROM demo_user.client_b_load_status\nWHERE status = 'COMPLETE' AND processed = 0 (with parameters None)","logger":"airflow.task.operators.airflow.providers.common.sql.sensors.sql.SqlSensor","filename":"sql.py","lineno":100}
{"timestamp":"2026-08-03T21:09:44.649293Z","level":"info","event":"Running statement: SELECT COUNT(*) FROM demo_user.client_b_load_status\nWHERE status = 'COMPLETE' AND processed = 0, parameters: None","logger":"airflow.task.hooks.airflow.providers.oracle.hooks.oracle.OracleHook","filename":"sql.py","lineno":861}
{"timestamp":"2026-08-03T21:09:44.650930Z","level":"info","event":"Rows affected: 0","logger":"airflow.task.hooks.airflow.providers.oracle.hooks.oracle.OracleHook","filename":"sql.py","lineno":879}
{"timestamp":"2026-08-03T21:09:54.696971Z","level":"info","event":"Poking: SELECT COUNT(*) FROM demo_user.client_b_load_status\nWHERE status = 'COMPLETE' AND processed = 0 (with parameters None)","logger":"airflow.task.operators.airflow.providers.common.sql.sensors.sql.SqlSensor","filename":"sql.py","lineno":100}
{"timestamp":"2026-08-03T21:09:54.773772Z","level":"info","event":"Running statement: SELECT COUNT(*) FROM demo_user.client_b_load_status\nWHERE status = 'COMPLETE' AND processed = 0, parameters: None","logger":"airflow.task.hooks.airflow.providers.oracle.hooks.oracle.OracleHook","filename":"sql.py","lineno":861}
{"timestamp":"2026-08-03T21:09:54.775557Z","level":"info","event":"Rows affected: 0","logger":"airflow.task.hooks.airflow.providers.oracle.hooks.oracle.OracleHook","filename":"sql.py","lineno":879}
{"timestamp":"2026-08-03T21:10:04.818598Z","level":"info","event":"Poking: SELECT COUNT(*) FROM demo_user.client_b_load_status\nWHERE status = 'COMPLETE' AND processed = 0 (with parameters None)","logger":"airflow.task.operators.airflow.providers.common.sql.sensors.sql.SqlSensor","filename":"sql.py","lineno":100}
{"timestamp":"2026-08-03T21:10:04.891807Z","level":"info","event":"Running statement: SELECT COUNT(*) FROM demo_user.client_b_load_status\nWHERE status = 'COMPLETE' AND processed = 0, parameters: None","logger":"airflow.task.hooks.airflow.providers.oracle.hooks.oracle.OracleHook","filename":"sql.py","lineno":861}
{"timestamp":"2026-08-03T21:10:04.893432Z","level":"info","event":"Rows affected: 0","logger":"airflow.task.hooks.airflow.providers.oracle.hooks.oracle.OracleHook","filename":"sql.py","lineno":879}
{"timestamp":"2026-08-03T21:10:14.936529Z","level":"info","event":"Poking: SELECT COUNT(*) FROM demo_user.client_b_load_status\nWHERE status = 'COMPLETE' AND processed = 0 (with parameters None)","logger":"airflow.task.operators.airflow.providers.common.sql.sensors.sql.SqlSensor","filename":"sql.py","lineno":100}
{"timestamp":"2026-08-03T21:10:15.015241Z","level":"info","event":"Running statement: SELECT COUNT(*) FROM demo_user.client_b_load_status\nWHERE status = 'COMPLETE' AND processed = 0, parameters: None","logger":"airflow.task.hooks.airflow.providers.oracle.hooks.oracle.OracleHook","filename":"sql.py","lineno":861}
{"timestamp":"2026-08-03T21:10:15.016985Z","level":"info","event":"Rows affected: 0","logger":"airflow.task.hooks.airflow.providers.oracle.hooks.oracle.OracleHook","filename":"sql.py","lineno":879}
{"timestamp":"2026-08-03T21:10:25.091235Z","level":"info","event":"Poking: SELECT COUNT(*) FROM demo_user.client_b_load_status\nWHERE status = 'COMPLETE' AND processed = 0 (with parameters None)","logger":"airflow.task.operators.airflow.providers.common.sql.sensors.sql.SqlSensor","filename":"sql.py","lineno":100}
{"timestamp":"2026-08-03T21:10:25.206643Z","level":"info","event":"Running statement: SELECT COUNT(*) FROM demo_user.client_b_load_status\nWHERE status = 'COMPLETE' AND processed = 0, parameters: None","logger":"airflow.task.hooks.airflow.providers.oracle.hooks.oracle.OracleHook","filename":"sql.py","lineno":861}
{"timestamp":"2026-08-03T21:10:25.207868Z","level":"info","event":"Rows affected: 0","logger":"airflow.task.hooks.airflow.providers.oracle.hooks.oracle.OracleHook","filename":"sql.py","lineno":879}
{"timestamp":"2026-08-03T21:10:35.259031Z","level":"info","event":"Poking: SELECT COUNT(*) FROM demo_user.client_b_load_status\nWHERE status = 'COMPLETE' AND processed = 0 (with parameters None)","logger":"airflow.task.operators.airflow.providers.common.sql.sensors.sql.SqlSensor","filename":"sql.py","lineno":100}
{"timestamp":"2026-08-03T21:10:35.342689Z","level":"info","event":"Running statement: SELECT COUNT(*) FROM demo_user.client_b_load_status\nWHERE status = 'COMPLETE' AND processed = 0, parameters: None","logger":"airflow.task.hooks.airflow.providers.oracle.hooks.oracle.OracleHook","filename":"sql.py","lineno":861}
{"timestamp":"2026-08-03T21:10:35.344458Z","level":"info","event":"Rows affected: 0","logger":"airflow.task.hooks.airflow.providers.oracle.hooks.oracle.OracleHook","filename":"sql.py","lineno":879}
{"timestamp":"2026-08-03T21:10:45.389138Z","level":"info","event":"Poking: SELECT COUNT(*) FROM demo_user.client_b_load_status\nWHERE status = 'COMPLETE' AND processed = 0 (with parameters None)","logger":"airflow.task.operators.airflow.providers.common.sql.sensors.sql.SqlSensor","filename":"sql.py","lineno":100}
{"timestamp":"2026-08-03T21:10:45.456693Z","level":"info","event":"Running statement: SELECT COUNT(*) FROM demo_user.client_b_load_status\nWHERE status = 'COMPLETE' AND processed = 0, parameters: None","logger":"airflow.task.hooks.airflow.providers.oracle.hooks.oracle.OracleHook","filename":"sql.py","lineno":861}
{"timestamp":"2026-08-03T21:10:45.458128Z","level":"info","event":"Rows affected: 0","logger":"airflow.task.hooks.airflow.providers.oracle.hooks.oracle.OracleHook","filename":"sql.py","lineno":879}
{"timestamp":"2026-08-03T21:10:55.508243Z","level":"info","event":"Poking: SELECT COUNT(*) FROM demo_user.client_b_load_status\nWHERE status = 'COMPLETE' AND processed = 0 (with parameters None)","logger":"airflow.task.operators.airflow.providers.common.sql.sensors.sql.SqlSensor","filename":"sql.py","lineno":100}
{"timestamp":"2026-08-03T21:10:55.590472Z","level":"info","event":"Running statement: SELECT COUNT(*) FROM demo_user.client_b_load_status\nWHERE status = 'COMPLETE' AND processed = 0, parameters: None","logger":"airflow.task.hooks.airflow.providers.oracle.hooks.oracle.OracleHook","filename":"sql.py","lineno":861}
{"timestamp":"2026-08-03T21:10:55.591768Z","level":"info","event":"Rows affected: 0","logger":"airflow.task.hooks.airflow.providers.oracle.hooks.oracle.OracleHook","filename":"sql.py","lineno":879}
{"timestamp":"2026-08-03T21:11:05.631335Z","level":"info","event":"Poking: SELECT COUNT(*) FROM demo_user.client_b_load_status\nWHERE status = 'COMPLETE' AND processed = 0 (with parameters None)","logger":"airflow.task.operators.airflow.providers.common.sql.sensors.sql.SqlSensor","filename":"sql.py","lineno":100}
{"timestamp":"2026-08-03T21:11:05.701725Z","level":"info","event":"Running statement: SELECT COUNT(*) FROM demo_user.client_b_load_status\nWHERE status = 'COMPLETE' AND processed = 0, parameters: None","logger":"airflow.task.hooks.airflow.providers.oracle.hooks.oracle.OracleHook","filename":"sql.py","lineno":861}
{"timestamp":"2026-08-03T21:11:05.702969Z","level":"info","event":"Rows affected: 0","logger":"airflow.task.hooks.airflow.providers.oracle.hooks.oracle.OracleHook","filename":"sql.py","lineno":879}
{"timestamp":"2026-08-03T21:11:15.764727Z","level":"info","event":"Poking: SELECT COUNT(*) FROM demo_user.client_b_load_status\nWHERE status = 'COMPLETE' AND processed = 0 (with parameters None)","logger":"airflow.task.operators.airflow.providers.common.sql.sensors.sql.SqlSensor","filename":"sql.py","lineno":100}
{"timestamp":"2026-08-03T21:11:15.850390Z","level":"info","event":"Running statement: SELECT COUNT(*) FROM demo_user.client_b_load_status\nWHERE status = 'COMPLETE' AND processed = 0, parameters: None","logger":"airflow.task.hooks.airflow.providers.oracle.hooks.oracle.OracleHook","filename":"sql.py","lineno":861}
{"timestamp":"2026-08-03T21:11:15.852489Z","level":"info","event":"Rows affected: 0","logger":"airflow.task.hooks.airflow.providers.oracle.hooks.oracle.OracleHook","filename":"sql.py","lineno":879}
{"timestamp":"2026-08-03T21:11:25.895455Z","level":"info","event":"Poking: SELECT COUNT(*) FROM demo_user.client_b_load_status\nWHERE status = 'COMPLETE' AND processed = 0 (with parameters None)","logger":"airflow.task.operators.airflow.providers.common.sql.sensors.sql.SqlSensor","filename":"sql.py","lineno":100}
{"timestamp":"2026-08-03T21:11:25.976055Z","level":"info","event":"Running statement: SELECT COUNT(*) FROM demo_user.client_b_load_status\nWHERE status = 'COMPLETE' AND processed = 0, parameters: None","logger":"airflow.task.hooks.airflow.providers.oracle.hooks.oracle.OracleHook","filename":"sql.py","lineno":861}
{"timestamp":"2026-08-03T21:11:25.977412Z","level":"info","event":"Rows affected: 0","logger":"airflow.task.hooks.airflow.providers.oracle.hooks.oracle.OracleHook","filename":"sql.py","lineno":879}
{"timestamp":"2026-08-03T21:11:36.025021Z","level":"info","event":"Poking: SELECT COUNT(*) FROM demo_user.client_b_load_status\nWHERE status = 'COMPLETE' AND processed = 0 (with parameters None)","logger":"airflow.task.operators.airflow.providers.common.sql.sensors.sql.SqlSensor","filename":"sql.py","lineno":100}
{"timestamp":"2026-08-03T21:11:36.162853Z","level":"info","event":"Running statement: SELECT COUNT(*) FROM demo_user.client_b_load_status\nWHERE status = 'COMPLETE' AND processed = 0, parameters: None","logger":"airflow.task.hooks.airflow.providers.oracle.hooks.oracle.OracleHook","filename":"sql.py","lineno":861}
{"timestamp":"2026-08-03T21:11:36.165137Z","level":"info","event":"Rows affected: 0","logger":"airflow.task.hooks.airflow.providers.oracle.hooks.oracle.OracleHook","filename":"sql.py","lineno":879}
{"timestamp":"2026-08-03T21:11:46.204196Z","level":"info","event":"Poking: SELECT COUNT(*) FROM demo_user.client_b_load_status\nWHERE status = 'COMPLETE' AND processed = 0 (with parameters None)","logger":"airflow.task.operators.airflow.providers.common.sql.sensors.sql.SqlSensor","filename":"sql.py","lineno":100}
{"timestamp":"2026-08-03T21:11:46.286123Z","level":"info","event":"Running statement: SELECT COUNT(*) FROM demo_user.client_b_load_status\nWHERE status = 'COMPLETE' AND processed = 0, parameters: None","logger":"airflow.task.hooks.airflow.providers.oracle.hooks.oracle.OracleHook","filename":"sql.py","lineno":861}
{"timestamp":"2026-08-03T21:11:46.288193Z","level":"info","event":"Rows affected: 0","logger":"airflow.task.hooks.airflow.providers.oracle.hooks.oracle.OracleHook","filename":"sql.py","lineno":879}
{"timestamp":"2026-08-03T21:11:56.324587Z","level":"info","event":"Poking: SELECT COUNT(*) FROM demo_user.client_b_load_status\nWHERE status = 'COMPLETE' AND processed = 0 (with parameters None)","logger":"airflow.task.operators.airflow.providers.common.sql.sensors.sql.SqlSensor","filename":"sql.py","lineno":100}
{"timestamp":"2026-08-03T21:11:56.414344Z","level":"info","event":"Running statement: SELECT COUNT(*) FROM demo_user.client_b_load_status\nWHERE status = 'COMPLETE' AND processed = 0, parameters: None","logger":"airflow.task.hooks.airflow.providers.oracle.hooks.oracle.OracleHook","filename":"sql.py","lineno":861}
{"timestamp":"2026-08-03T21:11:56.416143Z","level":"info","event":"Rows affected: 0","logger":"airflow.task.hooks.airflow.providers.oracle.hooks.oracle.OracleHook","filename":"sql.py","lineno":879}
{"timestamp":"2026-08-03T21:12:06.460971Z","level":"info","event":"Poking: SELECT COUNT(*) FROM demo_user.client_b_load_status\nWHERE status = 'COMPLETE' AND processed = 0 (with parameters None)","logger":"airflow.task.operators.airflow.providers.common.sql.sensors.sql.SqlSensor","filename":"sql.py","lineno":100}
{"timestamp":"2026-08-03T21:12:06.532269Z","level":"info","event":"Running statement: SELECT COUNT(*) FROM demo_user.client_b_load_status\nWHERE status = 'COMPLETE' AND processed = 0, parameters: None","logger":"airflow.task.hooks.airflow.providers.oracle.hooks.oracle.OracleHook","filename":"sql.py","lineno":861}
{"timestamp":"2026-08-03T21:12:06.533364Z","level":"info","event":"Rows affected: 0","logger":"airflow.task.hooks.airflow.providers.oracle.hooks.oracle.OracleHook","filename":"sql.py","lineno":879}
{"timestamp":"2026-08-03T21:12:16.569106Z","level":"info","event":"Poking: SELECT COUNT(*) FROM demo_user.client_b_load_status\nWHERE status = 'COMPLETE' AND processed = 0 (with parameters None)","logger":"airflow.task.operators.airflow.providers.common.sql.sensors.sql.SqlSensor","filename":"sql.py","lineno":100}
{"timestamp":"2026-08-03T21:12:16.640140Z","level":"info","event":"Running statement: SELECT COUNT(*) FROM demo_user.client_b_load_status\nWHERE status = 'COMPLETE' AND processed = 0, parameters: None","logger":"airflow.task.hooks.airflow.providers.oracle.hooks.oracle.OracleHook","filename":"sql.py","lineno":861}
{"timestamp":"2026-08-03T21:12:16.641708Z","level":"info","event":"Rows affected: 0","logger":"airflow.task.hooks.airflow.providers.oracle.hooks.oracle.OracleHook","filename":"sql.py","lineno":879}
{"timestamp":"2026-08-03T21:12:26.678728Z","level":"info","event":"Poking: SELECT COUNT(*) FROM demo_user.client_b_load_status\nWHERE status = 'COMPLETE' AND processed = 0 (with parameters None)","logger":"airflow.task.operators.airflow.providers.common.sql.sensors.sql.SqlSensor","filename":"sql.py","lineno":100}
{"timestamp":"2026-08-03T21:12:26.739771Z","level":"info","event":"Running statement: SELECT COUNT(*) FROM demo_user.client_b_load_status\nWHERE status = 'COMPLETE' AND processed = 0, parameters: None","logger":"airflow.task.hooks.airflow.providers.oracle.hooks.oracle.OracleHook","filename":"sql.py","lineno":861}
{"timestamp":"2026-08-03T21:12:26.740825Z","level":"info","event":"Rows affected: 0","logger":"airflow.task.hooks.airflow.providers.oracle.hooks.oracle.OracleHook","filename":"sql.py","lineno":879}
{"timestamp":"2026-08-03T21:12:36.773248Z","level":"info","event":"Poking: SELECT COUNT(*) FROM demo_user.client_b_load_status\nWHERE status = 'COMPLETE' AND processed = 0 (with parameters None)","logger":"airflow.task.operators.airflow.providers.common.sql.sensors.sql.SqlSensor","filename":"sql.py","lineno":100}
{"timestamp":"2026-08-03T21:12:36.831906Z","level":"info","event":"Running statement: SELECT COUNT(*) FROM demo_user.client_b_load_status\nWHERE status = 'COMPLETE' AND processed = 0, parameters: None","logger":"airflow.task.hooks.airflow.providers.oracle.hooks.oracle.OracleHook","filename":"sql.py","lineno":861}
{"timestamp":"2026-08-03T21:12:36.833172Z","level":"info","event":"Rows affected: 0","logger":"airflow.task.hooks.airflow.providers.oracle.hooks.oracle.OracleHook","filename":"sql.py","lineno":879}
{"timestamp":"2026-08-03T21:12:46.869011Z","level":"info","event":"Poking: SELECT COUNT(*) FROM demo_user.client_b_load_status\nWHERE status = 'COMPLETE' AND processed = 0 (with parameters None)","logger":"airflow.task.operators.airflow.providers.common.sql.sensors.sql.SqlSensor","filename":"sql.py","lineno":100}
{"timestamp":"2026-08-03T21:12:46.935537Z","level":"info","event":"Running statement: SELECT COUNT(*) FROM demo_user.client_b_load_status\nWHERE status = 'COMPLETE' AND processed = 0, parameters: None","logger":"airflow.task.hooks.airflow.providers.oracle.hooks.oracle.OracleHook","filename":"sql.py","lineno":861}
{"timestamp":"2026-08-03T21:12:46.936635Z","level":"info","event":"Rows affected: 0","logger":"airflow.task.hooks.airflow.providers.oracle.hooks.oracle.OracleHook","filename":"sql.py","lineno":879}
{"timestamp":"2026-08-03T21:12:56.973301Z","level":"info","event":"Poking: SELECT COUNT(*) FROM demo_user.client_b_load_status\nWHERE status = 'COMPLETE' AND processed = 0 (with parameters None)","logger":"airflow.task.operators.airflow.providers.common.sql.sensors.sql.SqlSensor","filename":"sql.py","lineno":100}
{"timestamp":"2026-08-03T21:12:57.049434Z","level":"info","event":"Running statement: SELECT COUNT(*) FROM demo_user.client_b_load_status\nWHERE status = 'COMPLETE' AND processed = 0, parameters: None","logger":"airflow.task.hooks.airflow.providers.oracle.hooks.oracle.OracleHook","filename":"sql.py","lineno":861}
{"timestamp":"2026-08-03T21:12:57.050968Z","level":"info","event":"Rows affected: 0","logger":"airflow.task.hooks.airflow.providers.oracle.hooks.oracle.OracleHook","filename":"sql.py","lineno":879}
{"timestamp":"2026-08-03T21:13:07.103345Z","level":"info","event":"Poking: SELECT COUNT(*) FROM demo_user.client_b_load_status\nWHERE status = 'COMPLETE' AND processed = 0 (with parameters None)","logger":"airflow.task.operators.airflow.providers.common.sql.sensors.sql.SqlSensor","filename":"sql.py","lineno":100}
{"timestamp":"2026-08-03T21:13:07.167649Z","level":"info","event":"Running statement: SELECT COUNT(*) FROM demo_user.client_b_load_status\nWHERE status = 'COMPLETE' AND processed = 0, parameters: None","logger":"airflow.task.hooks.airflow.providers.oracle.hooks.oracle.OracleHook","filename":"sql.py","lineno":861}
{"timestamp":"2026-08-03T21:13:07.169044Z","level":"info","event":"Rows affected: 0","logger":"airflow.task.hooks.airflow.providers.oracle.hooks.oracle.OracleHook","filename":"sql.py","lineno":879}
{"timestamp":"2026-08-03T21:13:17.208780Z","level":"info","event":"Poking: SELECT COUNT(*) FROM demo_user.client_b_load_status\nWHERE status = 'COMPLETE' AND processed = 0 (with parameters None)","logger":"airflow.task.operators.airflow.providers.common.sql.sensors.sql.SqlSensor","filename":"sql.py","lineno":100}
{"timestamp":"2026-08-03T21:13:17.297688Z","level":"info","event":"Running statement: SELECT COUNT(*) FROM demo_user.client_b_load_status\nWHERE status = 'COMPLETE' AND processed = 0, parameters: None","logger":"airflow.task.hooks.airflow.providers.oracle.hooks.oracle.OracleHook","filename":"sql.py","lineno":861}
{"timestamp":"2026-08-03T21:13:17.299070Z","level":"info","event":"Rows affected: 0","logger":"airflow.task.hooks.airflow.providers.oracle.hooks.oracle.OracleHook","filename":"sql.py","lineno":879}
{"timestamp":"2026-08-03T21:13:27.348405Z","level":"info","event":"Poking: SELECT COUNT(*) FROM demo_user.client_b_load_status\nWHERE status = 'COMPLETE' AND processed = 0 (with parameters None)","logger":"airflow.task.operators.airflow.providers.common.sql.sensors.sql.SqlSensor","filename":"sql.py","lineno":100}
{"timestamp":"2026-08-03T21:13:27.444250Z","level":"info","event":"Running statement: SELECT COUNT(*) FROM demo_user.client_b_load_status\nWHERE status = 'COMPLETE' AND processed = 0, parameters: None","logger":"airflow.task.hooks.airflow.providers.oracle.hooks.oracle.OracleHook","filename":"sql.py","lineno":861}
{"timestamp":"2026-08-03T21:13:27.446142Z","level":"info","event":"Rows affected: 0","logger":"airflow.task.hooks.airflow.providers.oracle.hooks.oracle.OracleHook","filename":"sql.py","lineno":879}
{"timestamp":"2026-08-03T21:13:37.491423Z","level":"info","event":"Poking: SELECT COUNT(*) FROM demo_user.client_b_load_status\nWHERE status = 'COMPLETE' AND processed = 0 (with parameters None)","logger":"airflow.task.operators.airflow.providers.common.sql.sensors.sql.SqlSensor","filename":"sql.py","lineno":100}
{"timestamp":"2026-08-03T21:13:37.558905Z","level":"info","event":"Running statement: SELECT COUNT(*) FROM demo_user.client_b_load_status\nWHERE status = 'COMPLETE' AND processed = 0, parameters: None","logger":"airflow.task.hooks.airflow.providers.oracle.hooks.oracle.OracleHook","filename":"sql.py","lineno":861}
{"timestamp":"2026-08-03T21:13:37.560727Z","level":"info","event":"Rows affected: 0","logger":"airflow.task.hooks.airflow.providers.oracle.hooks.oracle.OracleHook","filename":"sql.py","lineno":879}
{"timestamp":"2026-08-03T21:13:47.606483Z","level":"info","event":"Poking: SELECT COUNT(*) FROM demo_user.client_b_load_status\nWHERE status = 'COMPLETE' AND processed = 0 (with parameters None)","logger":"airflow.task.operators.airflow.providers.common.sql.sensors.sql.SqlSensor","filename":"sql.py","lineno":100}
{"timestamp":"2026-08-03T21:13:47.686671Z","level":"info","event":"Running statement: SELECT COUNT(*) FROM demo_user.client_b_load_status\nWHERE status = 'COMPLETE' AND processed = 0, parameters: None","logger":"airflow.task.hooks.airflow.providers.oracle.hooks.oracle.OracleHook","filename":"sql.py","lineno":861}
{"timestamp":"2026-08-03T21:13:47.688233Z","level":"info","event":"Rows affected: 0","logger":"airflow.task.hooks.airflow.providers.oracle.hooks.oracle.OracleHook","filename":"sql.py","lineno":879}
{"timestamp":"2026-08-03T21:13:57.725066Z","level":"info","event":"Poking: SELECT COUNT(*) FROM demo_user.client_b_load_status\nWHERE status = 'COMPLETE' AND processed = 0 (with parameters None)","logger":"airflow.task.operators.airflow.providers.common.sql.sensors.sql.SqlSensor","filename":"sql.py","lineno":100}
{"timestamp":"2026-08-03T21:13:57.789701Z","level":"info","event":"Running statement: SELECT COUNT(*) FROM demo_user.client_b_load_status\nWHERE status = 'COMPLETE' AND processed = 0, parameters: None","logger":"airflow.task.hooks.airflow.providers.oracle.hooks.oracle.OracleHook","filename":"sql.py","lineno":861}
{"timestamp":"2026-08-03T21:13:57.790869Z","level":"info","event":"Rows affected: 0","logger":"airflow.task.hooks.airflow.providers.oracle.hooks.oracle.OracleHook","filename":"sql.py","lineno":879}
{"timestamp":"2026-08-03T21:14:07.810814Z","level":"error","event":"Task failed with exception","logger":"task","filename":"task_runner.py","lineno":1325,"error_detail":[{"exc_type":"AirflowNotFoundException","exc_value":"The conn_id `client_b_oracle_replica` isn't defined","exc_notes":[],"syntax_error":null,"is_cause":false,"frames":[{"filename":"/home/airflow/.local/lib/python3.13/site-packages/airflow/sdk/execution_time/task_runner.py","lineno":1263,"name":"run"},{"filename":"/home/airflow/.local/lib/python3.13/site-packages/airflow/sdk/execution_time/task_runner.py","lineno":1678,"name":"_execute_task"},{"filename":"/home/airflow/.local/lib/python3.13/site-packages/airflow/sdk/bases/operator.py","lineno":443,"name":"wrapper"},{"filename":"/home/airflow/.local/lib/python3.13/site-packages/airflow/sdk/bases/sensor.py","lineno":225,"name":"execute"},{"filename":"/home/airflow/.local/lib/python3.13/site-packages/airflow/sdk/bases/sensor.py","lineno":205,"name":"execute"},{"filename":"/home/airflow/.local/lib/python3.13/site-packages/airflow/providers/common/sql/sensors/sql.py","lineno":98,"name":"poke"},{"filename":"/home/airflow/.local/lib/python3.13/site-packages/airflow/providers/common/sql/sensors/sql.py","lineno":88,"name":"_get_hook"},{"filename":"/home/airflow/.local/lib/python3.13/site-packages/airflow/sdk/bases/hook.py","lineno":61,"name":"get_connection"},{"filename":"/home/airflow/.local/lib/python3.13/site-packages/airflow/sdk/definitions/connection.py","lineno":250,"name":"get"},{"filename":"/home/airflow/.local/lib/python3.13/site-packages/airflow/sdk/execution_time/context.py","lineno":177,"name":"_get_connection"}],"is_group":false,"exceptions":[]}]}
