{"timestamp":"2026-08-03T21:16:04.740245Z","level":"info","event":"DAG bundles loaded: dags-folder","logger":"airflow.dag_processing.bundles.manager.DagBundlesManager","filename":"manager.py","lineno":209}
{"timestamp":"2026-08-03T21:16:04.747287Z","level":"info","event":"Filling up the DagBag from /opt/airflow/dags/factory.py","logger":"airflow.dag_processing.dagbag.BundleDagBag","filename":"dagbag.py","lineno":469}
{"timestamp":"2026-08-03T21:16:04.944740Z","level":"warning","event":"The `airflow.decorators.dag` attribute is deprecated. Please use `'airflow.sdk.dag'`.","category":"UserWarning","filename":"/opt/airflow/dags/factory.py","lineno":4,"logger":"py.warnings"}
{"timestamp":"2026-08-03T21:16:05.029643Z","level":"warning","event":"Skipping masking for a secret as it's too short (<5 chars)","logger":"airflow.sdk._shared.secrets_masker.secrets_masker","filename":"secrets_masker.py","lineno":577}
{"timestamp":"2026-08-03T21:16:05.101745Z","level":"info","event":"Poking: SELECT COUNT(*) FROM demo_user.client_b_load_status\nWHERE status = 'COMPLETE' AND processed = 0 (with parameters None)","logger":"airflow.task.operators.airflow.providers.common.sql.sensors.sql.SqlSensor","filename":"sql.py","lineno":100}
{"timestamp":"2026-08-03T21:16:05.188985Z","level":"info","event":"Running statement: SELECT COUNT(*) FROM demo_user.client_b_load_status\nWHERE status = 'COMPLETE' AND processed = 0, parameters: None","logger":"airflow.task.hooks.airflow.providers.oracle.hooks.oracle.OracleHook","filename":"sql.py","lineno":861}
{"timestamp":"2026-08-03T21:16:06.060995Z","level":"info","event":"Rows affected: 0","logger":"airflow.task.hooks.airflow.providers.oracle.hooks.oracle.OracleHook","filename":"sql.py","lineno":879}
{"timestamp":"2026-08-03T21:16:16.109045Z","level":"info","event":"Poking: SELECT COUNT(*) FROM demo_user.client_b_load_status\nWHERE status = 'COMPLETE' AND processed = 0 (with parameters None)","logger":"airflow.task.operators.airflow.providers.common.sql.sensors.sql.SqlSensor","filename":"sql.py","lineno":100}
{"timestamp":"2026-08-03T21:16:16.186006Z","level":"info","event":"Running statement: SELECT COUNT(*) FROM demo_user.client_b_load_status\nWHERE status = 'COMPLETE' AND processed = 0, parameters: None","logger":"airflow.task.hooks.airflow.providers.oracle.hooks.oracle.OracleHook","filename":"sql.py","lineno":861}
{"timestamp":"2026-08-03T21:16:16.187380Z","level":"info","event":"Rows affected: 0","logger":"airflow.task.hooks.airflow.providers.oracle.hooks.oracle.OracleHook","filename":"sql.py","lineno":879}
{"timestamp":"2026-08-03T21:16:26.230312Z","level":"info","event":"Poking: SELECT COUNT(*) FROM demo_user.client_b_load_status\nWHERE status = 'COMPLETE' AND processed = 0 (with parameters None)","logger":"airflow.task.operators.airflow.providers.common.sql.sensors.sql.SqlSensor","filename":"sql.py","lineno":100}
{"timestamp":"2026-08-03T21:16:26.309511Z","level":"info","event":"Running statement: SELECT COUNT(*) FROM demo_user.client_b_load_status\nWHERE status = 'COMPLETE' AND processed = 0, parameters: None","logger":"airflow.task.hooks.airflow.providers.oracle.hooks.oracle.OracleHook","filename":"sql.py","lineno":861}
{"timestamp":"2026-08-03T21:16:26.313795Z","level":"info","event":"Rows affected: 0","logger":"airflow.task.hooks.airflow.providers.oracle.hooks.oracle.OracleHook","filename":"sql.py","lineno":879}
{"timestamp":"2026-08-03T21:16:36.343796Z","level":"info","event":"Poking: SELECT COUNT(*) FROM demo_user.client_b_load_status\nWHERE status = 'COMPLETE' AND processed = 0 (with parameters None)","logger":"airflow.task.operators.airflow.providers.common.sql.sensors.sql.SqlSensor","filename":"sql.py","lineno":100}
{"timestamp":"2026-08-03T21:16:36.401502Z","level":"info","event":"Running statement: SELECT COUNT(*) FROM demo_user.client_b_load_status\nWHERE status = 'COMPLETE' AND processed = 0, parameters: None","logger":"airflow.task.hooks.airflow.providers.oracle.hooks.oracle.OracleHook","filename":"sql.py","lineno":861}
{"timestamp":"2026-08-03T21:16:36.402861Z","level":"info","event":"Rows affected: 0","logger":"airflow.task.hooks.airflow.providers.oracle.hooks.oracle.OracleHook","filename":"sql.py","lineno":879}
{"timestamp":"2026-08-03T21:16:46.486635Z","level":"info","event":"Poking: SELECT COUNT(*) FROM demo_user.client_b_load_status\nWHERE status = 'COMPLETE' AND processed = 0 (with parameters None)","logger":"airflow.task.operators.airflow.providers.common.sql.sensors.sql.SqlSensor","filename":"sql.py","lineno":100}
{"timestamp":"2026-08-03T21:16:46.546601Z","level":"info","event":"Running statement: SELECT COUNT(*) FROM demo_user.client_b_load_status\nWHERE status = 'COMPLETE' AND processed = 0, parameters: None","logger":"airflow.task.hooks.airflow.providers.oracle.hooks.oracle.OracleHook","filename":"sql.py","lineno":861}
{"timestamp":"2026-08-03T21:16:46.547861Z","level":"info","event":"Rows affected: 0","logger":"airflow.task.hooks.airflow.providers.oracle.hooks.oracle.OracleHook","filename":"sql.py","lineno":879}
{"timestamp":"2026-08-03T21:16:56.581441Z","level":"info","event":"Poking: SELECT COUNT(*) FROM demo_user.client_b_load_status\nWHERE status = 'COMPLETE' AND processed = 0 (with parameters None)","logger":"airflow.task.operators.airflow.providers.common.sql.sensors.sql.SqlSensor","filename":"sql.py","lineno":100}
{"timestamp":"2026-08-03T21:16:56.642434Z","level":"info","event":"Running statement: SELECT COUNT(*) FROM demo_user.client_b_load_status\nWHERE status = 'COMPLETE' AND processed = 0, parameters: None","logger":"airflow.task.hooks.airflow.providers.oracle.hooks.oracle.OracleHook","filename":"sql.py","lineno":861}
{"timestamp":"2026-08-03T21:16:56.643510Z","level":"info","event":"Rows affected: 0","logger":"airflow.task.hooks.airflow.providers.oracle.hooks.oracle.OracleHook","filename":"sql.py","lineno":879}
{"timestamp":"2026-08-03T21:17:06.684867Z","level":"info","event":"Poking: SELECT COUNT(*) FROM demo_user.client_b_load_status\nWHERE status = 'COMPLETE' AND processed = 0 (with parameters None)","logger":"airflow.task.operators.airflow.providers.common.sql.sensors.sql.SqlSensor","filename":"sql.py","lineno":100}
{"timestamp":"2026-08-03T21:17:06.759061Z","level":"info","event":"Running statement: SELECT COUNT(*) FROM demo_user.client_b_load_status\nWHERE status = 'COMPLETE' AND processed = 0, parameters: None","logger":"airflow.task.hooks.airflow.providers.oracle.hooks.oracle.OracleHook","filename":"sql.py","lineno":861}
{"timestamp":"2026-08-03T21:17:06.760639Z","level":"info","event":"Rows affected: 0","logger":"airflow.task.hooks.airflow.providers.oracle.hooks.oracle.OracleHook","filename":"sql.py","lineno":879}
{"timestamp":"2026-08-03T21:17:16.806603Z","level":"info","event":"Poking: SELECT COUNT(*) FROM demo_user.client_b_load_status\nWHERE status = 'COMPLETE' AND processed = 0 (with parameters None)","logger":"airflow.task.operators.airflow.providers.common.sql.sensors.sql.SqlSensor","filename":"sql.py","lineno":100}
{"timestamp":"2026-08-03T21:17:16.898459Z","level":"info","event":"Running statement: SELECT COUNT(*) FROM demo_user.client_b_load_status\nWHERE status = 'COMPLETE' AND processed = 0, parameters: None","logger":"airflow.task.hooks.airflow.providers.oracle.hooks.oracle.OracleHook","filename":"sql.py","lineno":861}
{"timestamp":"2026-08-03T21:17:16.900479Z","level":"info","event":"Rows affected: 0","logger":"airflow.task.hooks.airflow.providers.oracle.hooks.oracle.OracleHook","filename":"sql.py","lineno":879}
{"timestamp":"2026-08-03T21:17:26.931839Z","level":"info","event":"Poking: SELECT COUNT(*) FROM demo_user.client_b_load_status\nWHERE status = 'COMPLETE' AND processed = 0 (with parameters None)","logger":"airflow.task.operators.airflow.providers.common.sql.sensors.sql.SqlSensor","filename":"sql.py","lineno":100}
{"timestamp":"2026-08-03T21:17:26.986754Z","level":"info","event":"Running statement: SELECT COUNT(*) FROM demo_user.client_b_load_status\nWHERE status = 'COMPLETE' AND processed = 0, parameters: None","logger":"airflow.task.hooks.airflow.providers.oracle.hooks.oracle.OracleHook","filename":"sql.py","lineno":861}
{"timestamp":"2026-08-03T21:17:26.987836Z","level":"info","event":"Rows affected: 0","logger":"airflow.task.hooks.airflow.providers.oracle.hooks.oracle.OracleHook","filename":"sql.py","lineno":879}
{"timestamp":"2026-08-03T21:17:37.027581Z","level":"info","event":"Poking: SELECT COUNT(*) FROM demo_user.client_b_load_status\nWHERE status = 'COMPLETE' AND processed = 0 (with parameters None)","logger":"airflow.task.operators.airflow.providers.common.sql.sensors.sql.SqlSensor","filename":"sql.py","lineno":100}
{"timestamp":"2026-08-03T21:17:37.089369Z","level":"info","event":"Running statement: SELECT COUNT(*) FROM demo_user.client_b_load_status\nWHERE status = 'COMPLETE' AND processed = 0, parameters: None","logger":"airflow.task.hooks.airflow.providers.oracle.hooks.oracle.OracleHook","filename":"sql.py","lineno":861}
{"timestamp":"2026-08-03T21:17:37.090782Z","level":"info","event":"Rows affected: 0","logger":"airflow.task.hooks.airflow.providers.oracle.hooks.oracle.OracleHook","filename":"sql.py","lineno":879}
{"timestamp":"2026-08-03T21:17:47.171204Z","level":"info","event":"Poking: SELECT COUNT(*) FROM demo_user.client_b_load_status\nWHERE status = 'COMPLETE' AND processed = 0 (with parameters None)","logger":"airflow.task.operators.airflow.providers.common.sql.sensors.sql.SqlSensor","filename":"sql.py","lineno":100}
{"timestamp":"2026-08-03T21:17:47.260384Z","level":"info","event":"Running statement: SELECT COUNT(*) FROM demo_user.client_b_load_status\nWHERE status = 'COMPLETE' AND processed = 0, parameters: None","logger":"airflow.task.hooks.airflow.providers.oracle.hooks.oracle.OracleHook","filename":"sql.py","lineno":861}
{"timestamp":"2026-08-03T21:17:47.261645Z","level":"info","event":"Rows affected: 0","logger":"airflow.task.hooks.airflow.providers.oracle.hooks.oracle.OracleHook","filename":"sql.py","lineno":879}
{"timestamp":"2026-08-03T21:17:57.363812Z","level":"info","event":"Poking: SELECT COUNT(*) FROM demo_user.client_b_load_status\nWHERE status = 'COMPLETE' AND processed = 0 (with parameters None)","logger":"airflow.task.operators.airflow.providers.common.sql.sensors.sql.SqlSensor","filename":"sql.py","lineno":100}
{"timestamp":"2026-08-03T21:17:57.501570Z","level":"info","event":"Running statement: SELECT COUNT(*) FROM demo_user.client_b_load_status\nWHERE status = 'COMPLETE' AND processed = 0, parameters: None","logger":"airflow.task.hooks.airflow.providers.oracle.hooks.oracle.OracleHook","filename":"sql.py","lineno":861}
{"timestamp":"2026-08-03T21:17:57.503282Z","level":"info","event":"Rows affected: 0","logger":"airflow.task.hooks.airflow.providers.oracle.hooks.oracle.OracleHook","filename":"sql.py","lineno":879}
{"timestamp":"2026-08-03T21:18:07.549145Z","level":"info","event":"Poking: SELECT COUNT(*) FROM demo_user.client_b_load_status\nWHERE status = 'COMPLETE' AND processed = 0 (with parameters None)","logger":"airflow.task.operators.airflow.providers.common.sql.sensors.sql.SqlSensor","filename":"sql.py","lineno":100}
{"timestamp":"2026-08-03T21:18:07.615791Z","level":"info","event":"Running statement: SELECT COUNT(*) FROM demo_user.client_b_load_status\nWHERE status = 'COMPLETE' AND processed = 0, parameters: None","logger":"airflow.task.hooks.airflow.providers.oracle.hooks.oracle.OracleHook","filename":"sql.py","lineno":861}
{"timestamp":"2026-08-03T21:18:07.618326Z","level":"info","event":"Rows affected: 0","logger":"airflow.task.hooks.airflow.providers.oracle.hooks.oracle.OracleHook","filename":"sql.py","lineno":879}
