{"timestamp":"2026-06-08T13:55:46.423178Z","level":"info","event":"DAG bundles loaded: dags-folder","logger":"airflow.dag_processing.bundles.manager.DagBundlesManager","filename":"manager.py","lineno":209}
{"timestamp":"2026-06-08T13:55:46.428750Z","level":"info","event":"Filling up the DagBag from /opt/airflow/dags/oracle_dlt_dbt_dag.py","logger":"airflow.dag_processing.dagbag.BundleDagBag","filename":"dagbag.py","lineno":469}
{"timestamp":"2026-06-08T13:55:47.285501Z","level":"info","event":"[DBT] Running: dbt run --project-dir /opt/airflow/dbt_project --profiles-dir /opt/airflow/dbt_project --select marts --no-version-check --no-partial-parse","logger":"task.stdout"}
{"timestamp":"2026-06-08T13:55:58.375557Z","level":"info","event":"\u001b[0m13:55:49  Running with dbt=1.11.11","logger":"task.stdout"}
{"timestamp":"2026-06-08T13:55:58.376593Z","level":"info","event":"\u001b[0m13:55:50  Registered adapter: postgres=1.10.0","logger":"task.stdout"}
{"timestamp":"2026-06-08T13:55:58.377637Z","level":"info","event":"\u001b[0m13:55:52  [\u001b[33mWARNING\u001b[0m][MissingArgumentsPropertyInGenericTestDeprecation]: Deprecated","logger":"task.stdout"}
{"timestamp":"2026-06-08T13:55:58.378453Z","level":"info","event":"functionality","logger":"task.stdout"}
{"timestamp":"2026-06-08T13:55:58.379193Z","level":"info","event":"Found top-level arguments to test `accepted_values` defined on 'fct_orders' in","logger":"task.stdout"}
{"timestamp":"2026-06-08T13:55:58.380064Z","level":"info","event":"package 'oracle_warehouse' (models/marts/schema.yml). Arguments to generic tests","logger":"task.stdout"}
{"timestamp":"2026-06-08T13:55:58.380790Z","level":"info","event":"should be nested under the `arguments` property.","logger":"task.stdout"}
{"timestamp":"2026-06-08T13:55:58.381614Z","level":"info","event":"\u001b[0m13:55:53  Found 4 models, 15 data tests, 2 sources, 475 macros","logger":"task.stdout"}
{"timestamp":"2026-06-08T13:55:58.382230Z","level":"info","event":"\u001b[0m13:55:53","logger":"task.stdout"}
{"timestamp":"2026-06-08T13:55:58.382880Z","level":"info","event":"\u001b[0m13:55:53  Concurrency: 4 threads (target='prod')","logger":"task.stdout"}
{"timestamp":"2026-06-08T13:55:58.383500Z","level":"info","event":"\u001b[0m13:55:53","logger":"task.stdout"}
{"timestamp":"2026-06-08T13:55:58.384845Z","level":"info","event":"\u001b[0m13:55:53  1 of 2 START sql incremental model marts_marts.delta_report .................... [RUN]","logger":"task.stdout"}
{"timestamp":"2026-06-08T13:55:58.385921Z","level":"info","event":"\u001b[0m13:55:53  2 of 2 START sql incremental model marts_marts.fct_orders ...................... [RUN]","logger":"task.stdout"}
{"timestamp":"2026-06-08T13:55:58.386717Z","level":"info","event":"\u001b[0m13:55:55  1 of 2 OK created sql incremental model marts_marts.delta_report ............... [\u001b[32mINSERT 0 4\u001b[0m in 2.15s]","logger":"task.stdout"}
{"timestamp":"2026-06-08T13:55:58.387783Z","level":"info","event":"\u001b[0m13:55:56  2 of 2 OK created sql incremental model marts_marts.fct_orders ................. [\u001b[32mINSERT 0 4\u001b[0m in 2.73s]","logger":"task.stdout"}
{"timestamp":"2026-06-08T13:55:58.388814Z","level":"info","event":"\u001b[0m13:55:56","logger":"task.stdout"}
{"timestamp":"2026-06-08T13:55:58.389732Z","level":"info","event":"\u001b[0m13:55:56  Finished running 2 incremental models in 0 hours 0 minutes and 3.48 seconds (3.48s).","logger":"task.stdout"}
{"timestamp":"2026-06-08T13:55:58.390384Z","level":"info","event":"\u001b[0m13:55:56","logger":"task.stdout"}
{"timestamp":"2026-06-08T13:55:58.391982Z","level":"info","event":"\u001b[0m13:55:56  \u001b[32mCompleted successfully\u001b[0m","logger":"task.stdout"}
{"timestamp":"2026-06-08T13:55:58.393211Z","level":"info","event":"\u001b[0m13:55:56","logger":"task.stdout"}
{"timestamp":"2026-06-08T13:55:58.394112Z","level":"info","event":"\u001b[0m13:55:56  Done. PASS=2 WARN=0 ERROR=0 SKIP=0 NO-OP=0 TOTAL=2","logger":"task.stdout"}
{"timestamp":"2026-06-08T13:55:58.394830Z","level":"info","event":"\u001b[0m13:55:56  [\u001b[33mWARNING\u001b[0m][DeprecationsSummary]: Deprecated functionality","logger":"task.stdout"}
{"timestamp":"2026-06-08T13:55:58.395887Z","level":"info","event":"Summary of encountered deprecations:","logger":"task.stdout"}
{"timestamp":"2026-06-08T13:55:58.396516Z","level":"info","event":"- MissingArgumentsPropertyInGenericTestDeprecation: 2 occurrences","logger":"task.stdout"}
{"timestamp":"2026-06-08T13:55:58.397218Z","level":"info","event":"To see all deprecation instances instead of just the first occurrence of each,","logger":"task.stdout"}
{"timestamp":"2026-06-08T13:55:58.397995Z","level":"info","event":"run command again with the `--show-all-deprecations` flag. You may also need to","logger":"task.stdout"}
{"timestamp":"2026-06-08T13:55:58.398645Z","level":"info","event":"run with `--no-partial-parse` as some deprecations are only encountered during","logger":"task.stdout"}
{"timestamp":"2026-06-08T13:55:58.399399Z","level":"info","event":"parsing.","logger":"task.stdout"}
{"timestamp":"2026-06-08T13:55:58.399867Z","level":"info","event":"","logger":"task.stdout"}
{"timestamp":"2026-06-08T13:55:58.375504Z","level":"info","event":"Done. Returned value was: {'selector': 'marts', 'returncode': 0}","logger":"airflow.task.operators.airflow.providers.standard.operators.python.PythonOperator","filename":"python.py","lineno":229}
{"timestamp":"2026-06-08T13:55:58.375820Z","level":"info","event":"Pushing xcom","ti":"RuntimeTaskInstance(id=UUID('019ea773-3a27-72fa-8214-a81cb4a7a80a'), task_id='dbt_build_marts_incremental', dag_id='oracle_dlt_dbt_warehouse', run_id='scheduled__2026-06-08T00:00:00+00:00', try_number=1, dag_version_id=UUID('019e4688-5a96-7d7c-8848-7a7d95bb7aea'), map_index=-1, hostname='airflow_webserver', context_carrier={'traceparent': '00-75a8abd08ddd260b0d508bfa4049758c-70fee3be5a8fde70-01'}, task=<Task(PythonOperator): dbt_build_marts_incremental>, bundle_instance=LocalDagBundle(name=dags-folder), max_tries=0, start_date=datetime.datetime(2026, 6, 8, 13, 55, 46, 366290, tzinfo=datetime.timezone.utc), end_date=None, state=<TaskInstanceState.RUNNING: 'running'>, is_mapped=False, rendered_map_index=None, sentry_integration='')","logger":"task","filename":"task_runner.py","lineno":1724}
