{"timestamp":"2026-06-08T13:55:34.026197Z","level":"info","event":"DAG bundles loaded: dags-folder","logger":"airflow.dag_processing.bundles.manager.DagBundlesManager","filename":"manager.py","lineno":209}
{"timestamp":"2026-06-08T13:55:34.029578Z","level":"info","event":"Filling up the DagBag from /opt/airflow/dags/oracle_dlt_dbt_dag.py","logger":"airflow.dag_processing.dagbag.BundleDagBag","filename":"dagbag.py","lineno":469}
{"timestamp":"2026-06-08T13:55:34.624421Z","level":"info","event":"[DBT] Running: dbt run --project-dir /opt/airflow/dbt_project --profiles-dir /opt/airflow/dbt_project --select staging --no-version-check --no-partial-parse","logger":"task.stdout"}
{"timestamp":"2026-06-08T13:55:45.987384Z","level":"info","event":"\u001b[0m13:55:38  Running with dbt=1.11.11","logger":"task.stdout"}
{"timestamp":"2026-06-08T13:55:45.991726Z","level":"info","event":"\u001b[0m13:55:38  Registered adapter: postgres=1.10.0","logger":"task.stdout"}
{"timestamp":"2026-06-08T13:55:45.992698Z","level":"info","event":"\u001b[0m13:55:41  [\u001b[33mWARNING\u001b[0m][MissingArgumentsPropertyInGenericTestDeprecation]: Deprecated","logger":"task.stdout"}
{"timestamp":"2026-06-08T13:55:45.993550Z","level":"info","event":"functionality","logger":"task.stdout"}
{"timestamp":"2026-06-08T13:55:45.994518Z","level":"info","event":"Found top-level arguments to test `accepted_values` defined on 'fct_orders' in","logger":"task.stdout"}
{"timestamp":"2026-06-08T13:55:45.995547Z","level":"info","event":"package 'oracle_warehouse' (models/marts/schema.yml). Arguments to generic tests","logger":"task.stdout"}
{"timestamp":"2026-06-08T13:55:45.996750Z","level":"info","event":"should be nested under the `arguments` property.","logger":"task.stdout"}
{"timestamp":"2026-06-08T13:55:45.997887Z","level":"info","event":"\u001b[0m13:55:41  Found 4 models, 15 data tests, 2 sources, 475 macros","logger":"task.stdout"}
{"timestamp":"2026-06-08T13:55:45.999424Z","level":"info","event":"\u001b[0m13:55:41","logger":"task.stdout"}
{"timestamp":"2026-06-08T13:55:46.000248Z","level":"info","event":"\u001b[0m13:55:41  Concurrency: 4 threads (target='prod')","logger":"task.stdout"}
{"timestamp":"2026-06-08T13:55:46.001508Z","level":"info","event":"\u001b[0m13:55:41","logger":"task.stdout"}
{"timestamp":"2026-06-08T13:55:46.002507Z","level":"info","event":"\u001b[0m13:55:42  1 of 2 START sql view model marts_marts.stg_customers .......................... [RUN]","logger":"task.stdout"}
{"timestamp":"2026-06-08T13:55:46.003504Z","level":"info","event":"\u001b[0m13:55:42  2 of 2 START sql view model marts_marts.stg_orders ............................. [RUN]","logger":"task.stdout"}
{"timestamp":"2026-06-08T13:55:46.005002Z","level":"info","event":"\u001b[0m13:55:43  1 of 2 OK created sql view model marts_marts.stg_customers ..................... [\u001b[32mCREATE VIEW\u001b[0m in 0.96s]","logger":"task.stdout"}
{"timestamp":"2026-06-08T13:55:46.006418Z","level":"info","event":"\u001b[0m13:55:43  2 of 2 OK created sql view model marts_marts.stg_orders ........................ [\u001b[32mCREATE VIEW\u001b[0m in 0.98s]","logger":"task.stdout"}
{"timestamp":"2026-06-08T13:55:46.007836Z","level":"info","event":"\u001b[0m13:55:43","logger":"task.stdout"}
{"timestamp":"2026-06-08T13:55:46.009101Z","level":"info","event":"\u001b[0m13:55:43  Finished running 2 view models in 0 hours 0 minutes and 1.91 seconds (1.91s).","logger":"task.stdout"}
{"timestamp":"2026-06-08T13:55:46.010251Z","level":"info","event":"\u001b[0m13:55:43","logger":"task.stdout"}
{"timestamp":"2026-06-08T13:55:46.011482Z","level":"info","event":"\u001b[0m13:55:43  \u001b[32mCompleted successfully\u001b[0m","logger":"task.stdout"}
{"timestamp":"2026-06-08T13:55:46.013038Z","level":"info","event":"\u001b[0m13:55:43","logger":"task.stdout"}
{"timestamp":"2026-06-08T13:55:46.014597Z","level":"info","event":"\u001b[0m13:55:43  Done. PASS=2 WARN=0 ERROR=0 SKIP=0 NO-OP=0 TOTAL=2","logger":"task.stdout"}
{"timestamp":"2026-06-08T13:55:46.016134Z","level":"info","event":"\u001b[0m13:55:43  [\u001b[33mWARNING\u001b[0m][DeprecationsSummary]: Deprecated functionality","logger":"task.stdout"}
{"timestamp":"2026-06-08T13:55:46.017823Z","level":"info","event":"Summary of encountered deprecations:","logger":"task.stdout"}
{"timestamp":"2026-06-08T13:55:46.019484Z","level":"info","event":"- MissingArgumentsPropertyInGenericTestDeprecation: 2 occurrences","logger":"task.stdout"}
{"timestamp":"2026-06-08T13:55:46.021054Z","level":"info","event":"To see all deprecation instances instead of just the first occurrence of each,","logger":"task.stdout"}
{"timestamp":"2026-06-08T13:55:46.022066Z","level":"info","event":"run command again with the `--show-all-deprecations` flag. You may also need to","logger":"task.stdout"}
{"timestamp":"2026-06-08T13:55:46.023134Z","level":"info","event":"run with `--no-partial-parse` as some deprecations are only encountered during","logger":"task.stdout"}
{"timestamp":"2026-06-08T13:55:46.024571Z","level":"info","event":"parsing.","logger":"task.stdout"}
{"timestamp":"2026-06-08T13:55:46.025770Z","level":"info","event":"","logger":"task.stdout"}
{"timestamp":"2026-06-08T13:55:45.987242Z","level":"info","event":"Done. Returned value was: {'selector': 'staging', 'returncode': 0}","logger":"airflow.task.operators.airflow.providers.standard.operators.python.PythonOperator","filename":"python.py","lineno":229}
{"timestamp":"2026-06-08T13:55:45.987823Z","level":"info","event":"Pushing xcom","ti":"RuntimeTaskInstance(id=UUID('019ea773-3a26-71e7-948b-b29a79640aa5'), task_id='dbt_build_staging_views', dag_id='oracle_dlt_dbt_warehouse', run_id='scheduled__2026-06-08T00:00:00+00:00', try_number=1, dag_version_id=UUID('019e4688-5a96-7d7c-8848-7a7d95bb7aea'), map_index=-1, hostname='airflow_webserver', context_carrier={'traceparent': '00-75a8abd08ddd260b0d508bfa4049758c-70fee3be5a8fde70-01'}, task=<Task(PythonOperator): dbt_build_staging_views>, bundle_instance=LocalDagBundle(name=dags-folder), max_tries=0, start_date=datetime.datetime(2026, 6, 8, 13, 55, 33, 978678, tzinfo=datetime.timezone.utc), end_date=None, state=<TaskInstanceState.RUNNING: 'running'>, is_mapped=False, rendered_map_index=None, sentry_integration='')","logger":"task","filename":"task_runner.py","lineno":1724}
