{"timestamp":"2026-06-15T11:12:44.025195Z","level":"info","event":"DAG bundles loaded: dags-folder","logger":"airflow.dag_processing.bundles.manager.DagBundlesManager","filename":"manager.py","lineno":209}
{"timestamp":"2026-06-15T11:12:44.029562Z","level":"info","event":"Filling up the DagBag from /opt/airflow/dags/oracle_dlt_dbt_dag.py","logger":"airflow.dag_processing.dagbag.BundleDagBag","filename":"dagbag.py","lineno":469}
{"timestamp":"2026-06-15T11:12:44.764909Z","level":"info","event":"[DBT] Running: dbt run --project-dir /opt/airflow/dbt_project --profiles-dir /opt/airflow/dbt_project --select marts --no-version-check --no-partial-parse","logger":"task.stdout"}
{"timestamp":"2026-06-15T11:13:06.623874Z","level":"info","event":"\u001b[0m11:12:47  Running with dbt=1.11.11","logger":"task.stdout"}
{"timestamp":"2026-06-15T11:13:06.626063Z","level":"info","event":"\u001b[0m11:12:47  Registered adapter: postgres=1.10.0","logger":"task.stdout"}
{"timestamp":"2026-06-15T11:13:06.627945Z","level":"info","event":"\u001b[0m11:12:50  [\u001b[33mWARNING\u001b[0m][MissingArgumentsPropertyInGenericTestDeprecation]: Deprecated","logger":"task.stdout"}
{"timestamp":"2026-06-15T11:13:06.629562Z","level":"info","event":"functionality","logger":"task.stdout"}
{"timestamp":"2026-06-15T11:13:06.631205Z","level":"info","event":"Found top-level arguments to test `accepted_values` defined on 'fct_orders' in","logger":"task.stdout"}
{"timestamp":"2026-06-15T11:13:06.632529Z","level":"info","event":"package 'oracle_warehouse' (models/marts/schema.yml). Arguments to generic tests","logger":"task.stdout"}
{"timestamp":"2026-06-15T11:13:06.633880Z","level":"info","event":"should be nested under the `arguments` property.","logger":"task.stdout"}
{"timestamp":"2026-06-15T11:13:06.635610Z","level":"info","event":"\u001b[0m11:12:51  Found 4 models, 15 data tests, 2 sources, 475 macros","logger":"task.stdout"}
{"timestamp":"2026-06-15T11:13:06.637152Z","level":"info","event":"\u001b[0m11:12:51","logger":"task.stdout"}
{"timestamp":"2026-06-15T11:13:06.638241Z","level":"info","event":"\u001b[0m11:12:51  Concurrency: 4 threads (target='prod')","logger":"task.stdout"}
{"timestamp":"2026-06-15T11:13:06.639739Z","level":"info","event":"\u001b[0m11:12:51","logger":"task.stdout"}
{"timestamp":"2026-06-15T11:13:06.641140Z","level":"info","event":"\u001b[0m11:12:51  1 of 2 START sql incremental model marts_marts.delta_report .................... [RUN]","logger":"task.stdout"}
{"timestamp":"2026-06-15T11:13:06.642352Z","level":"info","event":"\u001b[0m11:12:51  2 of 2 START sql incremental model marts_marts.fct_orders ...................... [RUN]","logger":"task.stdout"}
{"timestamp":"2026-06-15T11:13:06.643639Z","level":"info","event":"\u001b[0m11:12:54  1 of 2 OK created sql incremental model marts_marts.delta_report ............... [\u001b[32mINSERT 0 2\u001b[0m in 2.48s]","logger":"task.stdout"}
{"timestamp":"2026-06-15T11:13:06.645479Z","level":"info","event":"\u001b[0m11:13:02  2 of 2 OK created sql incremental model marts_marts.fct_orders ................. [\u001b[32mINSERT 0 2\u001b[0m in 11.29s]","logger":"task.stdout"}
{"timestamp":"2026-06-15T11:13:06.647093Z","level":"info","event":"\u001b[0m11:13:03","logger":"task.stdout"}
{"timestamp":"2026-06-15T11:13:06.648314Z","level":"info","event":"\u001b[0m11:13:03  Finished running 2 incremental models in 0 hours 0 minutes and 12.03 seconds (12.03s).","logger":"task.stdout"}
{"timestamp":"2026-06-15T11:13:06.649562Z","level":"info","event":"\u001b[0m11:13:03","logger":"task.stdout"}
{"timestamp":"2026-06-15T11:13:06.651127Z","level":"info","event":"\u001b[0m11:13:03  \u001b[32mCompleted successfully\u001b[0m","logger":"task.stdout"}
{"timestamp":"2026-06-15T11:13:06.652909Z","level":"info","event":"\u001b[0m11:13:03","logger":"task.stdout"}
{"timestamp":"2026-06-15T11:13:06.654475Z","level":"info","event":"\u001b[0m11:13:03  Done. PASS=2 WARN=0 ERROR=0 SKIP=0 NO-OP=0 TOTAL=2","logger":"task.stdout"}
{"timestamp":"2026-06-15T11:13:06.655875Z","level":"info","event":"\u001b[0m11:13:03  [\u001b[33mWARNING\u001b[0m][DeprecationsSummary]: Deprecated functionality","logger":"task.stdout"}
{"timestamp":"2026-06-15T11:13:06.657611Z","level":"info","event":"Summary of encountered deprecations:","logger":"task.stdout"}
{"timestamp":"2026-06-15T11:13:06.658883Z","level":"info","event":"- MissingArgumentsPropertyInGenericTestDeprecation: 2 occurrences","logger":"task.stdout"}
{"timestamp":"2026-06-15T11:13:06.660338Z","level":"info","event":"To see all deprecation instances instead of just the first occurrence of each,","logger":"task.stdout"}
{"timestamp":"2026-06-15T11:13:06.661838Z","level":"info","event":"run command again with the `--show-all-deprecations` flag. You may also need to","logger":"task.stdout"}
{"timestamp":"2026-06-15T11:13:06.663133Z","level":"info","event":"run with `--no-partial-parse` as some deprecations are only encountered during","logger":"task.stdout"}
{"timestamp":"2026-06-15T11:13:06.664541Z","level":"info","event":"parsing.","logger":"task.stdout"}
{"timestamp":"2026-06-15T11:13:06.666094Z","level":"info","event":"","logger":"task.stdout"}
{"timestamp":"2026-06-15T11:13:06.624375Z","level":"info","event":"Done. Returned value was: {'selector': 'marts', 'returncode': 0}","logger":"airflow.task.operators.airflow.providers.standard.operators.python.PythonOperator","filename":"python.py","lineno":229}
{"timestamp":"2026-06-15T11:13:06.626029Z","level":"info","event":"Pushing xcom","ti":"RuntimeTaskInstance(id=UUID('019ecaf7-7523-7ff5-9022-4997debdb37b'), task_id='dbt_build_marts_incremental', dag_id='oracle_dlt_dbt_warehouse', run_id='scheduled__2026-06-15T00:00:00+00:00', try_number=2, dag_version_id=UUID('019e4688-5a96-7d7c-8848-7a7d95bb7aea'), map_index=-1, hostname='airflow_webserver', context_carrier={'traceparent': '00-60c27436daec241f0d1b28e3df4261bb-c69337866c8a9efd-01'}, task=<Task(PythonOperator): dbt_build_marts_incremental>, bundle_instance=LocalDagBundle(name=dags-folder), max_tries=1, start_date=datetime.datetime(2026, 6, 15, 11, 12, 43, 967844, tzinfo=datetime.timezone.utc), end_date=None, state=<TaskInstanceState.RUNNING: 'running'>, is_mapped=False, rendered_map_index=None, sentry_integration='')","logger":"task","filename":"task_runner.py","lineno":1724}
