{"timestamp":"2026-06-15T10:50:57.704379Z","level":"info","event":"DAG bundles loaded: dags-folder","logger":"airflow.dag_processing.bundles.manager.DagBundlesManager","filename":"manager.py","lineno":209}
{"timestamp":"2026-06-15T10:50:57.711312Z","level":"info","event":"Filling up the DagBag from /opt/airflow/dags/oracle_dlt_dbt_dag.py","logger":"airflow.dag_processing.dagbag.BundleDagBag","filename":"dagbag.py","lineno":469}
{"timestamp":"2026-06-15T10:50:58.868940Z","level":"info","event":"[DBT] Running: dbt run --project-dir /opt/airflow/dbt_project --profiles-dir /opt/airflow/dbt_project --select staging --no-version-check --no-partial-parse","logger":"task.stdout"}
{"timestamp":"2026-06-15T10:51:12.841349Z","level":"info","event":"\u001b[0m10:51:03  Running with dbt=1.11.11","logger":"task.stdout"}
{"timestamp":"2026-06-15T10:51:12.842875Z","level":"info","event":"\u001b[0m10:51:04  Registered adapter: postgres=1.10.0","logger":"task.stdout"}
{"timestamp":"2026-06-15T10:51:12.844624Z","level":"info","event":"\u001b[0m10:51:07  [\u001b[33mWARNING\u001b[0m][MissingArgumentsPropertyInGenericTestDeprecation]: Deprecated","logger":"task.stdout"}
{"timestamp":"2026-06-15T10:51:12.846194Z","level":"info","event":"functionality","logger":"task.stdout"}
{"timestamp":"2026-06-15T10:51:12.847054Z","level":"info","event":"Found top-level arguments to test `accepted_values` defined on 'fct_orders' in","logger":"task.stdout"}
{"timestamp":"2026-06-15T10:51:12.849754Z","level":"info","event":"package 'oracle_warehouse' (models/marts/schema.yml). Arguments to generic tests","logger":"task.stdout"}
{"timestamp":"2026-06-15T10:51:12.850563Z","level":"info","event":"should be nested under the `arguments` property.","logger":"task.stdout"}
{"timestamp":"2026-06-15T10:51:12.851598Z","level":"info","event":"\u001b[0m10:51:08  Found 4 models, 15 data tests, 2 sources, 475 macros","logger":"task.stdout"}
{"timestamp":"2026-06-15T10:51:12.852530Z","level":"info","event":"\u001b[0m10:51:08","logger":"task.stdout"}
{"timestamp":"2026-06-15T10:51:12.853524Z","level":"info","event":"\u001b[0m10:51:08  Concurrency: 4 threads (target='prod')","logger":"task.stdout"}
{"timestamp":"2026-06-15T10:51:12.855729Z","level":"info","event":"\u001b[0m10:51:08","logger":"task.stdout"}
{"timestamp":"2026-06-15T10:51:12.858062Z","level":"info","event":"\u001b[0m10:51:08  2 of 2 START sql view model marts_marts.stg_orders ............................. [RUN]","logger":"task.stdout"}
{"timestamp":"2026-06-15T10:51:12.859784Z","level":"info","event":"\u001b[0m10:51:08  1 of 2 START sql view model marts_marts.stg_customers .......................... [RUN]","logger":"task.stdout"}
{"timestamp":"2026-06-15T10:51:12.861457Z","level":"info","event":"\u001b[0m10:51:09  2 of 2 OK created sql view model marts_marts.stg_orders ........................ [\u001b[32mCREATE VIEW\u001b[0m in 0.72s]","logger":"task.stdout"}
{"timestamp":"2026-06-15T10:51:12.863644Z","level":"info","event":"\u001b[0m10:51:09  1 of 2 OK created sql view model marts_marts.stg_customers ..................... [\u001b[32mCREATE VIEW\u001b[0m in 0.72s]","logger":"task.stdout"}
{"timestamp":"2026-06-15T10:51:12.865308Z","level":"info","event":"\u001b[0m10:51:09","logger":"task.stdout"}
{"timestamp":"2026-06-15T10:51:12.867620Z","level":"info","event":"\u001b[0m10:51:09  Finished running 2 view models in 0 hours 0 minutes and 1.59 seconds (1.59s).","logger":"task.stdout"}
{"timestamp":"2026-06-15T10:51:12.869163Z","level":"info","event":"\u001b[0m10:51:10","logger":"task.stdout"}
{"timestamp":"2026-06-15T10:51:12.871030Z","level":"info","event":"\u001b[0m10:51:10  \u001b[32mCompleted successfully\u001b[0m","logger":"task.stdout"}
{"timestamp":"2026-06-15T10:51:12.872554Z","level":"info","event":"\u001b[0m10:51:10","logger":"task.stdout"}
{"timestamp":"2026-06-15T10:51:12.874184Z","level":"info","event":"\u001b[0m10:51:10  Done. PASS=2 WARN=0 ERROR=0 SKIP=0 NO-OP=0 TOTAL=2","logger":"task.stdout"}
{"timestamp":"2026-06-15T10:51:12.875294Z","level":"info","event":"\u001b[0m10:51:10  [\u001b[33mWARNING\u001b[0m][DeprecationsSummary]: Deprecated functionality","logger":"task.stdout"}
{"timestamp":"2026-06-15T10:51:12.876519Z","level":"info","event":"Summary of encountered deprecations:","logger":"task.stdout"}
{"timestamp":"2026-06-15T10:51:12.877475Z","level":"info","event":"- MissingArgumentsPropertyInGenericTestDeprecation: 2 occurrences","logger":"task.stdout"}
{"timestamp":"2026-06-15T10:51:12.878561Z","level":"info","event":"To see all deprecation instances instead of just the first occurrence of each,","logger":"task.stdout"}
{"timestamp":"2026-06-15T10:51:12.879618Z","level":"info","event":"run command again with the `--show-all-deprecations` flag. You may also need to","logger":"task.stdout"}
{"timestamp":"2026-06-15T10:51:12.880812Z","level":"info","event":"run with `--no-partial-parse` as some deprecations are only encountered during","logger":"task.stdout"}
{"timestamp":"2026-06-15T10:51:12.882245Z","level":"info","event":"parsing.","logger":"task.stdout"}
{"timestamp":"2026-06-15T10:51:12.884014Z","level":"info","event":"","logger":"task.stdout"}
{"timestamp":"2026-06-15T10:51:12.842127Z","level":"info","event":"Done. Returned value was: {'selector': 'staging', 'returncode': 0}","logger":"airflow.task.operators.airflow.providers.standard.operators.python.PythonOperator","filename":"python.py","lineno":229}
{"timestamp":"2026-06-15T10:51:12.843435Z","level":"info","event":"Pushing xcom","ti":"RuntimeTaskInstance(id=UUID('019eca0e-d155-7eb0-9721-a3ba7a2d4afa'), task_id='dbt_build_staging_views', dag_id='oracle_dlt_dbt_warehouse', run_id='scheduled__2026-06-15T00:00:00+00:00', try_number=1, dag_version_id=UUID('019e4688-5a96-7d7c-8848-7a7d95bb7aea'), map_index=-1, hostname='airflow_webserver', context_carrier={'traceparent': '00-ba6793eda2c30b115c11d2f6008ab6ec-1fbdd404d1f8fe70-01'}, task=<Task(PythonOperator): dbt_build_staging_views>, bundle_instance=LocalDagBundle(name=dags-folder), max_tries=0, start_date=datetime.datetime(2026, 6, 15, 10, 50, 57, 637328, tzinfo=datetime.timezone.utc), end_date=None, state=<TaskInstanceState.RUNNING: 'running'>, is_mapped=False, rendered_map_index=None, sentry_integration='')","logger":"task","filename":"task_runner.py","lineno":1724}
