{"timestamp":"2026-07-08T11:04:12.781462Z","level":"info","event":"DAG bundles loaded: dags-folder","logger":"airflow.dag_processing.bundles.manager.DagBundlesManager","filename":"manager.py","lineno":209}
{"timestamp":"2026-07-08T11:04:12.783738Z","level":"info","event":"Filling up the DagBag from /opt/airflow/dags/factory.py","logger":"airflow.dag_processing.dagbag.BundleDagBag","filename":"dagbag.py","lineno":469}
{"timestamp":"2026-07-08T11:04:12.904402Z","level":"warning","event":"The `airflow.decorators.dag` attribute is deprecated. Please use `'airflow.sdk.dag'`.","category":"UserWarning","filename":"/opt/airflow/dags/factory.py","lineno":4,"logger":"py.warnings"}
{"timestamp":"2026-07-08T11:04:19.979018Z","level":"info","event":"\u001b[0m11:04:14  Running with dbt=1.11.12","logger":"task.stdout"}
{"timestamp":"2026-07-08T11:04:19.979846Z","level":"info","event":"\u001b[0m11:04:14  Registered adapter: postgres=1.10.2","logger":"task.stdout"}
{"timestamp":"2026-07-08T11:04:19.980261Z","level":"info","event":"\u001b[0m11:04:16  Found 5 models, 4 sources, 475 macros","logger":"task.stdout"}
{"timestamp":"2026-07-08T11:04:19.980906Z","level":"info","event":"\u001b[0m11:04:16","logger":"task.stdout"}
{"timestamp":"2026-07-08T11:04:19.981290Z","level":"info","event":"\u001b[0m11:04:16  Concurrency: 4 threads (target='prod')","logger":"task.stdout"}
{"timestamp":"2026-07-08T11:04:19.981578Z","level":"info","event":"\u001b[0m11:04:16","logger":"task.stdout"}
{"timestamp":"2026-07-08T11:04:19.982042Z","level":"info","event":"\u001b[0m11:04:16  1 of 5 START sql view model marts_staging.stg_branches ......................... [RUN]","logger":"task.stdout"}
{"timestamp":"2026-07-08T11:04:19.982361Z","level":"info","event":"\u001b[0m11:04:16  2 of 5 START sql view model marts_staging.stg_customers ........................ [RUN]","logger":"task.stdout"}
{"timestamp":"2026-07-08T11:04:19.982699Z","level":"info","event":"\u001b[0m11:04:16  4 of 5 START sql view model marts_staging.stg_products ......................... [RUN]","logger":"task.stdout"}
{"timestamp":"2026-07-08T11:04:19.983282Z","level":"info","event":"\u001b[0m11:04:16  3 of 5 START sql view model marts_staging.stg_orders ........................... [RUN]","logger":"task.stdout"}
{"timestamp":"2026-07-08T11:04:19.983818Z","level":"info","event":"\u001b[0m11:04:16  2 of 5 OK created sql view model marts_staging.stg_customers ................... [\u001b[32mCREATE VIEW\u001b[0m in 0.30s]","logger":"task.stdout"}
{"timestamp":"2026-07-08T11:04:19.984494Z","level":"info","event":"\u001b[0m11:04:16  4 of 5 OK created sql view model marts_staging.stg_products .................... [\u001b[32mCREATE VIEW\u001b[0m in 0.31s]","logger":"task.stdout"}
{"timestamp":"2026-07-08T11:04:19.985027Z","level":"info","event":"\u001b[0m11:04:16  1 of 5 OK created sql view model marts_staging.stg_branches .................... [\u001b[32mCREATE VIEW\u001b[0m in 0.32s]","logger":"task.stdout"}
{"timestamp":"2026-07-08T11:04:19.985532Z","level":"info","event":"\u001b[0m11:04:16  3 of 5 OK created sql view model marts_staging.stg_orders ...................... [\u001b[32mCREATE VIEW\u001b[0m in 0.32s]","logger":"task.stdout"}
{"timestamp":"2026-07-08T11:04:19.986022Z","level":"info","event":"\u001b[0m11:04:16  5 of 5 START sql incremental model marts_marts.fct_client_b .................... [RUN]","logger":"task.stdout"}
{"timestamp":"2026-07-08T11:04:19.986644Z","level":"info","event":"\u001b[0m11:04:18  5 of 5 OK created sql incremental model marts_marts.fct_client_b ............... [\u001b[32mINSERT 0 0\u001b[0m in 1.89s]","logger":"task.stdout"}
{"timestamp":"2026-07-08T11:04:19.987272Z","level":"info","event":"\u001b[0m11:04:18","logger":"task.stdout"}
{"timestamp":"2026-07-08T11:04:19.987861Z","level":"info","event":"\u001b[0m11:04:18  Finished running 1 incremental model, 4 view models in 0 hours 0 minutes and 2.53 seconds (2.53s).","logger":"task.stdout"}
{"timestamp":"2026-07-08T11:04:19.988338Z","level":"info","event":"\u001b[0m11:04:18","logger":"task.stdout"}
{"timestamp":"2026-07-08T11:04:19.988829Z","level":"info","event":"\u001b[0m11:04:18  \u001b[32mCompleted successfully\u001b[0m","logger":"task.stdout"}
{"timestamp":"2026-07-08T11:04:19.989601Z","level":"info","event":"\u001b[0m11:04:18","logger":"task.stdout"}
{"timestamp":"2026-07-08T11:04:19.990257Z","level":"info","event":"\u001b[0m11:04:18  Done. PASS=5 WARN=0 ERROR=0 SKIP=0 NO-OP=0 TOTAL=5","logger":"task.stdout"}
{"timestamp":"2026-07-08T11:04:19.990947Z","level":"info","event":"","logger":"task.stdout"}
{"timestamp":"2026-07-08T11:04:19.978932Z","level":"info","event":"Done. Returned value was: None","logger":"airflow.task.operators.airflow.providers.standard.operators.python.PythonOperator","filename":"python.py","lineno":229}
