{"timestamp":"2026-05-21T08:12:07.355546Z","level":"info","event":"DAG bundles loaded: dags-folder","logger":"airflow.dag_processing.bundles.manager.DagBundlesManager","filename":"manager.py","lineno":209}
{"timestamp":"2026-05-21T08:12:07.358388Z","level":"info","event":"Filling up the DagBag from /opt/airflow/dags/oracle_dlt_dbt_dag.py","logger":"airflow.dag_processing.dagbag.BundleDagBag","filename":"dagbag.py","lineno":469}
{"timestamp":"2026-05-21T08:12:07.725729Z","level":"info","event":"[DBT] Running: dbt run --project-dir /opt/airflow/dbt_project --profiles-dir /opt/airflow/dbt_project --select marts --no-version-check --no-partial-parse","logger":"task.stdout"}
{"timestamp":"2026-05-21T08:12:35.760644Z","level":"info","event":"\u001b[0m08:12:09  Running with dbt=1.11.11","logger":"task.stdout"}
{"timestamp":"2026-05-21T08:12:35.761765Z","level":"info","event":"\u001b[0m08:12:09  Registered adapter: postgres=1.10.0","logger":"task.stdout"}
{"timestamp":"2026-05-21T08:12:35.762772Z","level":"info","event":"\u001b[0m08:12:10  [\u001b[33mWARNING\u001b[0m][MissingArgumentsPropertyInGenericTestDeprecation]: Deprecated","logger":"task.stdout"}
{"timestamp":"2026-05-21T08:12:35.763341Z","level":"info","event":"functionality","logger":"task.stdout"}
{"timestamp":"2026-05-21T08:12:35.764025Z","level":"info","event":"Found top-level arguments to test `accepted_values` defined on 'fct_orders' in","logger":"task.stdout"}
{"timestamp":"2026-05-21T08:12:35.764746Z","level":"info","event":"package 'oracle_warehouse' (models/marts/schema.yml). Arguments to generic tests","logger":"task.stdout"}
{"timestamp":"2026-05-21T08:12:35.765111Z","level":"info","event":"should be nested under the `arguments` property.","logger":"task.stdout"}
{"timestamp":"2026-05-21T08:12:35.766261Z","level":"info","event":"\u001b[0m08:12:10  Found 4 models, 15 data tests, 2 sources, 475 macros","logger":"task.stdout"}
{"timestamp":"2026-05-21T08:12:35.766701Z","level":"info","event":"\u001b[0m08:12:10","logger":"task.stdout"}
{"timestamp":"2026-05-21T08:12:35.767007Z","level":"info","event":"\u001b[0m08:12:10  Concurrency: 4 threads (target='prod')","logger":"task.stdout"}
{"timestamp":"2026-05-21T08:12:35.768366Z","level":"info","event":"\u001b[0m08:12:10","logger":"task.stdout"}
{"timestamp":"2026-05-21T08:12:35.768651Z","level":"info","event":"\u001b[0m08:12:11  1 of 2 START sql incremental model marts_marts.delta_report .................... [RUN]","logger":"task.stdout"}
{"timestamp":"2026-05-21T08:12:35.768978Z","level":"info","event":"\u001b[0m08:12:11  2 of 2 START sql incremental model marts_marts.fct_orders ...................... [RUN]","logger":"task.stdout"}
{"timestamp":"2026-05-21T08:12:35.769406Z","level":"info","event":"\u001b[0m08:12:17  1 of 2 OK created sql incremental model marts_marts.delta_report ............... [\u001b[32mINSERT 0 999898\u001b[0m in 5.99s]","logger":"task.stdout"}
{"timestamp":"2026-05-21T08:12:35.769794Z","level":"info","event":"\u001b[0m08:12:34  2 of 2 OK created sql incremental model marts_marts.fct_orders ................. [\u001b[32mINSERT 0 999898\u001b[0m in 22.79s]","logger":"task.stdout"}
{"timestamp":"2026-05-21T08:12:35.770931Z","level":"info","event":"\u001b[0m08:12:34","logger":"task.stdout"}
{"timestamp":"2026-05-21T08:12:35.771461Z","level":"info","event":"\u001b[0m08:12:34  Finished running 2 incremental models in 0 hours 0 minutes and 23.56 seconds (23.56s).","logger":"task.stdout"}
{"timestamp":"2026-05-21T08:12:35.771872Z","level":"info","event":"\u001b[0m08:12:34","logger":"task.stdout"}
{"timestamp":"2026-05-21T08:12:35.772280Z","level":"info","event":"\u001b[0m08:12:34  \u001b[32mCompleted successfully\u001b[0m","logger":"task.stdout"}
{"timestamp":"2026-05-21T08:12:35.772684Z","level":"info","event":"\u001b[0m08:12:34","logger":"task.stdout"}
{"timestamp":"2026-05-21T08:12:35.773098Z","level":"info","event":"\u001b[0m08:12:34  Done. PASS=2 WARN=0 ERROR=0 SKIP=0 NO-OP=0 TOTAL=2","logger":"task.stdout"}
{"timestamp":"2026-05-21T08:12:35.773499Z","level":"info","event":"\u001b[0m08:12:34  [\u001b[33mWARNING\u001b[0m][DeprecationsSummary]: Deprecated functionality","logger":"task.stdout"}
{"timestamp":"2026-05-21T08:12:35.774215Z","level":"info","event":"Summary of encountered deprecations:","logger":"task.stdout"}
{"timestamp":"2026-05-21T08:12:35.774757Z","level":"info","event":"- MissingArgumentsPropertyInGenericTestDeprecation: 2 occurrences","logger":"task.stdout"}
{"timestamp":"2026-05-21T08:12:35.775951Z","level":"info","event":"To see all deprecation instances instead of just the first occurrence of each,","logger":"task.stdout"}
{"timestamp":"2026-05-21T08:12:35.776425Z","level":"info","event":"run command again with the `--show-all-deprecations` flag. You may also need to","logger":"task.stdout"}
{"timestamp":"2026-05-21T08:12:35.776940Z","level":"info","event":"run with `--no-partial-parse` as some deprecations are only encountered during","logger":"task.stdout"}
{"timestamp":"2026-05-21T08:12:35.777348Z","level":"info","event":"parsing.","logger":"task.stdout"}
{"timestamp":"2026-05-21T08:12:35.777764Z","level":"info","event":"","logger":"task.stdout"}
{"timestamp":"2026-05-21T08:12:35.760717Z","level":"info","event":"Done. Returned value was: {'selector': 'marts', 'returncode': 0}","logger":"airflow.task.operators.airflow.providers.standard.operators.python.PythonOperator","filename":"python.py","lineno":229}
{"timestamp":"2026-05-21T08:12:35.761143Z","level":"info","event":"Pushing xcom","ti":"RuntimeTaskInstance(id=UUID('019e4994-fcbb-72bb-af5c-620936aac1ef'), task_id='dbt_build_marts_incremental', dag_id='oracle_dlt_dbt_warehouse', run_id='scheduled__2026-05-21T00:00:00+00:00', try_number=1, dag_version_id=UUID('019e4688-5a96-7d7c-8848-7a7d95bb7aea'), map_index=-1, hostname='airflow_webserver', context_carrier={'traceparent': '00-402e74339e28848ab6b5370359af4b10-2c0131a2389ba294-01'}, task=<Task(PythonOperator): dbt_build_marts_incremental>, bundle_instance=LocalDagBundle(name=dags-folder), max_tries=0, start_date=datetime.datetime(2026, 5, 21, 8, 12, 7, 318432, tzinfo=datetime.timezone.utc), end_date=None, state=<TaskInstanceState.RUNNING: 'running'>, is_mapped=False, rendered_map_index=None, sentry_integration='')","logger":"task","filename":"task_runner.py","lineno":1724}
